sample_data_full.csv
ITEM,DATE,UNITS,PRICE
PL ANTSPTC SPG MNT MTHWS 500 ML (1111038080),1/14/2009,9,2.59
PL ANTSPTC SPG MNT MTHWS 500 ML (1111038080),1/21/2009,85,0.98
PL ANTSPTC SPG MNT MTHWS 500 ML (1111038080),1/28/2009,33,0.99
PL ANTSPTC SPG MNT MTHWS 500 ML (1111038080),2/4/2009,40,0.99
PL ANTSPTC SPG MNT MTHWS 500 ML (1111038080),2/11/2009,43,0.99
PL ANTSPTC SPG MNT MTHWS 500 ML (1111038080),2/18/2009,7,2.35
PL ANTSPTC SPG MNT MTHWS 500 ML (1111038080),2/25/2009,2,2.55
PL ANTSPTC SPG MNT MTHWS 500 ML (1111038080),3/4/2009,4,2.59
PL ANTSPTC SPG MNT MTHWS 500 ML (1111038080),3/11/2009,11,2.54
PL ANTSPTC SPG MNT MTHWS 500 ML (1111038080),3/18/2009,7,2.59
PL ANTSPTC SPG MNT MTHWS 500 ML (1111038080),3/25/2009,5,2.54
PL ANTSPTC SPG MNT MTHWS 500 ML (1111038080),4/1/2009,9,2.59
PL ANTSPTC SPG MNT MTHWS 500 ML (1111038080),4/8/2009,4,2.53
PL ANTSPTC SPG MNT MTHWS 500 ML (1111038080),4/15/2009,9,2.59
PL ANTSPTC SPG MNT MTHWS 500 ML (1111038080),4/22/2009,38,0.99
PL ANTSPTC SPG MNT MTHWS 500 ML (1111038080),4/29/2009,38,1
PL ANTSPTC SPG MNT MTHWS 500 ML (1111038080),5/6/2009,31,1.05
PL ANTSPTC SPG MNT MTHWS 500 ML (1111038080),5/13/2009,42,0.99
PL ANTSPTC SPG MNT MTHWS 500 ML (1111038080),5/20/2009,9,2.21
PL ANTSPTC SPG MNT MTHWS 500 ML (1111038080),5/27/2009,6,2.59
PL ANTSPTC SPG MNT MTHWS 500 ML (1111038080),6/3/2009,13,1.77
PL ANTSPTC SPG MNT MTHWS 500 ML (1111038080),6/10/2009,16,1.58
PL ANTSPTC SPG MNT MTHWS 500 ML (1111038080),6/17/2009,22,1.5
PL ANTSPTC SPG MNT MTHWS 500 ML (1111038080),6/24/2009,14,1.57
PL ANTSPTC SPG MNT MTHWS 500 ML (1111038080),7/1/2009,11,1.57
PL ANTSPTC SPG MNT MTHWS 500 ML (1111038080),7/8/2009,9,1.54
PL ANTSPTC SPG MNT MTHWS 500 ML (1111038080),7/15/2009,13,1.57
PL ANTSPTC SPG MNT MTHWS 500 ML (1111038080),7/22/2009,9,1.53
PL ANTSPTC SPG MNT MTHWS 500 ML (1111038080),7/29/2009,14,1.58
PL ANTSPTC SPG MNT MTHWS 500 ML (1111038080),8/5/2009,10,1.55
PL ANTSPTC SPG MNT MTHWS 500 ML (1111038080),8/12/2009,10,1.58
PL ANTSPTC SPG MNT MTHWS 500 ML (1111038080),8/19/2009,12,1.57
PL ANTSPTC SPG MNT MTHWS 500 ML (1111038080),8/26/2009,7,1.56
PL ANTSPTC SPG MNT MTHWS 500 ML (1111038080),9/2/2009,15,1.58
PL ANTSPTC SPG MNT MTHWS 500 ML (1111038080),9/9/2009,15,1.58
PL ANTSPTC SPG MNT MTHWS 500 ML (1111038080),9/16/2009,19,1.55
PL ANTSPTC SPG MNT MTHWS 500 ML (1111038080),9/23/2009,9,1.56
PL ANTSPTC SPG MNT MTHWS 500 ML (1111038080),9/30/2009,14,1.58
PL ANTSPTC SPG MNT MTHWS 500 ML (1111038080),10/7/2009,13,1.57
PL ANTSPTC SPG MNT MTHWS 500 ML (1111038080),10/14/2009,14,1.52
PL ANTSPTC SPG MNT MTHWS 500 ML (1111038080),10/21/2009,12,1.57
PL ANTSPTC SPG MNT MTHWS 500 ML (1111038080),10/28/2009,18,1.58
PL ANTSPTC SPG MNT MTHWS 500 ML (1111038080),11/4/2009,6,1.58
PL ANTSPTC SPG MNT MTHWS 500 ML (1111038080),11/11/2009,14,1.57
PL ANTSPTC SPG MNT MTHWS 500 ML (1111038080),11/18/2009,14,1.57
PL ANTSPTC SPG MNT MTHWS 500 ML (1111038080),11/25/2009,5,1.58
PL ANTSPTC SPG MNT MTHWS 500 ML (1111038080),12/2/2009,8,1.58
PL ANTSPTC SPG MNT MTHWS 500 ML (1111038080),12/9/2009,11,1.57
PL ANTSPTC SPG MNT MTHWS 500 ML (1111038080),12/16/2009,17,1.55
PL ANTSPTC SPG MNT MTHWS 500 ML (1111038080),12/23/2009,8,1.58
PL ANTSPTC SPG MNT MTHWS 500 ML (1111038080),12/30/2009,13,1.57
PL ANTSPTC SPG MNT MTHWS 500 ML (1111038080),1/6/2010,15,1.58
PL ANTSPTC SPG MNT MTHWS 500 ML (1111038080),1/13/2010,13,1.58
PL ANTSPTC SPG MNT MTHWS 500 ML (1111038080),1/20/2010,13,1.57
PL ANTSPTC SPG MNT MTHWS 500 ML (1111038080),1/27/2010,16,1.58
PL ANTSPTC SPG MNT MTHWS 500 ML (1111038080),2/3/2010,12,1.57
PL ANTSPTC SPG MNT MTHWS 500 ML (1111038080),2/10/2010,18,1.56
PL ANTSPTC SPG MNT MTHWS 500 ML (1111038080),2/17/2010,10,1.58
PL ANTSPTC SPG MNT MTHWS 500 ML (1111038080),2/24/2010,23,1.58
PL ANTSPTC SPG MNT MTHWS 500 ML (1111038080),3/3/2010,13,1.58
PL ANTSPTC SPG MNT MTHWS 500 ML (1111038080),3/10/2010,6,1.58
PL ANTSPTC SPG MNT MTHWS 500 ML (1111038080),3/17/2010,5,1.57
PL ANTSPTC SPG MNT MTHWS 500 ML (1111038080),3/24/2010,12,1.57
PL ANTSPTC SPG MNT MTHWS 500 ML (1111038080),3/31/2010,19,1.52
PL ANTSPTC SPG MNT MTHWS 500 ML (1111038080),4/7/2010,8,1.58
PL ANTSPTC SPG MNT MTHWS 500 ML (1111038080),4/14/2010,18,1.58
PL ANTSPTC SPG MNT MTHWS 500 ML (1111038080),4/21/2010,14,1.57
PL ANTSPTC SPG MNT MTHWS 500 ML (1111038080),4/28/2010,55,1
PL ANTSPTC SPG MNT MTHWS 500 ML (1111038080),5/5/2010,18,0.99
PL ANTSPTC SPG MNT MTHWS 500 ML (1111038080),5/12/2010,32,0.99
PL ANTSPTC SPG MNT MTHWS 500 ML (1111038080),5/19/2010,27,0.98
PL ANTSPTC SPG MNT MTHWS 500 ML (1111038080),5/26/2010,12,1.58
PL ANTSPTC SPG MNT MTHWS 500 ML (1111038080),6/2/2010,6,1.55
PL ANTSPTC SPG MNT MTHWS 500 ML (1111038080),6/9/2010,11,1.55
PL ANTSPTC SPG MNT MTHWS 500 ML (1111038080),6/16/2010,16,1.56
PL ANTSPTC SPG MNT MTHWS 500 ML (1111038080),6/23/2010,12,1.57
PL ANTSPTC SPG MNT MTHWS 500 ML (1111038080),6/30/2010,20,1
PL ANTSPTC SPG MNT MTHWS 500 ML (1111038080),7/7/2010,12,0.98
PL ANTSPTC SPG MNT MTHWS 500 ML (1111038080),7/14/2010,26,0.99
PL ANTSPTC SPG MNT MTHWS 500 ML (1111038080),7/21/2010,29,0.99
PL ANTSPTC SPG MNT MTHWS 500 ML (1111038080),7/28/2010,17,1.58
PL ANTSPTC SPG MNT MTHWS 500 ML (1111038080),8/4/2010,11,1.58
PL ANTSPTC SPG MNT MTHWS 500 ML (1111038080),8/11/2010,12,1.55
PL ANTSPTC SPG MNT MTHWS 500 ML (1111038080),8/18/2010,10,1.56
PL ANTSPTC SPG MNT MTHWS 500 ML (1111038080),8/25/2010,44,1.01
PL ANTSPTC SPG MNT MTHWS 500 ML (1111038080),9/1/2010,15,0.98
PL ANTSPTC SPG MNT MTHWS 500 ML (1111038080),9/8/2010,14,0.99
PL ANTSPTC SPG MNT MTHWS 500 ML (1111038080),9/15/2010,15,1
PL ANTSPTC SPG MNT MTHWS 500 ML (1111038080),9/22/2010,20,0.99
PL ANTSPTC SPG MNT MTHWS 500 ML (1111038080),9/29/2010,7,1.58
PL ANTSPTC SPG MNT MTHWS 500 ML (1111038080),10/6/2010,9,1.58
PL ANTSPTC SPG MNT MTHWS 500 ML (1111038080),10/13/2010,8,1.54
PL ANTSPTC SPG MNT MTHWS 500 ML (1111038080),10/20/2010,18,1.54
PL ANTSPTC SPG MNT MTHWS 500 ML (1111038080),10/27/2010,15,1.58
PL ANTSPTC SPG MNT MTHWS 500 ML (1111038080),11/3/2010,16,1.58
PL ANTSPTC SPG MNT MTHWS 500 ML (1111038080),11/10/2010,7,1.58
PL ANTSPTC SPG MNT MTHWS 500 ML (1111038080),11/17/2010,13,1.58
PL ANTSPTC SPG MNT MTHWS 500 ML (1111038080),11/24/2010,9,1.56
PL ANTSPTC SPG MNT MTHWS 500 ML (1111038080),12/1/2010,5,1.58
PL ANTSPTC SPG MNT MTHWS 500 ML (1111038080),12/8/2010,15,0.97
PL ANTSPTC SPG MNT MTHWS 500 ML (1111038080),12/15/2010,10,1
PL ANTSPTC SPG MNT MTHWS 500 ML (1111038080),12/22/2010,14,1
PL ANTSPTC SPG MNT MTHWS 500 ML (1111038080),1/5/2011,4,0.99
PL ANTSPTC SPG MNT MTHWS 500 ML (1111038080),1/12/2011,12,0.99
PL ANTSPTC SPG MNT MTHWS 500 ML (1111038080),1/19/2011,5,1.58
PL ANTSPTC SPG MNT MTHWS 500 ML (1111038080),1/26/2011,10,1.56
PL ANTSPTC SPG MNT MTHWS 500 ML (1111038080),2/2/2011,11,1.57
PL ANTSPTC SPG MNT MTHWS 500 ML (1111038080),2/9/2011,7,1.58
PL ANTSPTC SPG MNT MTHWS 500 ML (1111038080),2/16/2011,6,1.55
PL ANTSPTC SPG MNT MTHWS 500 ML (1111038080),2/23/2011,10,1.56
PL ANTSPTC SPG MNT MTHWS 500 ML (1111038080),3/2/2011,10,1.58
PL ANTSPTC SPG MNT MTHWS 500 ML (1111038080),3/9/2011,16,1.58
PL ANTSPTC SPG MNT MTHWS 500 ML (1111038080),3/16/2011,7,1.58
PL ANTSPTC SPG MNT MTHWS 500 ML (1111038080),3/23/2011,6,1.58
PL ANTSPTC SPG MNT MTHWS 500 ML (1111038080),3/30/2011,9,1.56
PL ANTSPTC SPG MNT MTHWS 500 ML (1111038080),4/6/2011,7,1.58
PL ANTSPTC SPG MNT MTHWS 500 ML (1111038080),4/13/2011,12,1.57
PL ANTSPTC SPG MNT MTHWS 500 ML (1111038080),4/20/2011,6,1.58
PL ANTSPTC SPG MNT MTHWS 500 ML (1111038080),4/27/2011,7,1.53
PL ANTSPTC SPG MNT MTHWS 500 ML (1111038080),5/4/2011,36,0.98
PL ANTSPTC SPG MNT MTHWS 500 ML (1111038080),5/11/2011,25,0.98
PL ANTSPTC SPG MNT MTHWS 500 ML (1111038080),5/18/2011,8,1
PL ANTSPTC SPG MNT MTHWS 500 ML (1111038080),5/25/2011,18,0.97
PL ANTSPTC SPG MNT MTHWS 500 ML (1111038080),6/1/2011,7,1.67
PL ANTSPTC SPG MNT MTHWS 500 ML (1111038080),6/8/2011,8,1.69
PL ANTSPTC SPG MNT MTHWS 500 ML (1111038080),6/15/2011,10,1.69
PL ANTSPTC SPG MNT MTHWS 500 ML (1111038080),6/22/2011,10,1.64
PL ANTSPTC SPG MNT MTHWS 500 ML (1111038080),6/29/2011,5,1.69
PL ANTSPTC SPG MNT MTHWS 500 ML (1111038080),7/6/2011,8,1.69
PL ANTSPTC SPG MNT MTHWS 500 ML (1111038080),7/13/2011,12,1.69
PL ANTSPTC SPG MNT MTHWS 500 ML (1111038080),7/20/2011,7,1.67
PL ANTSPTC SPG MNT MTHWS 500 ML (1111038080),7/27/2011,11,1.67
PL ANTSPTC SPG MNT MTHWS 500 ML (1111038080),8/3/2011,41,0.98
PL ANTSPTC SPG MNT MTHWS 500 ML (1111038080),8/10/2011,17,0.99
PL ANTSPTC SPG MNT MTHWS 500 ML (1111038080),8/17/2011,18,1.03
PL ANTSPTC SPG MNT MTHWS 500 ML (1111038080),8/24/2011,14,0.99
PL ANTSPTC SPG MNT MTHWS 500 ML (1111038080),8/31/2011,28,1
PL ANTSPTC SPG MNT MTHWS 500 ML (1111038080),9/7/2011,7,0.97
PL ANTSPTC SPG MNT MTHWS 500 ML (1111038080),9/14/2011,13,0.99
PL ANTSPTC SPG MNT MTHWS 500 ML (1111038080),9/21/2011,11,1.69
PL ANTSPTC SPG MNT MTHWS 500 ML (1111038080),9/28/2011,2,1.69
PL ANTSPTC SPG MNT MTHWS 500 ML (1111038080),10/5/2011,8,1.67
PL ANTSPTC SPG MNT MTHWS 500 ML (1111038080),10/12/2011,8,1.69
PL ANTSPTC SPG MNT MTHWS 500 ML (1111038080),10/19/2011,7,1.69
PL ANTSPTC SPG MNT MTHWS 500 ML (1111038080),10/26/2011,9,1.67
PL ANTSPTC SPG MNT MTHWS 500 ML (1111038080),11/2/2011,15,0.99
PL ANTSPTC SPG MNT MTHWS 500 ML (1111038080),11/9/2011,5,1.03
PL ANTSPTC SPG MNT MTHWS 500 ML (1111038080),11/16/2011,9,1
PL ANTSPTC SPG MNT MTHWS 500 ML (1111038080),11/23/2011,6,0.97
PL ANTSPTC SPG MNT MTHWS 500 ML (1111038080),11/30/2011,17,0.99
PL ANTSPTC SPG MNT MTHWS 500 ML (1111038080),12/7/2011,14,1
PL ANTSPTC SPG MNT MTHWS 500 ML (1111038080),12/14/2011,9,1.69
PL ANTSPTC SPG MNT MTHWS 500 ML (1111038080),12/21/2011,10,1.67
PL ANTSPTC SPG MNT MTHWS 500 ML (1111038080),12/28/2011,5,1.62
PL ANTSPTC SPG MNT MTHWS 500 ML (1111038080),1/4/2012,7,1.69
