sample_data_full.csv
ITEM,DATE,UNITS,PRICE
PL HONEY NUT TOASTD OATS 12.25 OZ (1111085319),1/14/2009,38,1.88
PL HONEY NUT TOASTD OATS 12.25 OZ (1111085319),1/21/2009,38,1.89
PL HONEY NUT TOASTD OATS 12.25 OZ (1111085319),1/28/2009,52,1.89
PL HONEY NUT TOASTD OATS 12.25 OZ (1111085319),2/4/2009,62,1.87
PL HONEY NUT TOASTD OATS 12.25 OZ (1111085319),2/11/2009,35,1.87
PL HONEY NUT TOASTD OATS 12.25 OZ (1111085319),2/18/2009,61,1.64
PL HONEY NUT TOASTD OATS 12.25 OZ (1111085319),2/25/2009,69,1.63
PL HONEY NUT TOASTD OATS 12.25 OZ (1111085319),3/4/2009,19,1.6
PL HONEY NUT TOASTD OATS 12.25 OZ (1111085319),3/11/2009,77,1.66
PL HONEY NUT TOASTD OATS 12.25 OZ (1111085319),3/18/2009,83,1.64
PL HONEY NUT TOASTD OATS 12.25 OZ (1111085319),3/25/2009,79,1.63
PL HONEY NUT TOASTD OATS 12.25 OZ (1111085319),4/1/2009,65,1.86
PL HONEY NUT TOASTD OATS 12.25 OZ (1111085319),4/8/2009,56,1.86
PL HONEY NUT TOASTD OATS 12.25 OZ (1111085319),4/15/2009,59,1.87
PL HONEY NUT TOASTD OATS 12.25 OZ (1111085319),4/22/2009,65,1.87
PL HONEY NUT TOASTD OATS 12.25 OZ (1111085319),4/29/2009,41,1.89
PL HONEY NUT TOASTD OATS 12.25 OZ (1111085319),5/6/2009,72,1.65
PL HONEY NUT TOASTD OATS 12.25 OZ (1111085319),5/13/2009,66,1.65
PL HONEY NUT TOASTD OATS 12.25 OZ (1111085319),5/20/2009,53,1.59
PL HONEY NUT TOASTD OATS 12.25 OZ (1111085319),5/27/2009,65,1.65
PL HONEY NUT TOASTD OATS 12.25 OZ (1111085319),6/3/2009,63,1.64
PL HONEY NUT TOASTD OATS 12.25 OZ (1111085319),6/10/2009,101,1.61
PL HONEY NUT TOASTD OATS 12.25 OZ (1111085319),6/17/2009,114,1.65
PL HONEY NUT TOASTD OATS 12.25 OZ (1111085319),6/24/2009,54,1.87
PL HONEY NUT TOASTD OATS 12.25 OZ (1111085319),7/1/2009,54,1.86
PL HONEY NUT TOASTD OATS 12.25 OZ (1111085319),7/8/2009,51,1.88
PL HONEY NUT TOASTD OATS 12.25 OZ (1111085319),7/15/2009,40,1.88
PL HONEY NUT TOASTD OATS 12.25 OZ (1111085319),7/22/2009,34,1.86
PL HONEY NUT TOASTD OATS 12.25 OZ (1111085319),7/29/2009,44,1.87
PL HONEY NUT TOASTD OATS 12.25 OZ (1111085319),8/5/2009,64,1.65
PL HONEY NUT TOASTD OATS 12.25 OZ (1111085319),8/12/2009,104,1.65
PL HONEY NUT TOASTD OATS 12.25 OZ (1111085319),8/19/2009,75,1.61
PL HONEY NUT TOASTD OATS 12.25 OZ (1111085319),8/26/2009,110,1.65
PL HONEY NUT TOASTD OATS 12.25 OZ (1111085319),9/2/2009,71,1.63
PL HONEY NUT TOASTD OATS 12.25 OZ (1111085319),9/9/2009,44,1.64
PL HONEY NUT TOASTD OATS 12.25 OZ (1111085319),9/16/2009,69,1.65
PL HONEY NUT TOASTD OATS 12.25 OZ (1111085319),9/23/2009,43,1.88
PL HONEY NUT TOASTD OATS 12.25 OZ (1111085319),9/30/2009,42,1.84
PL HONEY NUT TOASTD OATS 12.25 OZ (1111085319),10/7/2009,37,1.85
PL HONEY NUT TOASTD OATS 12.25 OZ (1111085319),10/14/2009,42,1.87
PL HONEY NUT TOASTD OATS 12.25 OZ (1111085319),10/21/2009,52,1.83
PL HONEY NUT TOASTD OATS 12.25 OZ (1111085319),10/28/2009,57,1.88
PL HONEY NUT TOASTD OATS 12.25 OZ (1111085319),11/4/2009,64,1.85
PL HONEY NUT TOASTD OATS 12.25 OZ (1111085319),11/11/2009,61,1.84
PL HONEY NUT TOASTD OATS 12.25 OZ (1111085319),11/18/2009,58,1.6
PL HONEY NUT TOASTD OATS 12.25 OZ (1111085319),11/25/2009,58,1.62
PL HONEY NUT TOASTD OATS 12.25 OZ (1111085319),12/2/2009,87,1.62
PL HONEY NUT TOASTD OATS 12.25 OZ (1111085319),12/9/2009,57,1.82
PL HONEY NUT TOASTD OATS 12.25 OZ (1111085319),12/16/2009,58,1.88
PL HONEY NUT TOASTD OATS 12.25 OZ (1111085319),12/23/2009,38,1.88
PL HONEY NUT TOASTD OATS 12.25 OZ (1111085319),12/30/2009,32,1.79
PL HONEY NUT TOASTD OATS 12.25 OZ (1111085319),1/6/2010,53,1.85
PL HONEY NUT TOASTD OATS 12.25 OZ (1111085319),1/13/2010,61,1.85
PL HONEY NUT TOASTD OATS 12.25 OZ (1111085319),1/20/2010,66,1.87
PL HONEY NUT TOASTD OATS 12.25 OZ (1111085319),1/27/2010,51,1.88
PL HONEY NUT TOASTD OATS 12.25 OZ (1111085319),2/3/2010,62,1.81
PL HONEY NUT TOASTD OATS 12.25 OZ (1111085319),2/10/2010,106,1.61
PL HONEY NUT TOASTD OATS 12.25 OZ (1111085319),2/17/2010,65,1.62
PL HONEY NUT TOASTD OATS 12.25 OZ (1111085319),2/24/2010,76,1.64
PL HONEY NUT TOASTD OATS 12.25 OZ (1111085319),3/3/2010,68,1.6
PL HONEY NUT TOASTD OATS 12.25 OZ (1111085319),3/10/2010,54,1.62
PL HONEY NUT TOASTD OATS 12.25 OZ (1111085319),3/17/2010,18,1.85
PL HONEY NUT TOASTD OATS 12.25 OZ (1111085319),3/24/2010,40,1.84
PL HONEY NUT TOASTD OATS 12.25 OZ (1111085319),3/31/2010,29,1.84
PL HONEY NUT TOASTD OATS 12.25 OZ (1111085319),4/7/2010,43,1.64
PL HONEY NUT TOASTD OATS 12.25 OZ (1111085319),4/14/2010,70,1.64
PL HONEY NUT TOASTD OATS 12.25 OZ (1111085319),4/21/2010,58,1.65
PL HONEY NUT TOASTD OATS 12.25 OZ (1111085319),4/28/2010,68,1.65
PL HONEY NUT TOASTD OATS 12.25 OZ (1111085319),5/5/2010,63,1.86
PL HONEY NUT TOASTD OATS 12.25 OZ (1111085319),5/12/2010,14,1.87
PL HONEY NUT TOASTD OATS 12.25 OZ (1111085319),5/19/2010,49,1.83
PL HONEY NUT TOASTD OATS 12.25 OZ (1111085319),5/26/2010,37,1.88
PL HONEY NUT TOASTD OATS 12.25 OZ (1111085319),6/2/2010,41,1.85
PL HONEY NUT TOASTD OATS 12.25 OZ (1111085319),6/9/2010,47,1.85
PL HONEY NUT TOASTD OATS 12.25 OZ (1111085319),6/16/2010,53,1.86
PL HONEY NUT TOASTD OATS 12.25 OZ (1111085319),6/23/2010,41,1.88
PL HONEY NUT TOASTD OATS 12.25 OZ (1111085319),6/30/2010,57,1.87
PL HONEY NUT TOASTD OATS 12.25 OZ (1111085319),7/7/2010,51,1.84
PL HONEY NUT TOASTD OATS 12.25 OZ (1111085319),7/14/2010,53,1.84
PL HONEY NUT TOASTD OATS 12.25 OZ (1111085319),7/21/2010,53,1.75
PL HONEY NUT TOASTD OATS 12.25 OZ (1111085319),7/28/2010,44,1.87
PL HONEY NUT TOASTD OATS 12.25 OZ (1111085319),8/4/2010,61,1.86
PL HONEY NUT TOASTD OATS 12.25 OZ (1111085319),8/11/2010,59,1.69
PL HONEY NUT TOASTD OATS 12.25 OZ (1111085319),8/18/2010,62,1.87
PL HONEY NUT TOASTD OATS 12.25 OZ (1111085319),8/25/2010,28,1.88
PL HONEY NUT TOASTD OATS 12.25 OZ (1111085319),9/1/2010,54,1.87
PL HONEY NUT TOASTD OATS 12.25 OZ (1111085319),9/8/2010,42,1.86
PL HONEY NUT TOASTD OATS 12.25 OZ (1111085319),9/15/2010,61,1.68
PL HONEY NUT TOASTD OATS 12.25 OZ (1111085319),9/22/2010,59,1.65
PL HONEY NUT TOASTD OATS 12.25 OZ (1111085319),9/29/2010,49,1.63
PL HONEY NUT TOASTD OATS 12.25 OZ (1111085319),10/6/2010,49,1.65
PL HONEY NUT TOASTD OATS 12.25 OZ (1111085319),10/13/2010,49,1.64
PL HONEY NUT TOASTD OATS 12.25 OZ (1111085319),10/20/2010,64,1.65
PL HONEY NUT TOASTD OATS 12.25 OZ (1111085319),10/27/2010,38,1.65
PL HONEY NUT TOASTD OATS 12.25 OZ (1111085319),11/3/2010,47,1.67
PL HONEY NUT TOASTD OATS 12.25 OZ (1111085319),11/10/2010,58,1.67
PL HONEY NUT TOASTD OATS 12.25 OZ (1111085319),11/17/2010,23,1.66
PL HONEY NUT TOASTD OATS 12.25 OZ (1111085319),11/24/2010,53,1.65
PL HONEY NUT TOASTD OATS 12.25 OZ (1111085319),12/1/2010,53,1.67
PL HONEY NUT TOASTD OATS 12.25 OZ (1111085319),12/8/2010,62,1.65
PL HONEY NUT TOASTD OATS 12.25 OZ (1111085319),12/15/2010,61,1.64
PL HONEY NUT TOASTD OATS 12.25 OZ (1111085319),12/22/2010,35,1.62
PL HONEY NUT TOASTD OATS 12.25 OZ (1111085319),12/29/2010,30,1.64
PL HONEY NUT TOASTD OATS 12.25 OZ (1111085319),1/5/2011,69,1.67
PL HONEY NUT TOASTD OATS 12.25 OZ (1111085319),1/12/2011,81,1.66
PL HONEY NUT TOASTD OATS 12.25 OZ (1111085319),1/19/2011,80,1.64
PL HONEY NUT TOASTD OATS 12.25 OZ (1111085319),1/26/2011,55,1.64
PL HONEY NUT TOASTD OATS 12.25 OZ (1111085319),2/2/2011,59,1.65
PL HONEY NUT TOASTD OATS 12.25 OZ (1111085319),2/9/2011,70,1.83
PL HONEY NUT TOASTD OATS 12.25 OZ (1111085319),2/16/2011,70,1.85
PL HONEY NUT TOASTD OATS 12.25 OZ (1111085319),2/23/2011,66,1.85
PL HONEY NUT TOASTD OATS 12.25 OZ (1111085319),3/2/2011,59,1.85
PL HONEY NUT TOASTD OATS 12.25 OZ (1111085319),3/9/2011,64,1.65
PL HONEY NUT TOASTD OATS 12.25 OZ (1111085319),3/16/2011,52,1.67
PL HONEY NUT TOASTD OATS 12.25 OZ (1111085319),3/23/2011,55,1.64
PL HONEY NUT TOASTD OATS 12.25 OZ (1111085319),3/30/2011,83,1.64
PL HONEY NUT TOASTD OATS 12.25 OZ (1111085319),4/6/2011,74,1.87
PL HONEY NUT TOASTD OATS 12.25 OZ (1111085319),4/13/2011,62,1.86
PL HONEY NUT TOASTD OATS 12.25 OZ (1111085319),4/20/2011,57,1.92
PL HONEY NUT TOASTD OATS 12.25 OZ (1111085319),4/27/2011,51,1.98
PL HONEY NUT TOASTD OATS 12.25 OZ (1111085319),5/4/2011,67,1.98
PL HONEY NUT TOASTD OATS 12.25 OZ (1111085319),5/11/2011,76,1.94
PL HONEY NUT TOASTD OATS 12.25 OZ (1111085319),5/18/2011,25,1.96
PL HONEY NUT TOASTD OATS 12.25 OZ (1111085319),5/25/2011,45,1.97
PL HONEY NUT TOASTD OATS 12.25 OZ (1111085319),6/1/2011,52,1.95
PL HONEY NUT TOASTD OATS 12.25 OZ (1111085319),6/8/2011,42,1.98
PL HONEY NUT TOASTD OATS 12.25 OZ (1111085319),6/15/2011,47,1.98
PL HONEY NUT TOASTD OATS 12.25 OZ (1111085319),6/22/2011,52,1.95
PL HONEY NUT TOASTD OATS 12.25 OZ (1111085319),6/29/2011,65,1.98
PL HONEY NUT TOASTD OATS 12.25 OZ (1111085319),7/6/2011,69,1.98
PL HONEY NUT TOASTD OATS 12.25 OZ (1111085319),7/13/2011,62,1.98
PL HONEY NUT TOASTD OATS 12.25 OZ (1111085319),7/20/2011,79,1.65
PL HONEY NUT TOASTD OATS 12.25 OZ (1111085319),7/27/2011,87,1.61
PL HONEY NUT TOASTD OATS 12.25 OZ (1111085319),8/3/2011,57,1.67
PL HONEY NUT TOASTD OATS 12.25 OZ (1111085319),8/10/2011,49,1.97
PL HONEY NUT TOASTD OATS 12.25 OZ (1111085319),8/17/2011,58,1.97
PL HONEY NUT TOASTD OATS 12.25 OZ (1111085319),8/24/2011,53,1.92
PL HONEY NUT TOASTD OATS 12.25 OZ (1111085319),8/31/2011,45,1.93
PL HONEY NUT TOASTD OATS 12.25 OZ (1111085319),9/7/2011,85,1.89
PL HONEY NUT TOASTD OATS 12.25 OZ (1111085319),9/14/2011,85,1.92
PL HONEY NUT TOASTD OATS 12.25 OZ (1111085319),9/21/2011,67,1.96
PL HONEY NUT TOASTD OATS 12.25 OZ (1111085319),9/28/2011,71,1.95
PL HONEY NUT TOASTD OATS 12.25 OZ (1111085319),10/5/2011,80,1.98
PL HONEY NUT TOASTD OATS 12.25 OZ (1111085319),10/12/2011,57,1.91
PL HONEY NUT TOASTD OATS 12.25 OZ (1111085319),10/19/2011,67,1.94
PL HONEY NUT TOASTD OATS 12.25 OZ (1111085319),10/26/2011,75,1.97
PL HONEY NUT TOASTD OATS 12.25 OZ (1111085319),11/2/2011,57,1.98
PL HONEY NUT TOASTD OATS 12.25 OZ (1111085319),11/9/2011,64,1.94
PL HONEY NUT TOASTD OATS 12.25 OZ (1111085319),11/16/2011,89,1.9
PL HONEY NUT TOASTD OATS 12.25 OZ (1111085319),11/23/2011,62,1.96
PL HONEY NUT TOASTD OATS 12.25 OZ (1111085319),11/30/2011,42,1.92
PL HONEY NUT TOASTD OATS 12.25 OZ (1111085319),12/7/2011,78,1.94
PL HONEY NUT TOASTD OATS 12.25 OZ (1111085319),12/14/2011,94,1.65
PL HONEY NUT TOASTD OATS 12.25 OZ (1111085319),12/21/2011,60,1.61
PL HONEY NUT TOASTD OATS 12.25 OZ (1111085319),12/28/2011,6,1.63
PL HONEY NUT TOASTD OATS 12.25 OZ (1111085319),1/4/2012,13,1.64
