sample_data_full.csv
ITEM,DATE,UNITS,PRICE
PL BT SZ FRSTD SHRD WHT 18 OZ (1111085350),1/14/2009,154,1.97
PL BT SZ FRSTD SHRD WHT 18 OZ (1111085350),1/21/2009,157,1.98
PL BT SZ FRSTD SHRD WHT 18 OZ (1111085350),1/28/2009,174,1.98
PL BT SZ FRSTD SHRD WHT 18 OZ (1111085350),2/4/2009,163,1.99
PL BT SZ FRSTD SHRD WHT 18 OZ (1111085350),2/11/2009,180,1.97
PL BT SZ FRSTD SHRD WHT 18 OZ (1111085350),2/18/2009,121,2.32
PL BT SZ FRSTD SHRD WHT 18 OZ (1111085350),2/25/2009,129,2.3
PL BT SZ FRSTD SHRD WHT 18 OZ (1111085350),3/4/2009,108,2.32
PL BT SZ FRSTD SHRD WHT 18 OZ (1111085350),3/11/2009,115,2.32
PL BT SZ FRSTD SHRD WHT 18 OZ (1111085350),3/18/2009,100,2.32
PL BT SZ FRSTD SHRD WHT 18 OZ (1111085350),3/25/2009,115,2.34
PL BT SZ FRSTD SHRD WHT 18 OZ (1111085350),4/1/2009,161,1.98
PL BT SZ FRSTD SHRD WHT 18 OZ (1111085350),4/8/2009,112,1.99
PL BT SZ FRSTD SHRD WHT 18 OZ (1111085350),4/15/2009,150,1.98
PL BT SZ FRSTD SHRD WHT 18 OZ (1111085350),4/22/2009,135,1.97
PL BT SZ FRSTD SHRD WHT 18 OZ (1111085350),4/29/2009,94,1.97
PL BT SZ FRSTD SHRD WHT 18 OZ (1111085350),5/6/2009,111,1.99
PL BT SZ FRSTD SHRD WHT 18 OZ (1111085350),5/13/2009,117,1.97
PL BT SZ FRSTD SHRD WHT 18 OZ (1111085350),5/20/2009,125,2.32
PL BT SZ FRSTD SHRD WHT 18 OZ (1111085350),5/27/2009,125,2.33
PL BT SZ FRSTD SHRD WHT 18 OZ (1111085350),6/3/2009,138,2.34
PL BT SZ FRSTD SHRD WHT 18 OZ (1111085350),6/10/2009,124,2.35
PL BT SZ FRSTD SHRD WHT 18 OZ (1111085350),6/17/2009,117,2.36
PL BT SZ FRSTD SHRD WHT 18 OZ (1111085350),6/24/2009,161,1.97
PL BT SZ FRSTD SHRD WHT 18 OZ (1111085350),7/1/2009,161,1.97
PL BT SZ FRSTD SHRD WHT 18 OZ (1111085350),7/8/2009,188,1.98
PL BT SZ FRSTD SHRD WHT 18 OZ (1111085350),7/15/2009,176,1.97
PL BT SZ FRSTD SHRD WHT 18 OZ (1111085350),7/22/2009,187,1.96
PL BT SZ FRSTD SHRD WHT 18 OZ (1111085350),7/29/2009,149,1.99
PL BT SZ FRSTD SHRD WHT 18 OZ (1111085350),8/5/2009,90,2.37
PL BT SZ FRSTD SHRD WHT 18 OZ (1111085350),8/12/2009,121,2.37
PL BT SZ FRSTD SHRD WHT 18 OZ (1111085350),8/19/2009,111,2.32
PL BT SZ FRSTD SHRD WHT 18 OZ (1111085350),8/26/2009,130,2.32
PL BT SZ FRSTD SHRD WHT 18 OZ (1111085350),9/2/2009,130,2.3
PL BT SZ FRSTD SHRD WHT 18 OZ (1111085350),9/9/2009,131,2.33
PL BT SZ FRSTD SHRD WHT 18 OZ (1111085350),9/16/2009,110,2.34
PL BT SZ FRSTD SHRD WHT 18 OZ (1111085350),9/23/2009,168,1.98
PL BT SZ FRSTD SHRD WHT 18 OZ (1111085350),9/30/2009,193,1.98
PL BT SZ FRSTD SHRD WHT 18 OZ (1111085350),10/7/2009,213,1.97
PL BT SZ FRSTD SHRD WHT 18 OZ (1111085350),10/14/2009,172,1.96
PL BT SZ FRSTD SHRD WHT 18 OZ (1111085350),10/21/2009,102,2.35
PL BT SZ FRSTD SHRD WHT 18 OZ (1111085350),10/28/2009,80,2.37
PL BT SZ FRSTD SHRD WHT 18 OZ (1111085350),11/4/2009,145,2.38
PL BT SZ FRSTD SHRD WHT 18 OZ (1111085350),11/11/2009,137,2.36
PL BT SZ FRSTD SHRD WHT 18 OZ (1111085350),11/18/2009,150,2.31
PL BT SZ FRSTD SHRD WHT 18 OZ (1111085350),11/25/2009,116,2.31
PL BT SZ FRSTD SHRD WHT 18 OZ (1111085350),12/2/2009,107,2.3
PL BT SZ FRSTD SHRD WHT 18 OZ (1111085350),12/9/2009,157,1.95
PL BT SZ FRSTD SHRD WHT 18 OZ (1111085350),12/16/2009,150,1.97
PL BT SZ FRSTD SHRD WHT 18 OZ (1111085350),12/23/2009,134,1.98
PL BT SZ FRSTD SHRD WHT 18 OZ (1111085350),12/30/2009,43,1.98
PL BT SZ FRSTD SHRD WHT 18 OZ (1111085350),1/6/2010,154,1.95
PL BT SZ FRSTD SHRD WHT 18 OZ (1111085350),1/13/2010,131,1.98
PL BT SZ FRSTD SHRD WHT 18 OZ (1111085350),1/20/2010,71,1.97
PL BT SZ FRSTD SHRD WHT 18 OZ (1111085350),1/27/2010,196,1.98
PL BT SZ FRSTD SHRD WHT 18 OZ (1111085350),2/3/2010,132,2.36
PL BT SZ FRSTD SHRD WHT 18 OZ (1111085350),2/10/2010,167,2.32
PL BT SZ FRSTD SHRD WHT 18 OZ (1111085350),2/17/2010,160,2.28
PL BT SZ FRSTD SHRD WHT 18 OZ (1111085350),2/24/2010,178,2.3
PL BT SZ FRSTD SHRD WHT 18 OZ (1111085350),3/3/2010,136,2.33
PL BT SZ FRSTD SHRD WHT 18 OZ (1111085350),3/10/2010,148,2.34
PL BT SZ FRSTD SHRD WHT 18 OZ (1111085350),3/17/2010,86,1.97
PL BT SZ FRSTD SHRD WHT 18 OZ (1111085350),3/24/2010,192,1.96
PL BT SZ FRSTD SHRD WHT 18 OZ (1111085350),3/31/2010,167,1.96
PL BT SZ FRSTD SHRD WHT 18 OZ (1111085350),4/7/2010,169,1.95
PL BT SZ FRSTD SHRD WHT 18 OZ (1111085350),4/14/2010,215,1.95
PL BT SZ FRSTD SHRD WHT 18 OZ (1111085350),4/21/2010,214,1.95
PL BT SZ FRSTD SHRD WHT 18 OZ (1111085350),4/28/2010,203,1.98
PL BT SZ FRSTD SHRD WHT 18 OZ (1111085350),5/5/2010,194,1.97
PL BT SZ FRSTD SHRD WHT 18 OZ (1111085350),5/12/2010,69,1.93
PL BT SZ FRSTD SHRD WHT 18 OZ (1111085350),5/19/2010,211,1.91
PL BT SZ FRSTD SHRD WHT 18 OZ (1111085350),5/26/2010,234,1.95
PL BT SZ FRSTD SHRD WHT 18 OZ (1111085350),6/2/2010,220,1.95
PL BT SZ FRSTD SHRD WHT 18 OZ (1111085350),6/9/2010,223,1.94
PL BT SZ FRSTD SHRD WHT 18 OZ (1111085350),6/16/2010,204,1.95
PL BT SZ FRSTD SHRD WHT 18 OZ (1111085350),6/23/2010,178,1.96
PL BT SZ FRSTD SHRD WHT 18 OZ (1111085350),6/30/2010,115,2.32
PL BT SZ FRSTD SHRD WHT 18 OZ (1111085350),7/7/2010,118,2.31
PL BT SZ FRSTD SHRD WHT 18 OZ (1111085350),7/14/2010,118,2.3
PL BT SZ FRSTD SHRD WHT 18 OZ (1111085350),7/21/2010,103,2.3
PL BT SZ FRSTD SHRD WHT 18 OZ (1111085350),7/28/2010,133,2.34
PL BT SZ FRSTD SHRD WHT 18 OZ (1111085350),8/4/2010,152,2.35
PL BT SZ FRSTD SHRD WHT 18 OZ (1111085350),8/11/2010,222,1.97
PL BT SZ FRSTD SHRD WHT 18 OZ (1111085350),8/18/2010,152,2.31
PL BT SZ FRSTD SHRD WHT 18 OZ (1111085350),8/25/2010,131,2.34
PL BT SZ FRSTD SHRD WHT 18 OZ (1111085350),9/1/2010,208,1.94
PL BT SZ FRSTD SHRD WHT 18 OZ (1111085350),9/8/2010,178,1.96
PL BT SZ FRSTD SHRD WHT 18 OZ (1111085350),9/15/2010,221,1.92
PL BT SZ FRSTD SHRD WHT 18 OZ (1111085350),9/22/2010,171,1.96
PL BT SZ FRSTD SHRD WHT 18 OZ (1111085350),9/29/2010,120,2.37
PL BT SZ FRSTD SHRD WHT 18 OZ (1111085350),10/6/2010,169,1.95
PL BT SZ FRSTD SHRD WHT 18 OZ (1111085350),10/13/2010,173,1.96
PL BT SZ FRSTD SHRD WHT 18 OZ (1111085350),10/20/2010,212,1.96
PL BT SZ FRSTD SHRD WHT 18 OZ (1111085350),10/27/2010,173,1.93
PL BT SZ FRSTD SHRD WHT 18 OZ (1111085350),11/3/2010,190,1.97
PL BT SZ FRSTD SHRD WHT 18 OZ (1111085350),11/10/2010,161,1.98
PL BT SZ FRSTD SHRD WHT 18 OZ (1111085350),11/17/2010,57,1.93
PL BT SZ FRSTD SHRD WHT 18 OZ (1111085350),11/24/2010,188,1.91
PL BT SZ FRSTD SHRD WHT 18 OZ (1111085350),12/1/2010,153,1.98
PL BT SZ FRSTD SHRD WHT 18 OZ (1111085350),12/8/2010,209,1.95
PL BT SZ FRSTD SHRD WHT 18 OZ (1111085350),12/15/2010,185,1.94
PL BT SZ FRSTD SHRD WHT 18 OZ (1111085350),12/22/2010,172,1.95
PL BT SZ FRSTD SHRD WHT 18 OZ (1111085350),12/29/2010,123,1.94
PL BT SZ FRSTD SHRD WHT 18 OZ (1111085350),1/5/2011,172,1.95
PL BT SZ FRSTD SHRD WHT 18 OZ (1111085350),1/12/2011,181,1.96
PL BT SZ FRSTD SHRD WHT 18 OZ (1111085350),1/19/2011,176,1.96
PL BT SZ FRSTD SHRD WHT 18 OZ (1111085350),1/26/2011,176,1.95
PL BT SZ FRSTD SHRD WHT 18 OZ (1111085350),2/2/2011,170,1.96
PL BT SZ FRSTD SHRD WHT 18 OZ (1111085350),2/9/2011,144,2.39
PL BT SZ FRSTD SHRD WHT 18 OZ (1111085350),2/16/2011,128,2.4
PL BT SZ FRSTD SHRD WHT 18 OZ (1111085350),2/23/2011,112,2.38
PL BT SZ FRSTD SHRD WHT 18 OZ (1111085350),3/2/2011,126,2.43
PL BT SZ FRSTD SHRD WHT 18 OZ (1111085350),3/9/2011,156,2.43
PL BT SZ FRSTD SHRD WHT 18 OZ (1111085350),3/16/2011,151,2.44
PL BT SZ FRSTD SHRD WHT 18 OZ (1111085350),3/23/2011,163,2.44
PL BT SZ FRSTD SHRD WHT 18 OZ (1111085350),3/30/2011,184,2.38
PL BT SZ FRSTD SHRD WHT 18 OZ (1111085350),4/6/2011,220,1.95
PL BT SZ FRSTD SHRD WHT 18 OZ (1111085350),4/13/2011,214,1.97
PL BT SZ FRSTD SHRD WHT 18 OZ (1111085350),4/20/2011,258,1.89
PL BT SZ FRSTD SHRD WHT 18 OZ (1111085350),4/27/2011,217,1.97
PL BT SZ FRSTD SHRD WHT 18 OZ (1111085350),5/4/2011,178,2.4
PL BT SZ FRSTD SHRD WHT 18 OZ (1111085350),5/11/2011,175,2.45
PL BT SZ FRSTD SHRD WHT 18 OZ (1111085350),5/18/2011,169,2.42
PL BT SZ FRSTD SHRD WHT 18 OZ (1111085350),5/25/2011,257,1.95
PL BT SZ FRSTD SHRD WHT 18 OZ (1111085350),6/1/2011,187,1.98
PL BT SZ FRSTD SHRD WHT 18 OZ (1111085350),6/8/2011,230,1.97
PL BT SZ FRSTD SHRD WHT 18 OZ (1111085350),6/15/2011,222,1.96
PL BT SZ FRSTD SHRD WHT 18 OZ (1111085350),6/22/2011,141,2.41
PL BT SZ FRSTD SHRD WHT 18 OZ (1111085350),6/29/2011,104,2.42
PL BT SZ FRSTD SHRD WHT 18 OZ (1111085350),7/6/2011,142,2.45
PL BT SZ FRSTD SHRD WHT 18 OZ (1111085350),7/13/2011,126,2.45
PL BT SZ FRSTD SHRD WHT 18 OZ (1111085350),7/20/2011,118,2.46
PL BT SZ FRSTD SHRD WHT 18 OZ (1111085350),7/27/2011,116,2.48
PL BT SZ FRSTD SHRD WHT 18 OZ (1111085350),8/3/2011,129,2.39
PL BT SZ FRSTD SHRD WHT 18 OZ (1111085350),8/10/2011,47,2.27
PL BT SZ FRSTD SHRD WHT 18 OZ (1111085350),8/17/2011,106,2.34
PL BT SZ FRSTD SHRD WHT 18 OZ (1111085350),8/24/2011,116,2.3
PL BT SZ FRSTD SHRD WHT 18 OZ (1111085350),8/31/2011,125,2.37
PL BT SZ FRSTD SHRD WHT 18 OZ (1111085350),9/7/2011,132,2.38
PL BT SZ FRSTD SHRD WHT 18 OZ (1111085350),9/14/2011,155,2.45
PL BT SZ FRSTD SHRD WHT 18 OZ (1111085350),9/21/2011,140,2.36
PL BT SZ FRSTD SHRD WHT 18 OZ (1111085350),9/28/2011,129,2.39
PL BT SZ FRSTD SHRD WHT 18 OZ (1111085350),10/5/2011,132,2.46
PL BT SZ FRSTD SHRD WHT 18 OZ (1111085350),10/12/2011,149,2.38
PL BT SZ FRSTD SHRD WHT 18 OZ (1111085350),10/19/2011,171,2.38
PL BT SZ FRSTD SHRD WHT 18 OZ (1111085350),10/26/2011,148,2.44
PL BT SZ FRSTD SHRD WHT 18 OZ (1111085350),11/2/2011,142,2.42
PL BT SZ FRSTD SHRD WHT 18 OZ (1111085350),11/9/2011,138,2.45
PL BT SZ FRSTD SHRD WHT 18 OZ (1111085350),11/16/2011,199,1.88
PL BT SZ FRSTD SHRD WHT 18 OZ (1111085350),11/23/2011,185,1.93
PL BT SZ FRSTD SHRD WHT 18 OZ (1111085350),11/30/2011,144,1.92
PL BT SZ FRSTD SHRD WHT 18 OZ (1111085350),12/7/2011,188,1.94
PL BT SZ FRSTD SHRD WHT 18 OZ (1111085350),12/14/2011,147,2.39
PL BT SZ FRSTD SHRD WHT 18 OZ (1111085350),12/21/2011,136,2.39
PL BT SZ FRSTD SHRD WHT 18 OZ (1111085350),12/28/2011,12,2.47
PL BT SZ FRSTD SHRD WHT 18 OZ (1111085350),1/4/2012,41,2.45
