sample_data_full.csv
ITEM,DATE,UNITS,PRICE
PL SR CRUST PEPPRN PIZZA 29.6 OZ (1111087398),1/14/2009,39,3.3
PL SR CRUST PEPPRN PIZZA 29.6 OZ (1111087398),1/21/2009,42,3.34
PL SR CRUST PEPPRN PIZZA 29.6 OZ (1111087398),1/28/2009,37,3.17
PL SR CRUST PEPPRN PIZZA 29.6 OZ (1111087398),2/4/2009,45,3.26
PL SR CRUST PEPPRN PIZZA 29.6 OZ (1111087398),2/11/2009,37,3.43
PL SR CRUST PEPPRN PIZZA 29.6 OZ (1111087398),2/18/2009,15,3.85
PL SR CRUST PEPPRN PIZZA 29.6 OZ (1111087398),2/25/2009,18,4
PL SR CRUST PEPPRN PIZZA 29.6 OZ (1111087398),3/4/2009,14,3.89
PL SR CRUST PEPPRN PIZZA 29.6 OZ (1111087398),3/11/2009,22,3.98
PL SR CRUST PEPPRN PIZZA 29.6 OZ (1111087398),3/18/2009,16,3.98
PL SR CRUST PEPPRN PIZZA 29.6 OZ (1111087398),3/25/2009,23,3.92
PL SR CRUST PEPPRN PIZZA 29.6 OZ (1111087398),4/1/2009,21,3.96
PL SR CRUST PEPPRN PIZZA 29.6 OZ (1111087398),4/8/2009,22,3.95
PL SR CRUST PEPPRN PIZZA 29.6 OZ (1111087398),4/15/2009,26,3.32
PL SR CRUST PEPPRN PIZZA 29.6 OZ (1111087398),4/22/2009,21,3.16
PL SR CRUST PEPPRN PIZZA 29.6 OZ (1111087398),4/29/2009,32,3.4
PL SR CRUST PEPPRN PIZZA 29.6 OZ (1111087398),5/6/2009,35,3.32
PL SR CRUST PEPPRN PIZZA 29.6 OZ (1111087398),5/13/2009,20,3.32
PL SR CRUST PEPPRN PIZZA 29.6 OZ (1111087398),5/20/2009,28,3.9
PL SR CRUST PEPPRN PIZZA 29.6 OZ (1111087398),5/27/2009,16,3.88
PL SR CRUST PEPPRN PIZZA 29.6 OZ (1111087398),6/3/2009,15,3.72
PL SR CRUST PEPPRN PIZZA 29.6 OZ (1111087398),6/10/2009,12,3.86
PL SR CRUST PEPPRN PIZZA 29.6 OZ (1111087398),6/17/2009,16,3.98
PL SR CRUST PEPPRN PIZZA 29.6 OZ (1111087398),6/24/2009,13,3.97
PL SR CRUST PEPPRN PIZZA 29.6 OZ (1111087398),7/1/2009,15,3.92
PL SR CRUST PEPPRN PIZZA 29.6 OZ (1111087398),7/8/2009,16,4.03
PL SR CRUST PEPPRN PIZZA 29.6 OZ (1111087398),7/15/2009,19,3.91
PL SR CRUST PEPPRN PIZZA 29.6 OZ (1111087398),7/22/2009,16,4
PL SR CRUST PEPPRN PIZZA 29.6 OZ (1111087398),7/29/2009,31,3.97
PL SR CRUST PEPPRN PIZZA 29.6 OZ (1111087398),8/5/2009,23,3.85
PL SR CRUST PEPPRN PIZZA 29.6 OZ (1111087398),8/12/2009,19,3.91
PL SR CRUST PEPPRN PIZZA 29.6 OZ (1111087398),8/19/2009,17,3.92
PL SR CRUST PEPPRN PIZZA 29.6 OZ (1111087398),8/26/2009,28,3.45
PL SR CRUST PEPPRN PIZZA 29.6 OZ (1111087398),9/2/2009,38,3.47
PL SR CRUST PEPPRN PIZZA 29.6 OZ (1111087398),9/9/2009,16,4.89
PL SR CRUST PEPPRN PIZZA 29.6 OZ (1111087398),9/16/2009,26,4.83
PL SR CRUST PEPPRN PIZZA 29.6 OZ (1111087398),9/23/2009,4,4.49
PL SR CRUST PEPPRN PIZZA 29.6 OZ (1111087398),9/30/2009,10,4.49
PL SR CRUST PEPPRN PIZZA 29.6 OZ (1111087398),10/14/2009,5,4.29
PL SR CRUST PEPPRN PIZZA 29.6 OZ (1111087398),10/21/2009,17,4.74
PL SR CRUST PEPPRN PIZZA 29.6 OZ (1111087398),10/28/2009,16,4.61
PL SR CRUST PEPPRN PIZZA 29.6 OZ (1111087398),11/4/2009,25,4.85
PL SR CRUST PEPPRN PIZZA 29.6 OZ (1111087398),11/11/2009,17,4.75
PL SR CRUST PEPPRN PIZZA 29.6 OZ (1111087398),11/18/2009,12,4.39
PL SR CRUST PEPPRN PIZZA 29.6 OZ (1111087398),11/25/2009,13,4.17
PL SR CRUST PEPPRN PIZZA 29.6 OZ (1111087398),12/2/2009,10,4.89
PL SR CRUST PEPPRN PIZZA 29.6 OZ (1111087398),12/9/2009,21,4.42
PL SR CRUST PEPPRN PIZZA 29.6 OZ (1111087398),12/16/2009,71,2.97
PL SR CRUST PEPPRN PIZZA 29.6 OZ (1111087398),12/23/2009,49,2.92
PL SR CRUST PEPPRN PIZZA 29.6 OZ (1111087398),12/30/2009,51,2.86
PL SR CRUST PEPPRN PIZZA 29.6 OZ (1111087398),1/6/2010,53,2.89
PL SR CRUST PEPPRN PIZZA 29.6 OZ (1111087398),1/13/2010,43,2.98
PL SR CRUST PEPPRN PIZZA 29.6 OZ (1111087398),1/20/2010,36,2.97
PL SR CRUST PEPPRN PIZZA 29.6 OZ (1111087398),1/27/2010,16,4.68
PL SR CRUST PEPPRN PIZZA 29.6 OZ (1111087398),2/3/2010,12,4.77
PL SR CRUST PEPPRN PIZZA 29.6 OZ (1111087398),2/10/2010,11,4.66
PL SR CRUST PEPPRN PIZZA 29.6 OZ (1111087398),2/17/2010,17,4.56
PL SR CRUST PEPPRN PIZZA 29.6 OZ (1111087398),2/24/2010,21,4.63
PL SR CRUST PEPPRN PIZZA 29.6 OZ (1111087398),3/3/2010,11,4.75
PL SR CRUST PEPPRN PIZZA 29.6 OZ (1111087398),3/10/2010,8,4.67
PL SR CRUST PEPPRN PIZZA 29.6 OZ (1111087398),3/17/2010,3,4.67
PL SR CRUST PEPPRN PIZZA 29.6 OZ (1111087398),3/24/2010,7,4.52
PL SR CRUST PEPPRN PIZZA 29.6 OZ (1111087398),3/31/2010,5,4.19
PL SR CRUST PEPPRN PIZZA 29.6 OZ (1111087398),4/7/2010,37,3.69
PL SR CRUST PEPPRN PIZZA 29.6 OZ (1111087398),4/14/2010,16,3.64
PL SR CRUST PEPPRN PIZZA 29.6 OZ (1111087398),4/21/2010,40,3.7
PL SR CRUST PEPPRN PIZZA 29.6 OZ (1111087398),4/28/2010,13,4.75
PL SR CRUST PEPPRN PIZZA 29.6 OZ (1111087398),5/5/2010,20,4.57
PL SR CRUST PEPPRN PIZZA 29.6 OZ (1111087398),5/12/2010,16,4.64
PL SR CRUST PEPPRN PIZZA 29.6 OZ (1111087398),5/19/2010,15,4.57
PL SR CRUST PEPPRN PIZZA 29.6 OZ (1111087398),5/26/2010,17,4.65
PL SR CRUST PEPPRN PIZZA 29.6 OZ (1111087398),6/2/2010,9,4.68
PL SR CRUST PEPPRN PIZZA 29.6 OZ (1111087398),6/9/2010,13,4.75
PL SR CRUST PEPPRN PIZZA 29.6 OZ (1111087398),6/16/2010,2,4.29
PL SR CRUST PEPPRN PIZZA 29.6 OZ (1111087398),6/23/2010,7,4.58
PL SR CRUST PEPPRN PIZZA 29.6 OZ (1111087398),6/30/2010,5,4.79
PL SR CRUST PEPPRN PIZZA 29.6 OZ (1111087398),7/7/2010,5,4.59
PL SR CRUST PEPPRN PIZZA 29.6 OZ (1111087398),7/14/2010,5,4.59
PL SR CRUST PEPPRN PIZZA 29.6 OZ (1111087398),7/21/2010,21,3.9
PL SR CRUST PEPPRN PIZZA 29.6 OZ (1111087398),7/28/2010,25,3.9
PL SR CRUST PEPPRN PIZZA 29.6 OZ (1111087398),8/4/2010,31,3.97
PL SR CRUST PEPPRN PIZZA 29.6 OZ (1111087398),8/11/2010,25,3.9
PL SR CRUST PEPPRN PIZZA 29.6 OZ (1111087398),8/18/2010,15,3.97
PL SR CRUST PEPPRN PIZZA 29.6 OZ (1111087398),8/25/2010,16,3.79
PL SR CRUST PEPPRN PIZZA 29.6 OZ (1111087398),9/1/2010,15,3.77
PL SR CRUST PEPPRN PIZZA 29.6 OZ (1111087398),9/8/2010,17,3.85
PL SR CRUST PEPPRN PIZZA 29.6 OZ (1111087398),9/15/2010,18,3.88
PL SR CRUST PEPPRN PIZZA 29.6 OZ (1111087398),9/22/2010,20,3.75
PL SR CRUST PEPPRN PIZZA 29.6 OZ (1111087398),9/29/2010,20,3.59
PL SR CRUST PEPPRN PIZZA 29.6 OZ (1111087398),10/6/2010,24,3.3
PL SR CRUST PEPPRN PIZZA 29.6 OZ (1111087398),10/13/2010,25,3.18
PL SR CRUST PEPPRN PIZZA 29.6 OZ (1111087398),10/20/2010,13,3.25
PL SR CRUST PEPPRN PIZZA 29.6 OZ (1111087398),10/27/2010,17,3.23
PL SR CRUST PEPPRN PIZZA 29.6 OZ (1111087398),11/3/2010,28,3.26
PL SR CRUST PEPPRN PIZZA 29.6 OZ (1111087398),11/10/2010,37,3.31
PL SR CRUST PEPPRN PIZZA 29.6 OZ (1111087398),11/17/2010,22,3.23
PL SR CRUST PEPPRN PIZZA 29.6 OZ (1111087398),11/24/2010,18,3.28
PL SR CRUST PEPPRN PIZZA 29.6 OZ (1111087398),12/1/2010,22,3.26
PL SR CRUST PEPPRN PIZZA 29.6 OZ (1111087398),12/8/2010,14,3.34
PL SR CRUST PEPPRN PIZZA 29.6 OZ (1111087398),12/15/2010,29,3.24
PL SR CRUST PEPPRN PIZZA 29.6 OZ (1111087398),12/22/2010,20,3.3
PL SR CRUST PEPPRN PIZZA 29.6 OZ (1111087398),12/29/2010,25,3.36
PL SR CRUST PEPPRN PIZZA 29.6 OZ (1111087398),1/5/2011,6,3.28
PL SR CRUST PEPPRN PIZZA 29.6 OZ (1111087398),1/12/2011,33,3.24
PL SR CRUST PEPPRN PIZZA 29.6 OZ (1111087398),1/19/2011,11,5.02
PL SR CRUST PEPPRN PIZZA 29.6 OZ (1111087398),1/26/2011,7,5.16
PL SR CRUST PEPPRN PIZZA 29.6 OZ (1111087398),2/2/2011,8,5.04
PL SR CRUST PEPPRN PIZZA 29.6 OZ (1111087398),2/9/2011,11,5.18
PL SR CRUST PEPPRN PIZZA 29.6 OZ (1111087398),2/16/2011,33,3.23
PL SR CRUST PEPPRN PIZZA 29.6 OZ (1111087398),2/23/2011,39,3.23
PL SR CRUST PEPPRN PIZZA 29.6 OZ (1111087398),3/2/2011,61,3.29
PL SR CRUST PEPPRN PIZZA 29.6 OZ (1111087398),3/9/2011,31,3.52
PL SR CRUST PEPPRN PIZZA 29.6 OZ (1111087398),3/16/2011,18,3.58
PL SR CRUST PEPPRN PIZZA 29.6 OZ (1111087398),3/23/2011,28,3.54
PL SR CRUST PEPPRN PIZZA 29.6 OZ (1111087398),3/30/2011,13,3.65
PL SR CRUST PEPPRN PIZZA 29.6 OZ (1111087398),4/6/2011,19,3.97
PL SR CRUST PEPPRN PIZZA 29.6 OZ (1111087398),4/13/2011,31,4
PL SR CRUST PEPPRN PIZZA 29.6 OZ (1111087398),4/20/2011,30,3.93
PL SR CRUST PEPPRN PIZZA 29.6 OZ (1111087398),4/27/2011,26,3.98
PL SR CRUST PEPPRN PIZZA 29.6 OZ (1111087398),5/4/2011,21,3.29
PL SR CRUST PEPPRN PIZZA 29.6 OZ (1111087398),5/11/2011,5,5.08
PL SR CRUST PEPPRN PIZZA 29.6 OZ (1111087398),5/18/2011,10,5.24
PL SR CRUST PEPPRN PIZZA 29.6 OZ (1111087398),5/25/2011,14,3.94
PL SR CRUST PEPPRN PIZZA 29.6 OZ (1111087398),6/1/2011,16,4
PL SR CRUST PEPPRN PIZZA 29.6 OZ (1111087398),6/8/2011,26,3.97
PL SR CRUST PEPPRN PIZZA 29.6 OZ (1111087398),6/15/2011,29,3.97
PL SR CRUST PEPPRN PIZZA 29.6 OZ (1111087398),6/22/2011,17,4
PL SR CRUST PEPPRN PIZZA 29.6 OZ (1111087398),6/29/2011,43,3.47
PL SR CRUST PEPPRN PIZZA 29.6 OZ (1111087398),7/6/2011,27,3.44
PL SR CRUST PEPPRN PIZZA 29.6 OZ (1111087398),7/13/2011,39,3.44
PL SR CRUST PEPPRN PIZZA 29.6 OZ (1111087398),7/20/2011,35,3.46
PL SR CRUST PEPPRN PIZZA 29.6 OZ (1111087398),7/27/2011,19,3.92
PL SR CRUST PEPPRN PIZZA 29.6 OZ (1111087398),8/3/2011,32,3.99
PL SR CRUST PEPPRN PIZZA 29.6 OZ (1111087398),8/10/2011,18,3.9
PL SR CRUST PEPPRN PIZZA 29.6 OZ (1111087398),8/17/2011,28,3.95
PL SR CRUST PEPPRN PIZZA 29.6 OZ (1111087398),8/24/2011,18,3.94
PL SR CRUST PEPPRN PIZZA 29.6 OZ (1111087398),8/31/2011,6,3.95
PL SR CRUST PEPPRN PIZZA 29.6 OZ (1111087398),9/7/2011,11,3.95
PL SR CRUST PEPPRN PIZZA 29.6 OZ (1111087398),9/14/2011,23,3.91
PL SR CRUST PEPPRN PIZZA 29.6 OZ (1111087398),9/21/2011,20,3.96
PL SR CRUST PEPPRN PIZZA 29.6 OZ (1111087398),9/28/2011,14,4
PL SR CRUST PEPPRN PIZZA 29.6 OZ (1111087398),10/5/2011,12,3.88
PL SR CRUST PEPPRN PIZZA 29.6 OZ (1111087398),10/12/2011,15,3.96
PL SR CRUST PEPPRN PIZZA 29.6 OZ (1111087398),10/19/2011,19,3.88
PL SR CRUST PEPPRN PIZZA 29.6 OZ (1111087398),10/26/2011,25,3.87
PL SR CRUST PEPPRN PIZZA 29.6 OZ (1111087398),11/2/2011,24,3.89
PL SR CRUST PEPPRN PIZZA 29.6 OZ (1111087398),11/9/2011,25,3.98
PL SR CRUST PEPPRN PIZZA 29.6 OZ (1111087398),11/16/2011,30,3.87
PL SR CRUST PEPPRN PIZZA 29.6 OZ (1111087398),11/23/2011,23,3.96
PL SR CRUST PEPPRN PIZZA 29.6 OZ (1111087398),11/30/2011,24,3.93
PL SR CRUST PEPPRN PIZZA 29.6 OZ (1111087398),12/7/2011,31,4.06
PL SR CRUST PEPPRN PIZZA 29.6 OZ (1111087398),12/14/2011,19,3.93
PL SR CRUST PEPPRN PIZZA 29.6 OZ (1111087398),12/21/2011,25,4.03
PL SR CRUST PEPPRN PIZZA 29.6 OZ (1111087398),12/28/2011,24,4.05
PL SR CRUST PEPPRN PIZZA 29.6 OZ (1111087398),1/4/2012,62,3.37
GM CHEERIOS 18 OZ (1600027528),1/14/2009,79,4.36
GM CHEERIOS 18 OZ (1600027528),1/21/2009,79,4.59
GM CHEERIOS 18 OZ (1600027528),1/28/2009,66,4.58
GM CHEERIOS 18 OZ (1600027528),2/4/2009,89,4.59
GM CHEERIOS 18 OZ (1600027528),2/11/2009,400,2.47
GM CHEERIOS 18 OZ (1600027528),2/18/2009,262,2.48
GM CHEERIOS 18 OZ (1600027528),2/25/2009,70,4.26
GM CHEERIOS 18 OZ (1600027528),3/4/2009,56,4.51
GM CHEERIOS 18 OZ (1600027528),3/11/2009,59,4.59
GM CHEERIOS 18 OZ (1600027528),3/18/2009,74,4.59
GM CHEERIOS 18 OZ (1600027528),3/25/2009,70,4.59
GM CHEERIOS 18 OZ (1600027528),4/1/2009,65,4.59
GM CHEERIOS 18 OZ (1600027528),4/8/2009,71,4.59
GM CHEERIOS 18 OZ (1600027528),4/15/2009,70,4.52
GM CHEERIOS 18 OZ (1600027528),4/22/2009,85,4.43
GM CHEERIOS 18 OZ (1600027528),4/29/2009,63,4.59
GM CHEERIOS 18 OZ (1600027528),5/6/2009,74,4.59
GM CHEERIOS 18 OZ (1600027528),5/13/2009,59,4.59
GM CHEERIOS 18 OZ (1600027528),5/20/2009,42,4.37
GM CHEERIOS 18 OZ (1600027528),5/27/2009,58,4.43
GM CHEERIOS 18 OZ (1600027528),6/3/2009,61,4.51
GM CHEERIOS 18 OZ (1600027528),6/10/2009,65,4.38
GM CHEERIOS 18 OZ (1600027528),6/17/2009,75,4.59
GM CHEERIOS 18 OZ (1600027528),6/24/2009,48,4.59
GM CHEERIOS 18 OZ (1600027528),7/1/2009,406,2.49
GM CHEERIOS 18 OZ (1600027528),7/8/2009,252,2.49
GM CHEERIOS 18 OZ (1600027528),7/15/2009,82,4.46
GM CHEERIOS 18 OZ (1600027528),7/22/2009,51,4.47
GM CHEERIOS 18 OZ (1600027528),7/29/2009,91,4.59
GM CHEERIOS 18 OZ (1600027528),8/5/2009,71,4.58
GM CHEERIOS 18 OZ (1600027528),8/12/2009,73,4.59
GM CHEERIOS 18 OZ (1600027528),8/19/2009,63,4.59
GM CHEERIOS 18 OZ (1600027528),8/26/2009,54,4.51
GM CHEERIOS 18 OZ (1600027528),9/2/2009,59,4.51
GM CHEERIOS 18 OZ (1600027528),9/9/2009,13,4.59
GM CHEERIOS 18 OZ (1600027528),9/16/2009,67,4.52
GM CHEERIOS 18 OZ (1600027528),9/23/2009,63,4.52
GM CHEERIOS 18 OZ (1600027528),9/30/2009,69,4.59
GM CHEERIOS 18 OZ (1600027528),10/7/2009,61,4.51
GM CHEERIOS 18 OZ (1600027528),10/14/2009,67,4.59
GM CHEERIOS 18 OZ (1600027528),10/21/2009,57,4.55
GM CHEERIOS 18 OZ (1600027528),10/28/2009,70,4.59
GM CHEERIOS 18 OZ (1600027528),11/4/2009,70,4.59
GM CHEERIOS 18 OZ (1600027528),11/11/2009,86,4.54
GM CHEERIOS 18 OZ (1600027528),11/18/2009,123,4.51
GM CHEERIOS 18 OZ (1600027528),11/25/2009,54,4.42
GM CHEERIOS 18 OZ (1600027528),12/2/2009,47,4.59
GM CHEERIOS 18 OZ (1600027528),12/9/2009,71,4.53
GM CHEERIOS 18 OZ (1600027528),12/16/2009,60,4.51
GM CHEERIOS 18 OZ (1600027528),12/23/2009,59,4.59
GM CHEERIOS 18 OZ (1600027528),12/30/2009,53,4.59
GM CHEERIOS 18 OZ (1600027528),1/6/2010,63,4.59
GM CHEERIOS 18 OZ (1600027528),1/13/2010,60,4.59
GM CHEERIOS 18 OZ (1600027528),1/20/2010,32,4.59
GM CHEERIOS 18 OZ (1600027528),1/27/2010,65,4.59
GM CHEERIOS 18 OZ (1600027528),2/3/2010,64,4.59
GM CHEERIOS 18 OZ (1600027528),2/10/2010,60,4.51
GM CHEERIOS 18 OZ (1600027528),2/17/2010,256,2.68
GM CHEERIOS 18 OZ (1600027528),2/24/2010,187,2.69
GM CHEERIOS 18 OZ (1600027528),3/3/2010,87,4.25
GM CHEERIOS 18 OZ (1600027528),3/10/2010,76,4.54
GM CHEERIOS 18 OZ (1600027528),3/17/2010,31,4.52
GM CHEERIOS 18 OZ (1600027528),3/24/2010,57,4.51
GM CHEERIOS 18 OZ (1600027528),3/31/2010,52,4.59
GM CHEERIOS 18 OZ (1600027528),4/7/2010,55,4.55
GM CHEERIOS 18 OZ (1600027528),4/14/2010,79,4.36
GM CHEERIOS 18 OZ (1600027528),4/21/2010,77,4.59
GM CHEERIOS 18 OZ (1600027528),4/28/2010,81,4.59
GM CHEERIOS 18 OZ (1600027528),5/5/2010,58,4.59
GM CHEERIOS 18 OZ (1600027528),5/12/2010,66,4.59
GM CHEERIOS 18 OZ (1600027528),5/19/2010,68,4.39
GM CHEERIOS 18 OZ (1600027528),5/26/2010,62,4.59
GM CHEERIOS 18 OZ (1600027528),6/2/2010,80,4.42
GM CHEERIOS 18 OZ (1600027528),6/9/2010,90,4.59
GM CHEERIOS 18 OZ (1600027528),6/16/2010,80,4.42
GM CHEERIOS 18 OZ (1600027528),6/23/2010,61,4.59
GM CHEERIOS 18 OZ (1600027528),6/30/2010,204,2.49
GM CHEERIOS 18 OZ (1600027528),7/7/2010,153,2.48
GM CHEERIOS 18 OZ (1600027528),7/14/2010,88,4.07
GM CHEERIOS 18 OZ (1600027528),7/21/2010,64,4.59
GM CHEERIOS 18 OZ (1600027528),7/28/2010,68,4.59
GM CHEERIOS 18 OZ (1600027528),8/4/2010,73,4.59
GM CHEERIOS 18 OZ (1600027528),8/11/2010,675,2.43
GM CHEERIOS 18 OZ (1600027528),8/18/2010,33,4.52
GM CHEERIOS 18 OZ (1600027528),8/25/2010,48,4.45
GM CHEERIOS 18 OZ (1600027528),9/1/2010,61,4.59
GM CHEERIOS 18 OZ (1600027528),9/8/2010,56,4.58
GM CHEERIOS 18 OZ (1600027528),9/15/2010,53,4.59
GM CHEERIOS 18 OZ (1600027528),9/22/2010,61,4.55
GM CHEERIOS 18 OZ (1600027528),9/29/2010,61,4.59
GM CHEERIOS 18 OZ (1600027528),10/6/2010,58,4.59
GM CHEERIOS 18 OZ (1600027528),10/13/2010,57,4.59
GM CHEERIOS 18 OZ (1600027528),10/20/2010,60,4.59
GM CHEERIOS 18 OZ (1600027528),10/27/2010,73,4.59
GM CHEERIOS 18 OZ (1600027528),11/3/2010,107,4.53
GM CHEERIOS 18 OZ (1600027528),11/10/2010,77,4.59
GM CHEERIOS 18 OZ (1600027528),11/17/2010,42,4.59
GM CHEERIOS 18 OZ (1600027528),11/24/2010,65,4.58
GM CHEERIOS 18 OZ (1600027528),12/1/2010,53,4.5
GM CHEERIOS 18 OZ (1600027528),12/8/2010,66,4.59
GM CHEERIOS 18 OZ (1600027528),12/15/2010,65,4.59
GM CHEERIOS 18 OZ (1600027528),12/22/2010,60,4.55
GM CHEERIOS 18 OZ (1600027528),12/29/2010,39,4.59
GM CHEERIOS 18 OZ (1600027528),1/5/2011,71,4.59
GM CHEERIOS 18 OZ (1600027528),1/12/2011,95,4.59
GM CHEERIOS 18 OZ (1600027528),1/19/2011,66,4.59
GM CHEERIOS 18 OZ (1600027528),1/26/2011,51,4.54
GM CHEERIOS 18 OZ (1600027528),2/2/2011,65,4.59
GM CHEERIOS 18 OZ (1600027528),2/9/2011,82,4.58
GM CHEERIOS 18 OZ (1600027528),2/16/2011,71,4.59
GM CHEERIOS 18 OZ (1600027528),2/23/2011,373,2.48
GM CHEERIOS 18 OZ (1600027528),3/2/2011,299,2.49
GM CHEERIOS 18 OZ (1600027528),3/9/2011,68,4.72
GM CHEERIOS 18 OZ (1600027528),3/16/2011,61,4.79
GM CHEERIOS 18 OZ (1600027528),3/23/2011,61,4.75
GM CHEERIOS 18 OZ (1600027528),3/30/2011,55,4.79
GM CHEERIOS 18 OZ (1600027528),4/6/2011,76,4.79
GM CHEERIOS 18 OZ (1600027528),4/13/2011,72,4.76
GM CHEERIOS 18 OZ (1600027528),4/20/2011,55,4.79
GM CHEERIOS 18 OZ (1600027528),4/27/2011,46,4.79
GM CHEERIOS 18 OZ (1600027528),5/4/2011,48,4.79
GM CHEERIOS 18 OZ (1600027528),5/11/2011,54,4.79
GM CHEERIOS 18 OZ (1600027528),5/18/2011,61,4.79
GM CHEERIOS 18 OZ (1600027528),5/25/2011,58,4.75
GM CHEERIOS 18 OZ (1600027528),6/1/2011,59,4.79
GM CHEERIOS 18 OZ (1600027528),6/8/2011,60,4.75
GM CHEERIOS 18 OZ (1600027528),6/15/2011,71,4.79
GM CHEERIOS 18 OZ (1600027528),6/22/2011,52,4.79
GM CHEERIOS 18 OZ (1600027528),6/29/2011,81,4.78
GM CHEERIOS 18 OZ (1600027528),7/6/2011,72,4.79
GM CHEERIOS 18 OZ (1600027528),7/13/2011,60,4.79
GM CHEERIOS 18 OZ (1600027528),7/20/2011,69,4.76
GM CHEERIOS 18 OZ (1600027528),7/27/2011,66,4.79
GM CHEERIOS 18 OZ (1600027528),8/3/2011,78,4.79
GM CHEERIOS 18 OZ (1600027528),8/10/2011,246,3.25
GM CHEERIOS 18 OZ (1600027528),8/17/2011,179,3.28
GM CHEERIOS 18 OZ (1600027528),8/24/2011,159,3.3
GM CHEERIOS 18 OZ (1600027528),8/31/2011,69,4.79
GM CHEERIOS 18 OZ (1600027528),9/7/2011,57,4.79
GM CHEERIOS 18 OZ (1600027528),9/14/2011,64,4.79
GM CHEERIOS 18 OZ (1600027528),9/21/2011,59,4.75
GM CHEERIOS 18 OZ (1600027528),9/28/2011,48,4.79
GM CHEERIOS 18 OZ (1600027528),10/5/2011,73,4.79
GM CHEERIOS 18 OZ (1600027528),10/12/2011,61,4.79
GM CHEERIOS 18 OZ (1600027528),10/19/2011,83,4.7
GM CHEERIOS 18 OZ (1600027528),10/26/2011,67,4.79
GM CHEERIOS 18 OZ (1600027528),11/2/2011,78,4.78
GM CHEERIOS 18 OZ (1600027528),11/9/2011,71,4.79
GM CHEERIOS 18 OZ (1600027528),11/16/2011,62,4.79
GM CHEERIOS 18 OZ (1600027528),11/23/2011,71,4.79
GM CHEERIOS 18 OZ (1600027528),11/30/2011,50,4.74
GM CHEERIOS 18 OZ (1600027528),12/7/2011,65,4.75
GM CHEERIOS 18 OZ (1600027528),12/14/2011,68,4.79
GM CHEERIOS 18 OZ (1600027528),12/21/2011,69,4.79
GM CHEERIOS 18 OZ (1600027528),12/28/2011,56,4.79
GM CHEERIOS 18 OZ (1600027528),1/4/2012,64,4.79
