sample_data_full.csv
ITEM,DATE,UNITS,PRICE
GM CHEERIOS 12 OZ (1600027564),1/14/2009,260,2.38
GM CHEERIOS 12 OZ (1600027564),1/21/2009,97,2.66
GM CHEERIOS 12 OZ (1600027564),1/28/2009,113,3.18
GM CHEERIOS 12 OZ (1600027564),2/4/2009,106,3.19
GM CHEERIOS 12 OZ (1600027564),2/11/2009,98,1.6
GM CHEERIOS 12 OZ (1600027564),2/18/2009,155,1.48
GM CHEERIOS 12 OZ (1600027564),2/25/2009,179,2.1
GM CHEERIOS 12 OZ (1600027564),3/4/2009,172,2.1
GM CHEERIOS 12 OZ (1600027564),3/11/2009,170,2.3
GM CHEERIOS 12 OZ (1600027564),3/18/2009,138,2.42
GM CHEERIOS 12 OZ (1600027564),3/25/2009,125,2.6
GM CHEERIOS 12 OZ (1600027564),4/1/2009,149,2.83
GM CHEERIOS 12 OZ (1600027564),4/8/2009,125,2.58
GM CHEERIOS 12 OZ (1600027564),4/15/2009,111,2.76
GM CHEERIOS 12 OZ (1600027564),4/22/2009,122,2.67
GM CHEERIOS 12 OZ (1600027564),4/29/2009,109,3.19
GM CHEERIOS 12 OZ (1600027564),5/6/2009,88,3.19
GM CHEERIOS 12 OZ (1600027564),5/13/2009,143,2.94
GM CHEERIOS 12 OZ (1600027564),5/20/2009,380,2.3
GM CHEERIOS 12 OZ (1600027564),5/27/2009,154,2.11
GM CHEERIOS 12 OZ (1600027564),6/3/2009,160,2.47
GM CHEERIOS 12 OZ (1600027564),6/10/2009,140,2.74
GM CHEERIOS 12 OZ (1600027564),6/17/2009,146,2.91
GM CHEERIOS 12 OZ (1600027564),6/24/2009,110,2.9
GM CHEERIOS 12 OZ (1600027564),7/1/2009,87,2.71
GM CHEERIOS 12 OZ (1600027564),7/8/2009,101,2.65
GM CHEERIOS 12 OZ (1600027564),7/15/2009,127,2.86
GM CHEERIOS 12 OZ (1600027564),7/22/2009,110,2.84
GM CHEERIOS 12 OZ (1600027564),7/29/2009,100,3.19
GM CHEERIOS 12 OZ (1600027564),8/5/2009,225,2.5
GM CHEERIOS 12 OZ (1600027564),8/12/2009,133,3.02
GM CHEERIOS 12 OZ (1600027564),8/19/2009,136,2.14
GM CHEERIOS 12 OZ (1600027564),8/26/2009,153,2.23
GM CHEERIOS 12 OZ (1600027564),9/2/2009,109,2.21
GM CHEERIOS 12 OZ (1600027564),9/9/2009,39,2.74
GM CHEERIOS 12 OZ (1600027564),9/16/2009,127,2.75
GM CHEERIOS 12 OZ (1600027564),9/23/2009,121,2.96
GM CHEERIOS 12 OZ (1600027564),9/30/2009,110,3.08
GM CHEERIOS 12 OZ (1600027564),10/7/2009,101,2.9
GM CHEERIOS 12 OZ (1600027564),10/14/2009,104,2.87
GM CHEERIOS 12 OZ (1600027564),10/21/2009,204,2.37
GM CHEERIOS 12 OZ (1600027564),10/28/2009,63,3.19
GM CHEERIOS 12 OZ (1600027564),11/4/2009,83,3.21
GM CHEERIOS 12 OZ (1600027564),11/11/2009,97,3.09
GM CHEERIOS 12 OZ (1600027564),11/18/2009,131,2.46
GM CHEERIOS 12 OZ (1600027564),11/25/2009,321,2.19
GM CHEERIOS 12 OZ (1600027564),12/2/2009,216,2.33
GM CHEERIOS 12 OZ (1600027564),12/9/2009,125,2.76
GM CHEERIOS 12 OZ (1600027564),12/16/2009,129,3.02
GM CHEERIOS 12 OZ (1600027564),12/23/2009,100,3.02
GM CHEERIOS 12 OZ (1600027564),12/30/2009,90,3.13
GM CHEERIOS 12 OZ (1600027564),1/6/2010,107,3.07
GM CHEERIOS 12 OZ (1600027564),1/13/2010,102,2.97
GM CHEERIOS 12 OZ (1600027564),1/20/2010,30,2.98
GM CHEERIOS 12 OZ (1600027564),1/27/2010,169,2.69
GM CHEERIOS 12 OZ (1600027564),2/3/2010,103,3.28
GM CHEERIOS 12 OZ (1600027564),2/10/2010,115,2.21
GM CHEERIOS 12 OZ (1600027564),2/17/2010,140,1.35
GM CHEERIOS 12 OZ (1600027564),2/24/2010,114,2.05
GM CHEERIOS 12 OZ (1600027564),3/3/2010,134,1.83
GM CHEERIOS 12 OZ (1600027564),3/10/2010,123,2.64
GM CHEERIOS 12 OZ (1600027564),3/17/2010,54,2.63
GM CHEERIOS 12 OZ (1600027564),3/24/2010,112,2.88
GM CHEERIOS 12 OZ (1600027564),3/31/2010,113,2.72
GM CHEERIOS 12 OZ (1600027564),4/7/2010,114,2.67
GM CHEERIOS 12 OZ (1600027564),4/14/2010,127,2.66
GM CHEERIOS 12 OZ (1600027564),4/21/2010,123,2.76
GM CHEERIOS 12 OZ (1600027564),4/28/2010,118,3.26
GM CHEERIOS 12 OZ (1600027564),5/5/2010,133,2.99
GM CHEERIOS 12 OZ (1600027564),5/12/2010,145,2.75
GM CHEERIOS 12 OZ (1600027564),5/19/2010,178,2.17
GM CHEERIOS 12 OZ (1600027564),5/26/2010,138,2.4
GM CHEERIOS 12 OZ (1600027564),6/2/2010,125,2.67
GM CHEERIOS 12 OZ (1600027564),6/9/2010,135,2.86
GM CHEERIOS 12 OZ (1600027564),6/16/2010,163,2.97
GM CHEERIOS 12 OZ (1600027564),6/23/2010,134,2.98
GM CHEERIOS 12 OZ (1600027564),6/30/2010,117,2.95
GM CHEERIOS 12 OZ (1600027564),7/7/2010,149,3.14
GM CHEERIOS 12 OZ (1600027564),7/14/2010,127,2.99
GM CHEERIOS 12 OZ (1600027564),7/21/2010,143,3.06
GM CHEERIOS 12 OZ (1600027564),7/28/2010,125,3.19
GM CHEERIOS 12 OZ (1600027564),8/4/2010,119,3.19
GM CHEERIOS 12 OZ (1600027564),8/11/2010,140,2.59
GM CHEERIOS 12 OZ (1600027564),8/18/2010,122,2.34
GM CHEERIOS 12 OZ (1600027564),8/25/2010,88,2.39
GM CHEERIOS 12 OZ (1600027564),9/1/2010,94,2.62
GM CHEERIOS 12 OZ (1600027564),9/8/2010,120,2.73
GM CHEERIOS 12 OZ (1600027564),9/15/2010,95,2.92
GM CHEERIOS 12 OZ (1600027564),9/22/2010,110,2.98
GM CHEERIOS 12 OZ (1600027564),9/29/2010,108,3.02
GM CHEERIOS 12 OZ (1600027564),10/6/2010,123,2.94
GM CHEERIOS 12 OZ (1600027564),10/13/2010,118,3.08
GM CHEERIOS 12 OZ (1600027564),10/20/2010,117,3.11
GM CHEERIOS 12 OZ (1600027564),10/27/2010,85,3.19
GM CHEERIOS 12 OZ (1600027564),11/3/2010,480,2.98
GM CHEERIOS 12 OZ (1600027564),11/10/2010,102,3.12
GM CHEERIOS 12 OZ (1600027564),11/17/2010,17,2.04
GM CHEERIOS 12 OZ (1600027564),11/24/2010,417,2.32
GM CHEERIOS 12 OZ (1600027564),12/1/2010,248,2.33
GM CHEERIOS 12 OZ (1600027564),12/8/2010,95,2.81
GM CHEERIOS 12 OZ (1600027564),12/15/2010,110,2.68
GM CHEERIOS 12 OZ (1600027564),12/22/2010,94,3.04
GM CHEERIOS 12 OZ (1600027564),12/29/2010,78,2.76
GM CHEERIOS 12 OZ (1600027564),1/5/2011,105,3.04
GM CHEERIOS 12 OZ (1600027564),1/12/2011,108,2.87
GM CHEERIOS 12 OZ (1600027564),1/19/2011,231,2.42
GM CHEERIOS 12 OZ (1600027564),1/26/2011,123,2.49
GM CHEERIOS 12 OZ (1600027564),2/2/2011,118,3.18
GM CHEERIOS 12 OZ (1600027564),2/9/2011,146,2.43
GM CHEERIOS 12 OZ (1600027564),2/16/2011,113,2.51
GM CHEERIOS 12 OZ (1600027564),2/23/2011,93,2.57
GM CHEERIOS 12 OZ (1600027564),3/2/2011,89,2.83
GM CHEERIOS 12 OZ (1600027564),3/9/2011,103,2.81
GM CHEERIOS 12 OZ (1600027564),3/16/2011,95,3.12
GM CHEERIOS 12 OZ (1600027564),3/23/2011,89,3.11
GM CHEERIOS 12 OZ (1600027564),3/30/2011,111,3.11
GM CHEERIOS 12 OZ (1600027564),4/6/2011,101,3.15
GM CHEERIOS 12 OZ (1600027564),4/13/2011,111,3.17
GM CHEERIOS 12 OZ (1600027564),4/20/2011,330,2.65
GM CHEERIOS 12 OZ (1600027564),4/27/2011,247,2.76
GM CHEERIOS 12 OZ (1600027564),5/4/2011,112,3.29
GM CHEERIOS 12 OZ (1600027564),5/11/2011,104,2.57
GM CHEERIOS 12 OZ (1600027564),5/18/2011,139,2.12
GM CHEERIOS 12 OZ (1600027564),5/25/2011,104,2.48
GM CHEERIOS 12 OZ (1600027564),6/1/2011,107,2.66
GM CHEERIOS 12 OZ (1600027564),6/8/2011,115,2.69
GM CHEERIOS 12 OZ (1600027564),6/15/2011,104,2.81
GM CHEERIOS 12 OZ (1600027564),6/22/2011,118,2.84
GM CHEERIOS 12 OZ (1600027564),6/29/2011,120,2.97
GM CHEERIOS 12 OZ (1600027564),7/6/2011,398,2.31
GM CHEERIOS 12 OZ (1600027564),7/13/2011,401,2.34
GM CHEERIOS 12 OZ (1600027564),7/20/2011,143,2.95
GM CHEERIOS 12 OZ (1600027564),7/27/2011,129,3.13
GM CHEERIOS 12 OZ (1600027564),8/3/2011,234,3.18
GM CHEERIOS 12 OZ (1600027564),8/10/2011,95,2.46
GM CHEERIOS 12 OZ (1600027564),8/17/2011,120,2.37
GM CHEERIOS 12 OZ (1600027564),8/24/2011,104,2.64
GM CHEERIOS 12 OZ (1600027564),8/31/2011,162,2.89
GM CHEERIOS 12 OZ (1600027564),9/7/2011,132,2.93
GM CHEERIOS 12 OZ (1600027564),9/14/2011,174,2.96
GM CHEERIOS 12 OZ (1600027564),9/21/2011,125,3.01
GM CHEERIOS 12 OZ (1600027564),9/28/2011,115,3.02
GM CHEERIOS 12 OZ (1600027564),10/5/2011,143,2.98
GM CHEERIOS 12 OZ (1600027564),10/12/2011,160,3.07
GM CHEERIOS 12 OZ (1600027564),10/19/2011,145,2.94
GM CHEERIOS 12 OZ (1600027564),10/26/2011,140,3.19
GM CHEERIOS 12 OZ (1600027564),11/2/2011,145,3.18
GM CHEERIOS 12 OZ (1600027564),11/9/2011,130,3.19
GM CHEERIOS 12 OZ (1600027564),11/16/2011,125,2.25
GM CHEERIOS 12 OZ (1600027564),11/23/2011,401,2.3
GM CHEERIOS 12 OZ (1600027564),11/30/2011,309,2.35
GM CHEERIOS 12 OZ (1600027564),12/7/2011,133,2.84
GM CHEERIOS 12 OZ (1600027564),12/14/2011,143,2.96
GM CHEERIOS 12 OZ (1600027564),12/21/2011,158,3.13
GM CHEERIOS 12 OZ (1600027564),12/28/2011,126,3.11
GM CHEERIOS 12 OZ (1600027564),1/4/2012,127,2.86
NWMN OWN PEPPERONI PIZZA 13.2 OZ (2066200530),3/24/2010,5,6.49
NWMN OWN PEPPERONI PIZZA 13.2 OZ (2066200530),3/31/2010,5,6.49
NWMN OWN PEPPERONI PIZZA 13.2 OZ (2066200530),4/7/2010,2,6.49
NWMN OWN PEPPERONI PIZZA 13.2 OZ (2066200530),4/14/2010,8,6.49
NWMN OWN PEPPERONI PIZZA 13.2 OZ (2066200530),4/21/2010,10,6.49
NWMN OWN PEPPERONI PIZZA 13.2 OZ (2066200530),4/28/2010,6,6.49
NWMN OWN PEPPERONI PIZZA 13.2 OZ (2066200530),5/5/2010,9,6.49
NWMN OWN PEPPERONI PIZZA 13.2 OZ (2066200530),5/12/2010,9,6.49
NWMN OWN PEPPERONI PIZZA 13.2 OZ (2066200530),5/19/2010,14,6.49
NWMN OWN PEPPERONI PIZZA 13.2 OZ (2066200530),5/26/2010,12,6.49
NWMN OWN PEPPERONI PIZZA 13.2 OZ (2066200530),6/2/2010,9,5.99
NWMN OWN PEPPERONI PIZZA 13.2 OZ (2066200530),6/9/2010,13,5.99
NWMN OWN PEPPERONI PIZZA 13.2 OZ (2066200530),6/16/2010,29,5.99
NWMN OWN PEPPERONI PIZZA 13.2 OZ (2066200530),6/23/2010,29,5.99
NWMN OWN PEPPERONI PIZZA 13.2 OZ (2066200530),6/30/2010,30,5.99
NWMN OWN PEPPERONI PIZZA 13.2 OZ (2066200530),7/7/2010,29,5.99
NWMN OWN PEPPERONI PIZZA 13.2 OZ (2066200530),7/14/2010,25,5.99
NWMN OWN PEPPERONI PIZZA 13.2 OZ (2066200530),7/21/2010,18,6.02
NWMN OWN PEPPERONI PIZZA 13.2 OZ (2066200530),7/28/2010,11,5.99
NWMN OWN PEPPERONI PIZZA 13.2 OZ (2066200530),8/4/2010,21,5.99
NWMN OWN PEPPERONI PIZZA 13.2 OZ (2066200530),8/11/2010,12,5.99
NWMN OWN PEPPERONI PIZZA 13.2 OZ (2066200530),8/18/2010,9,5.99
NWMN OWN PEPPERONI PIZZA 13.2 OZ (2066200530),8/25/2010,19,5.99
NWMN OWN PEPPERONI PIZZA 13.2 OZ (2066200530),9/1/2010,14,5.99
NWMN OWN PEPPERONI PIZZA 13.2 OZ (2066200530),9/8/2010,15,5.99
NWMN OWN PEPPERONI PIZZA 13.2 OZ (2066200530),9/15/2010,15,5.99
NWMN OWN PEPPERONI PIZZA 13.2 OZ (2066200530),9/22/2010,28,5.99
NWMN OWN PEPPERONI PIZZA 13.2 OZ (2066200530),9/29/2010,19,5.99
NWMN OWN PEPPERONI PIZZA 13.2 OZ (2066200530),10/6/2010,27,6.01
NWMN OWN PEPPERONI PIZZA 13.2 OZ (2066200530),10/13/2010,19,5.99
NWMN OWN PEPPERONI PIZZA 13.2 OZ (2066200530),10/20/2010,22,6.01
NWMN OWN PEPPERONI PIZZA 13.2 OZ (2066200530),10/27/2010,22,5.99
NWMN OWN PEPPERONI PIZZA 13.2 OZ (2066200530),11/3/2010,16,5.99
NWMN OWN PEPPERONI PIZZA 13.2 OZ (2066200530),11/10/2010,24,5.99
NWMN OWN PEPPERONI PIZZA 13.2 OZ (2066200530),11/17/2010,33,5.99
NWMN OWN PEPPERONI PIZZA 13.2 OZ (2066200530),11/24/2010,24,5.99
NWMN OWN PEPPERONI PIZZA 13.2 OZ (2066200530),12/1/2010,22,5.99
NWMN OWN PEPPERONI PIZZA 13.2 OZ (2066200530),12/8/2010,58,5.02
NWMN OWN PEPPERONI PIZZA 13.2 OZ (2066200530),12/15/2010,52,4.99
NWMN OWN PEPPERONI PIZZA 13.2 OZ (2066200530),12/22/2010,16,5.75
NWMN OWN PEPPERONI PIZZA 13.2 OZ (2066200530),12/29/2010,15,5.99
NWMN OWN PEPPERONI PIZZA 13.2 OZ (2066200530),1/5/2011,23,5.99
NWMN OWN PEPPERONI PIZZA 13.2 OZ (2066200530),1/12/2011,12,6.03
NWMN OWN PEPPERONI PIZZA 13.2 OZ (2066200530),1/19/2011,28,5.99
NWMN OWN PEPPERONI PIZZA 13.2 OZ (2066200530),1/26/2011,14,5.99
NWMN OWN PEPPERONI PIZZA 13.2 OZ (2066200530),2/2/2011,25,5.99
NWMN OWN PEPPERONI PIZZA 13.2 OZ (2066200530),2/9/2011,30,5.99
NWMN OWN PEPPERONI PIZZA 13.2 OZ (2066200530),2/16/2011,18,5.99
NWMN OWN PEPPERONI PIZZA 13.2 OZ (2066200530),2/23/2011,39,5.99
NWMN OWN PEPPERONI PIZZA 13.2 OZ (2066200530),3/2/2011,16,5.99
NWMN OWN PEPPERONI PIZZA 13.2 OZ (2066200530),3/9/2011,12,5.99
NWMN OWN PEPPERONI PIZZA 13.2 OZ (2066200530),3/16/2011,21,5.99
NWMN OWN PEPPERONI PIZZA 13.2 OZ (2066200530),3/23/2011,22,5.99
NWMN OWN PEPPERONI PIZZA 13.2 OZ (2066200530),3/30/2011,23,5.99
NWMN OWN PEPPERONI PIZZA 13.2 OZ (2066200530),4/6/2011,19,5.99
NWMN OWN PEPPERONI PIZZA 13.2 OZ (2066200530),4/13/2011,26,5.99
NWMN OWN PEPPERONI PIZZA 13.2 OZ (2066200530),4/20/2011,10,5.99
NWMN OWN PEPPERONI PIZZA 13.2 OZ (2066200530),4/27/2011,24,5.99
NWMN OWN PEPPERONI PIZZA 13.2 OZ (2066200530),5/4/2011,24,5.99
NWMN OWN PEPPERONI PIZZA 13.2 OZ (2066200530),5/11/2011,20,5.99
NWMN OWN PEPPERONI PIZZA 13.2 OZ (2066200530),5/18/2011,22,5.99
NWMN OWN PEPPERONI PIZZA 13.2 OZ (2066200530),5/25/2011,18,5.99
NWMN OWN PEPPERONI PIZZA 13.2 OZ (2066200530),6/1/2011,10,5.99
NWMN OWN PEPPERONI PIZZA 13.2 OZ (2066200530),6/8/2011,10,6.44
NWMN OWN PEPPERONI PIZZA 13.2 OZ (2066200530),6/15/2011,22,6.49
NWMN OWN PEPPERONI PIZZA 13.2 OZ (2066200530),6/22/2011,12,6.49
NWMN OWN PEPPERONI PIZZA 13.2 OZ (2066200530),6/29/2011,31,4.49
NWMN OWN PEPPERONI PIZZA 13.2 OZ (2066200530),7/6/2011,42,4.49
NWMN OWN PEPPERONI PIZZA 13.2 OZ (2066200530),7/13/2011,52,4.53
NWMN OWN PEPPERONI PIZZA 13.2 OZ (2066200530),7/20/2011,46,4.49
NWMN OWN PEPPERONI PIZZA 13.2 OZ (2066200530),7/27/2011,15,5.99
NWMN OWN PEPPERONI PIZZA 13.2 OZ (2066200530),8/3/2011,16,5.99
NWMN OWN PEPPERONI PIZZA 13.2 OZ (2066200530),8/10/2011,25,6.01
NWMN OWN PEPPERONI PIZZA 13.2 OZ (2066200530),8/17/2011,18,6.02
NWMN OWN PEPPERONI PIZZA 13.2 OZ (2066200530),8/24/2011,14,6.45
NWMN OWN PEPPERONI PIZZA 13.2 OZ (2066200530),8/31/2011,17,6.49
NWMN OWN PEPPERONI PIZZA 13.2 OZ (2066200530),9/7/2011,36,4.99
NWMN OWN PEPPERONI PIZZA 13.2 OZ (2066200530),9/14/2011,49,4.99
NWMN OWN PEPPERONI PIZZA 13.2 OZ (2066200530),9/21/2011,27,6.05
NWMN OWN PEPPERONI PIZZA 13.2 OZ (2066200530),9/28/2011,15,6.09
NWMN OWN PEPPERONI PIZZA 13.2 OZ (2066200530),10/5/2011,21,6.09
NWMN OWN PEPPERONI PIZZA 13.2 OZ (2066200530),10/12/2011,26,6.09
NWMN OWN PEPPERONI PIZZA 13.2 OZ (2066200530),10/19/2011,21,6.59
NWMN OWN PEPPERONI PIZZA 13.2 OZ (2066200530),10/26/2011,17,6.59
NWMN OWN PEPPERONI PIZZA 13.2 OZ (2066200530),11/2/2011,21,6.61
NWMN OWN PEPPERONI PIZZA 13.2 OZ (2066200530),11/9/2011,18,6.59
NWMN OWN PEPPERONI PIZZA 13.2 OZ (2066200530),11/16/2011,24,5.99
NWMN OWN PEPPERONI PIZZA 13.2 OZ (2066200530),11/23/2011,22,5.99
NWMN OWN PEPPERONI PIZZA 13.2 OZ (2066200530),11/30/2011,15,5.99
NWMN OWN PEPPERONI PIZZA 13.2 OZ (2066200530),12/7/2011,24,5.99
NWMN OWN PEPPERONI PIZZA 13.2 OZ (2066200530),12/14/2011,17,5.99
NWMN OWN PEPPERONI PIZZA 13.2 OZ (2066200530),12/21/2011,12,6.99
NWMN OWN PEPPERONI PIZZA 13.2 OZ (2066200530),12/28/2011,9,6.99
NWMN OWN PEPPERONI PIZZA 13.2 OZ (2066200530),1/4/2012,11,6.99
