sample_data_full.csv
ITEM,DATE,UNITS,PRICE
NWMN OWN 4 CHEESE PIZZA 13.3 OZ (2066200531),3/24/2010,15,6.49
NWMN OWN 4 CHEESE PIZZA 13.3 OZ (2066200531),3/31/2010,13,6.49
NWMN OWN 4 CHEESE PIZZA 13.3 OZ (2066200531),4/7/2010,7,6.49
NWMN OWN 4 CHEESE PIZZA 13.3 OZ (2066200531),4/14/2010,15,6.49
NWMN OWN 4 CHEESE PIZZA 13.3 OZ (2066200531),4/21/2010,12,6.49
NWMN OWN 4 CHEESE PIZZA 13.3 OZ (2066200531),4/28/2010,11,6.49
NWMN OWN 4 CHEESE PIZZA 13.3 OZ (2066200531),5/5/2010,14,6.49
NWMN OWN 4 CHEESE PIZZA 13.3 OZ (2066200531),5/12/2010,12,6.49
NWMN OWN 4 CHEESE PIZZA 13.3 OZ (2066200531),5/19/2010,15,6.49
NWMN OWN 4 CHEESE PIZZA 13.3 OZ (2066200531),5/26/2010,16,6.49
NWMN OWN 4 CHEESE PIZZA 13.3 OZ (2066200531),6/2/2010,15,5.99
NWMN OWN 4 CHEESE PIZZA 13.3 OZ (2066200531),6/9/2010,10,5.99
NWMN OWN 4 CHEESE PIZZA 13.3 OZ (2066200531),6/16/2010,30,5.99
NWMN OWN 4 CHEESE PIZZA 13.3 OZ (2066200531),6/23/2010,16,5.99
NWMN OWN 4 CHEESE PIZZA 13.3 OZ (2066200531),6/30/2010,14,5.99
NWMN OWN 4 CHEESE PIZZA 13.3 OZ (2066200531),7/7/2010,18,5.99
NWMN OWN 4 CHEESE PIZZA 13.3 OZ (2066200531),7/14/2010,20,5.99
NWMN OWN 4 CHEESE PIZZA 13.3 OZ (2066200531),7/21/2010,24,5.99
NWMN OWN 4 CHEESE PIZZA 13.3 OZ (2066200531),7/28/2010,19,5.99
NWMN OWN 4 CHEESE PIZZA 13.3 OZ (2066200531),8/4/2010,24,5.99
NWMN OWN 4 CHEESE PIZZA 13.3 OZ (2066200531),8/11/2010,26,5.99
NWMN OWN 4 CHEESE PIZZA 13.3 OZ (2066200531),8/18/2010,13,5.99
NWMN OWN 4 CHEESE PIZZA 13.3 OZ (2066200531),8/25/2010,23,5.99
NWMN OWN 4 CHEESE PIZZA 13.3 OZ (2066200531),9/1/2010,26,6.01
NWMN OWN 4 CHEESE PIZZA 13.3 OZ (2066200531),9/8/2010,15,5.99
NWMN OWN 4 CHEESE PIZZA 13.3 OZ (2066200531),9/15/2010,23,5.99
NWMN OWN 4 CHEESE PIZZA 13.3 OZ (2066200531),9/22/2010,31,5.99
NWMN OWN 4 CHEESE PIZZA 13.3 OZ (2066200531),9/29/2010,30,5.99
NWMN OWN 4 CHEESE PIZZA 13.3 OZ (2066200531),10/6/2010,33,5.99
NWMN OWN 4 CHEESE PIZZA 13.3 OZ (2066200531),10/13/2010,15,5.99
NWMN OWN 4 CHEESE PIZZA 13.3 OZ (2066200531),10/20/2010,23,5.99
NWMN OWN 4 CHEESE PIZZA 13.3 OZ (2066200531),10/27/2010,19,5.99
NWMN OWN 4 CHEESE PIZZA 13.3 OZ (2066200531),11/3/2010,31,5.99
NWMN OWN 4 CHEESE PIZZA 13.3 OZ (2066200531),11/10/2010,25,5.99
NWMN OWN 4 CHEESE PIZZA 13.3 OZ (2066200531),11/17/2010,32,5.99
NWMN OWN 4 CHEESE PIZZA 13.3 OZ (2066200531),11/24/2010,36,5.99
NWMN OWN 4 CHEESE PIZZA 13.3 OZ (2066200531),12/1/2010,18,5.99
NWMN OWN 4 CHEESE PIZZA 13.3 OZ (2066200531),12/8/2010,25,4.99
NWMN OWN 4 CHEESE PIZZA 13.3 OZ (2066200531),12/15/2010,36,4.99
NWMN OWN 4 CHEESE PIZZA 13.3 OZ (2066200531),12/22/2010,21,5.94
NWMN OWN 4 CHEESE PIZZA 13.3 OZ (2066200531),12/29/2010,9,5.88
NWMN OWN 4 CHEESE PIZZA 13.3 OZ (2066200531),1/5/2011,18,5.99
NWMN OWN 4 CHEESE PIZZA 13.3 OZ (2066200531),1/12/2011,17,6.02
NWMN OWN 4 CHEESE PIZZA 13.3 OZ (2066200531),1/19/2011,30,5.99
NWMN OWN 4 CHEESE PIZZA 13.3 OZ (2066200531),1/26/2011,17,6.01
NWMN OWN 4 CHEESE PIZZA 13.3 OZ (2066200531),2/2/2011,38,5.99
NWMN OWN 4 CHEESE PIZZA 13.3 OZ (2066200531),2/9/2011,22,5.99
NWMN OWN 4 CHEESE PIZZA 13.3 OZ (2066200531),2/16/2011,25,5.99
NWMN OWN 4 CHEESE PIZZA 13.3 OZ (2066200531),2/23/2011,27,5.99
NWMN OWN 4 CHEESE PIZZA 13.3 OZ (2066200531),3/2/2011,35,5.99
NWMN OWN 4 CHEESE PIZZA 13.3 OZ (2066200531),3/9/2011,20,5.99
NWMN OWN 4 CHEESE PIZZA 13.3 OZ (2066200531),3/16/2011,30,5.99
NWMN OWN 4 CHEESE PIZZA 13.3 OZ (2066200531),3/23/2011,33,5.99
NWMN OWN 4 CHEESE PIZZA 13.3 OZ (2066200531),3/30/2011,32,5.99
NWMN OWN 4 CHEESE PIZZA 13.3 OZ (2066200531),4/6/2011,34,6.02
NWMN OWN 4 CHEESE PIZZA 13.3 OZ (2066200531),4/13/2011,35,5.99
NWMN OWN 4 CHEESE PIZZA 13.3 OZ (2066200531),4/20/2011,13,5.99
NWMN OWN 4 CHEESE PIZZA 13.3 OZ (2066200531),4/27/2011,32,5.99
NWMN OWN 4 CHEESE PIZZA 13.3 OZ (2066200531),5/4/2011,23,5.99
NWMN OWN 4 CHEESE PIZZA 13.3 OZ (2066200531),5/11/2011,26,5.99
NWMN OWN 4 CHEESE PIZZA 13.3 OZ (2066200531),5/18/2011,20,5.99
NWMN OWN 4 CHEESE PIZZA 13.3 OZ (2066200531),5/25/2011,10,5.99
NWMN OWN 4 CHEESE PIZZA 13.3 OZ (2066200531),6/1/2011,11,5.99
NWMN OWN 4 CHEESE PIZZA 13.3 OZ (2066200531),6/8/2011,20,6.44
NWMN OWN 4 CHEESE PIZZA 13.3 OZ (2066200531),6/15/2011,5,6.49
NWMN OWN 4 CHEESE PIZZA 13.3 OZ (2066200531),6/22/2011,15,6.49
NWMN OWN 4 CHEESE PIZZA 13.3 OZ (2066200531),6/29/2011,39,4.49
NWMN OWN 4 CHEESE PIZZA 13.3 OZ (2066200531),7/6/2011,34,4.49
NWMN OWN 4 CHEESE PIZZA 13.3 OZ (2066200531),7/13/2011,20,4.49
NWMN OWN 4 CHEESE PIZZA 13.3 OZ (2066200531),7/20/2011,38,4.49
NWMN OWN 4 CHEESE PIZZA 13.3 OZ (2066200531),7/27/2011,26,5.99
NWMN OWN 4 CHEESE PIZZA 13.3 OZ (2066200531),8/3/2011,16,5.99
NWMN OWN 4 CHEESE PIZZA 13.3 OZ (2066200531),8/10/2011,19,5.99
NWMN OWN 4 CHEESE PIZZA 13.3 OZ (2066200531),8/17/2011,16,5.99
NWMN OWN 4 CHEESE PIZZA 13.3 OZ (2066200531),8/24/2011,19,6.49
NWMN OWN 4 CHEESE PIZZA 13.3 OZ (2066200531),8/31/2011,16,6.49
NWMN OWN 4 CHEESE PIZZA 13.3 OZ (2066200531),9/7/2011,65,4.99
NWMN OWN 4 CHEESE PIZZA 13.3 OZ (2066200531),9/14/2011,53,4.97
NWMN OWN 4 CHEESE PIZZA 13.3 OZ (2066200531),9/21/2011,17,6.09
NWMN OWN 4 CHEESE PIZZA 13.3 OZ (2066200531),9/28/2011,24,6.09
NWMN OWN 4 CHEESE PIZZA 13.3 OZ (2066200531),10/5/2011,23,6.09
NWMN OWN 4 CHEESE PIZZA 13.3 OZ (2066200531),10/12/2011,23,6.09
NWMN OWN 4 CHEESE PIZZA 13.3 OZ (2066200531),10/19/2011,25,6.57
NWMN OWN 4 CHEESE PIZZA 13.3 OZ (2066200531),10/26/2011,20,6.56
NWMN OWN 4 CHEESE PIZZA 13.3 OZ (2066200531),11/2/2011,22,6.59
NWMN OWN 4 CHEESE PIZZA 13.3 OZ (2066200531),11/9/2011,20,6.59
NWMN OWN 4 CHEESE PIZZA 13.3 OZ (2066200531),11/16/2011,22,5.99
NWMN OWN 4 CHEESE PIZZA 13.3 OZ (2066200531),11/23/2011,35,5.99
NWMN OWN 4 CHEESE PIZZA 13.3 OZ (2066200531),11/30/2011,19,5.99
NWMN OWN 4 CHEESE PIZZA 13.3 OZ (2066200531),12/7/2011,31,5.99
NWMN OWN 4 CHEESE PIZZA 13.3 OZ (2066200531),12/14/2011,17,5.99
NWMN OWN 4 CHEESE PIZZA 13.3 OZ (2066200531),12/21/2011,19,6.99
NWMN OWN 4 CHEESE PIZZA 13.3 OZ (2066200531),12/28/2011,20,6.99
NWMN OWN 4 CHEESE PIZZA 13.3 OZ (2066200531),1/4/2012,15,6.99
NWMN OWN SUPREME PIZZA 14.7 OZ (2066200532),3/2/2011,12,6.49
NWMN OWN SUPREME PIZZA 14.7 OZ (2066200532),3/9/2011,10,5.99
NWMN OWN SUPREME PIZZA 14.7 OZ (2066200532),3/16/2011,9,5.99
NWMN OWN SUPREME PIZZA 14.7 OZ (2066200532),3/23/2011,15,5.99
NWMN OWN SUPREME PIZZA 14.7 OZ (2066200532),3/30/2011,7,5.99
NWMN OWN SUPREME PIZZA 14.7 OZ (2066200532),4/6/2011,12,5.99
NWMN OWN SUPREME PIZZA 14.7 OZ (2066200532),4/13/2011,12,5.99
NWMN OWN SUPREME PIZZA 14.7 OZ (2066200532),4/20/2011,3,5.99
NWMN OWN SUPREME PIZZA 14.7 OZ (2066200532),4/27/2011,4,5.99
NWMN OWN SUPREME PIZZA 14.7 OZ (2066200532),5/4/2011,3,5.99
NWMN OWN SUPREME PIZZA 14.7 OZ (2066200532),5/11/2011,8,5.99
NWMN OWN SUPREME PIZZA 14.7 OZ (2066200532),5/18/2011,12,5.99
NWMN OWN SUPREME PIZZA 14.7 OZ (2066200532),5/25/2011,12,6.03
NWMN OWN SUPREME PIZZA 14.7 OZ (2066200532),6/1/2011,9,5.99
NWMN OWN SUPREME PIZZA 14.7 OZ (2066200532),6/8/2011,7,6.42
NWMN OWN SUPREME PIZZA 14.7 OZ (2066200532),6/15/2011,7,6.49
NWMN OWN SUPREME PIZZA 14.7 OZ (2066200532),6/22/2011,9,6.49
NWMN OWN SUPREME PIZZA 14.7 OZ (2066200532),6/29/2011,17,4.61
NWMN OWN SUPREME PIZZA 14.7 OZ (2066200532),7/6/2011,13,4.49
NWMN OWN SUPREME PIZZA 14.7 OZ (2066200532),7/13/2011,17,4.49
NWMN OWN SUPREME PIZZA 14.7 OZ (2066200532),7/20/2011,11,4.49
NWMN OWN SUPREME PIZZA 14.7 OZ (2066200532),7/27/2011,6,5.99
NWMN OWN SUPREME PIZZA 14.7 OZ (2066200532),8/3/2011,7,5.99
NWMN OWN SUPREME PIZZA 14.7 OZ (2066200532),8/10/2011,8,5.99
NWMN OWN SUPREME PIZZA 14.7 OZ (2066200532),8/17/2011,13,5.99
NWMN OWN SUPREME PIZZA 14.7 OZ (2066200532),8/24/2011,10,6.49
NWMN OWN SUPREME PIZZA 14.7 OZ (2066200532),8/31/2011,10,6.49
NWMN OWN SUPREME PIZZA 14.7 OZ (2066200532),9/7/2011,21,4.99
NWMN OWN SUPREME PIZZA 14.7 OZ (2066200532),9/14/2011,34,4.99
NWMN OWN SUPREME PIZZA 14.7 OZ (2066200532),9/21/2011,13,6.09
NWMN OWN SUPREME PIZZA 14.7 OZ (2066200532),9/28/2011,9,6.09
NWMN OWN SUPREME PIZZA 14.7 OZ (2066200532),10/5/2011,13,6.09
NWMN OWN SUPREME PIZZA 14.7 OZ (2066200532),10/12/2011,8,6.09
NWMN OWN SUPREME PIZZA 14.7 OZ (2066200532),10/19/2011,12,6.59
NWMN OWN SUPREME PIZZA 14.7 OZ (2066200532),10/26/2011,6,6.59
NWMN OWN SUPREME PIZZA 14.7 OZ (2066200532),11/2/2011,15,6.59
NWMN OWN SUPREME PIZZA 14.7 OZ (2066200532),11/9/2011,8,6.59
NWMN OWN SUPREME PIZZA 14.7 OZ (2066200532),11/16/2011,10,5.99
NWMN OWN SUPREME PIZZA 14.7 OZ (2066200532),11/23/2011,11,5.99
NWMN OWN SUPREME PIZZA 14.7 OZ (2066200532),11/30/2011,9,5.99
NWMN OWN SUPREME PIZZA 14.7 OZ (2066200532),12/7/2011,18,5.99
NWMN OWN SUPREME PIZZA 14.7 OZ (2066200532),12/14/2011,12,5.99
NWMN OWN SUPREME PIZZA 14.7 OZ (2066200532),12/21/2011,9,6.99
NWMN OWN SUPREME PIZZA 14.7 OZ (2066200532),12/28/2011,11,6.99
NWMN OWN SUPREME PIZZA 14.7 OZ (2066200532),1/4/2012,5,6.99
