sample_data_full.csv
ITEM,DATE,UNITS,PRICE
RLDGLD BRAIDED HONEY WHT 10 OZ (2840002333),1/14/2009,20,2.89
RLDGLD BRAIDED HONEY WHT 10 OZ (2840002333),1/21/2009,20,2.89
RLDGLD BRAIDED HONEY WHT 10 OZ (2840002333),1/28/2009,23,2.5
RLDGLD BRAIDED HONEY WHT 10 OZ (2840002333),2/4/2009,35,2.5
RLDGLD BRAIDED HONEY WHT 10 OZ (2840002333),2/11/2009,33,2.5
RLDGLD BRAIDED HONEY WHT 10 OZ (2840002333),2/18/2009,22,2.49
RLDGLD BRAIDED HONEY WHT 10 OZ (2840002333),2/25/2009,29,2.49
RLDGLD BRAIDED HONEY WHT 10 OZ (2840002333),3/4/2009,22,2.49
RLDGLD BRAIDED HONEY WHT 10 OZ (2840002333),3/11/2009,43,2.49
RLDGLD BRAIDED HONEY WHT 10 OZ (2840002333),3/18/2009,26,2.87
RLDGLD BRAIDED HONEY WHT 10 OZ (2840002333),3/25/2009,25,2.89
RLDGLD BRAIDED HONEY WHT 10 OZ (2840002333),4/1/2009,20,2.89
RLDGLD BRAIDED HONEY WHT 10 OZ (2840002333),4/8/2009,21,2.89
RLDGLD BRAIDED HONEY WHT 10 OZ (2840002333),4/15/2009,22,2.89
RLDGLD BRAIDED HONEY WHT 10 OZ (2840002333),4/22/2009,31,2.89
RLDGLD BRAIDED HONEY WHT 10 OZ (2840002333),4/29/2009,23,2.89
RLDGLD BRAIDED HONEY WHT 10 OZ (2840002333),5/6/2009,24,2.89
RLDGLD BRAIDED HONEY WHT 10 OZ (2840002333),5/13/2009,17,2.89
RLDGLD BRAIDED HONEY WHT 10 OZ (2840002333),5/20/2009,18,2.89
RLDGLD BRAIDED HONEY WHT 10 OZ (2840002333),5/27/2009,39,2.88
RLDGLD BRAIDED HONEY WHT 10 OZ (2840002333),6/3/2009,28,2.89
RLDGLD BRAIDED HONEY WHT 10 OZ (2840002333),6/10/2009,17,2.89
RLDGLD BRAIDED HONEY WHT 10 OZ (2840002333),6/17/2009,13,2.89
RLDGLD BRAIDED HONEY WHT 10 OZ (2840002333),6/24/2009,24,2.89
RLDGLD BRAIDED HONEY WHT 10 OZ (2840002333),7/1/2009,21,2.89
RLDGLD BRAIDED HONEY WHT 10 OZ (2840002333),7/8/2009,21,2.89
RLDGLD BRAIDED HONEY WHT 10 OZ (2840002333),7/15/2009,21,2.89
RLDGLD BRAIDED HONEY WHT 10 OZ (2840002333),7/22/2009,11,2.89
RLDGLD BRAIDED HONEY WHT 10 OZ (2840002333),7/29/2009,19,2.89
RLDGLD BRAIDED HONEY WHT 10 OZ (2840002333),8/5/2009,18,2.89
RLDGLD BRAIDED HONEY WHT 10 OZ (2840002333),8/12/2009,20,2.89
RLDGLD BRAIDED HONEY WHT 10 OZ (2840002333),8/19/2009,20,2.89
RLDGLD BRAIDED HONEY WHT 10 OZ (2840002333),8/26/2009,20,2.89
RLDGLD BRAIDED HONEY WHT 10 OZ (2840002333),9/2/2009,26,2.89
RLDGLD BRAIDED HONEY WHT 10 OZ (2840002333),9/9/2009,21,2.89
RLDGLD BRAIDED HONEY WHT 10 OZ (2840002333),9/16/2009,19,2.89
RLDGLD BRAIDED HONEY WHT 10 OZ (2840002333),9/23/2009,17,2.89
RLDGLD BRAIDED HONEY WHT 10 OZ (2840002333),9/30/2009,18,2.89
RLDGLD BRAIDED HONEY WHT 10 OZ (2840002333),10/7/2009,18,2.89
RLDGLD BRAIDED HONEY WHT 10 OZ (2840002333),10/14/2009,13,2.89
RLDGLD BRAIDED HONEY WHT 10 OZ (2840002333),10/21/2009,15,2.89
RLDGLD BRAIDED HONEY WHT 10 OZ (2840002333),10/28/2009,10,2.89
RLDGLD BRAIDED HONEY WHT 10 OZ (2840002333),11/4/2009,19,2.89
RLDGLD BRAIDED HONEY WHT 10 OZ (2840002333),11/11/2009,11,2.89
RLDGLD BRAIDED HONEY WHT 10 OZ (2840002333),11/18/2009,20,2.89
RLDGLD BRAIDED HONEY WHT 10 OZ (2840002333),11/25/2009,26,2.89
RLDGLD BRAIDED HONEY WHT 10 OZ (2840002333),12/2/2009,13,2.89
RLDGLD BRAIDED HONEY WHT 10 OZ (2840002333),12/9/2009,17,2.89
RLDGLD BRAIDED HONEY WHT 10 OZ (2840002333),12/16/2009,28,2.89
RLDGLD BRAIDED HONEY WHT 10 OZ (2840002333),12/23/2009,18,2.89
RLDGLD BRAIDED HONEY WHT 10 OZ (2840002333),12/30/2009,14,2.89
RLDGLD BRAIDED HONEY WHT 10 OZ (2840002333),1/6/2010,21,2.89
RLDGLD BRAIDED HONEY WHT 10 OZ (2840002333),1/13/2010,24,2.89
RLDGLD BRAIDED HONEY WHT 10 OZ (2840002333),1/20/2010,29,2.89
RLDGLD BRAIDED HONEY WHT 10 OZ (2840002333),1/27/2010,22,2.89
RLDGLD BRAIDED HONEY WHT 10 OZ (2840002333),2/3/2010,16,2.89
RLDGLD BRAIDED HONEY WHT 10 OZ (2840002333),2/10/2010,29,2.99
RLDGLD BRAIDED HONEY WHT 10 OZ (2840002333),2/17/2010,14,2.99
RLDGLD BRAIDED HONEY WHT 10 OZ (2840002333),2/24/2010,26,2.99
RLDGLD BRAIDED HONEY WHT 10 OZ (2840002333),3/3/2010,29,2.99
RLDGLD BRAIDED HONEY WHT 10 OZ (2840002333),3/10/2010,33,2.99
RLDGLD BRAIDED HONEY WHT 10 OZ (2840002333),3/17/2010,15,2.99
RLDGLD BRAIDED HONEY WHT 10 OZ (2840002333),3/24/2010,28,2.99
RLDGLD BRAIDED HONEY WHT 10 OZ (2840002333),3/31/2010,23,2.96
RLDGLD BRAIDED HONEY WHT 10 OZ (2840002333),4/7/2010,29,2.99
RLDGLD BRAIDED HONEY WHT 10 OZ (2840002333),4/14/2010,31,2.99
RLDGLD BRAIDED HONEY WHT 10 OZ (2840002333),4/21/2010,30,2.99
RLDGLD BRAIDED HONEY WHT 10 OZ (2840002333),4/28/2010,32,2.99
RLDGLD BRAIDED HONEY WHT 10 OZ (2840002333),5/5/2010,33,2.99
RLDGLD BRAIDED HONEY WHT 10 OZ (2840002333),5/12/2010,26,2.97
RLDGLD BRAIDED HONEY WHT 10 OZ (2840002333),5/19/2010,34,2.99
RLDGLD BRAIDED HONEY WHT 10 OZ (2840002333),5/26/2010,29,2.99
RLDGLD BRAIDED HONEY WHT 10 OZ (2840002333),6/2/2010,30,2.99
RLDGLD BRAIDED HONEY WHT 10 OZ (2840002333),6/9/2010,33,2.99
RLDGLD BRAIDED HONEY WHT 10 OZ (2840002333),6/16/2010,18,2.99
RLDGLD BRAIDED HONEY WHT 10 OZ (2840002333),6/23/2010,24,2.99
RLDGLD BRAIDED HONEY WHT 10 OZ (2840002333),6/30/2010,30,2.99
RLDGLD BRAIDED HONEY WHT 10 OZ (2840002333),7/7/2010,25,2.99
RLDGLD BRAIDED HONEY WHT 10 OZ (2840002333),7/14/2010,36,2.99
RLDGLD BRAIDED HONEY WHT 10 OZ (2840002333),7/21/2010,24,2.99
RLDGLD BRAIDED HONEY WHT 10 OZ (2840002333),7/28/2010,40,2.99
RLDGLD BRAIDED HONEY WHT 10 OZ (2840002333),8/4/2010,26,2.99
RLDGLD BRAIDED HONEY WHT 10 OZ (2840002333),8/11/2010,30,2.99
RLDGLD BRAIDED HONEY WHT 10 OZ (2840002333),8/18/2010,37,2.99
RLDGLD BRAIDED HONEY WHT 10 OZ (2840002333),8/25/2010,40,1.99
RLDGLD BRAIDED HONEY WHT 10 OZ (2840002333),9/1/2010,54,1.99
RLDGLD BRAIDED HONEY WHT 10 OZ (2840002333),9/8/2010,53,1.99
RLDGLD BRAIDED HONEY WHT 10 OZ (2840002333),9/15/2010,30,2.67
RLDGLD BRAIDED HONEY WHT 10 OZ (2840002333),9/22/2010,46,2.99
RLDGLD BRAIDED HONEY WHT 10 OZ (2840002333),9/29/2010,36,2.99
RLDGLD BRAIDED HONEY WHT 10 OZ (2840002333),10/6/2010,41,2.99
RLDGLD BRAIDED HONEY WHT 10 OZ (2840002333),10/13/2010,45,2.99
RLDGLD BRAIDED HONEY WHT 10 OZ (2840002333),10/20/2010,37,2.99
RLDGLD BRAIDED HONEY WHT 10 OZ (2840002333),10/27/2010,40,2.99
RLDGLD BRAIDED HONEY WHT 10 OZ (2840002333),11/3/2010,34,2.99
RLDGLD BRAIDED HONEY WHT 10 OZ (2840002333),11/10/2010,33,2.99
RLDGLD BRAIDED HONEY WHT 10 OZ (2840002333),11/17/2010,27,2.99
RLDGLD BRAIDED HONEY WHT 10 OZ (2840002333),11/24/2010,37,2.99
RLDGLD BRAIDED HONEY WHT 10 OZ (2840002333),12/1/2010,24,2.99
RLDGLD BRAIDED HONEY WHT 10 OZ (2840002333),12/8/2010,23,2.99
RLDGLD BRAIDED HONEY WHT 10 OZ (2840002333),12/15/2010,28,2.99
RLDGLD BRAIDED HONEY WHT 10 OZ (2840002333),12/22/2010,21,2.99
RLDGLD BRAIDED HONEY WHT 10 OZ (2840002333),12/29/2010,29,2.99
RLDGLD BRAIDED HONEY WHT 10 OZ (2840002333),1/5/2011,23,2.99
RLDGLD BRAIDED HONEY WHT 10 OZ (2840002333),1/12/2011,34,2.99
RLDGLD BRAIDED HONEY WHT 10 OZ (2840002333),1/19/2011,37,2.99
RLDGLD BRAIDED HONEY WHT 10 OZ (2840002333),1/26/2011,35,2.18
RLDGLD BRAIDED HONEY WHT 10 OZ (2840002333),2/2/2011,41,2.18
RLDGLD BRAIDED HONEY WHT 10 OZ (2840002333),2/9/2011,41,2.18
RLDGLD BRAIDED HONEY WHT 10 OZ (2840002333),2/16/2011,22,2.18
RLDGLD BRAIDED HONEY WHT 10 OZ (2840002333),2/23/2011,9,2.99
RLDGLD BRAIDED HONEY WHT 10 OZ (2840002333),3/2/2011,12,2.99
RLDGLD BRAIDED HONEY WHT 10 OZ (2840002333),3/9/2011,31,2.99
RLDGLD BRAIDED HONEY WHT 10 OZ (2840002333),3/16/2011,22,2.99
RLDGLD BRAIDED HONEY WHT 10 OZ (2840002333),3/23/2011,23,2.99
RLDGLD BRAIDED HONEY WHT 10 OZ (2840002333),3/30/2011,34,2.99
RLDGLD BRAIDED HONEY WHT 10 OZ (2840002333),4/6/2011,20,2.99
RLDGLD BRAIDED HONEY WHT 10 OZ (2840002333),4/13/2011,62,1.99
RLDGLD BRAIDED HONEY WHT 10 OZ (2840002333),4/20/2011,34,2.96
RLDGLD BRAIDED HONEY WHT 10 OZ (2840002333),4/27/2011,20,2.99
RLDGLD BRAIDED HONEY WHT 10 OZ (2840002333),5/4/2011,18,2.99
RLDGLD BRAIDED HONEY WHT 10 OZ (2840002333),5/11/2011,16,2.99
RLDGLD BRAIDED HONEY WHT 10 OZ (2840002333),5/18/2011,21,2.49
RLDGLD BRAIDED HONEY WHT 10 OZ (2840002333),5/25/2011,26,2.51
RLDGLD BRAIDED HONEY WHT 10 OZ (2840002333),6/1/2011,14,2.99
RLDGLD BRAIDED HONEY WHT 10 OZ (2840002333),6/8/2011,24,2.99
RLDGLD BRAIDED HONEY WHT 10 OZ (2840002333),6/15/2011,33,2.99
RLDGLD BRAIDED HONEY WHT 10 OZ (2840002333),6/22/2011,19,2.99
RLDGLD BRAIDED HONEY WHT 10 OZ (2840002333),6/29/2011,17,2.99
RLDGLD BRAIDED HONEY WHT 10 OZ (2840002333),7/6/2011,24,2.99
RLDGLD BRAIDED HONEY WHT 10 OZ (2840002333),7/13/2011,15,2.99
RLDGLD BRAIDED HONEY WHT 10 OZ (2840002333),7/20/2011,15,3.29
RLDGLD BRAIDED HONEY WHT 10 OZ (2840002333),7/27/2011,19,3.29
RLDGLD BRAIDED HONEY WHT 10 OZ (2840002333),8/3/2011,15,3.29
RLDGLD BRAIDED HONEY WHT 10 OZ (2840002333),8/10/2011,19,3.29
RLDGLD BRAIDED HONEY WHT 10 OZ (2840002333),8/17/2011,21,3.13
RLDGLD BRAIDED HONEY WHT 10 OZ (2840002333),8/24/2011,10,3.29
RLDGLD BRAIDED HONEY WHT 10 OZ (2840002333),8/31/2011,22,3.29
RLDGLD BRAIDED HONEY WHT 10 OZ (2840002333),9/7/2011,21,3.29
RLDGLD BRAIDED HONEY WHT 10 OZ (2840002333),9/14/2011,15,3.29
RLDGLD BRAIDED HONEY WHT 10 OZ (2840002333),9/21/2011,13,3.29
RLDGLD BRAIDED HONEY WHT 10 OZ (2840002333),9/28/2011,20,3.29
RLDGLD BRAIDED HONEY WHT 10 OZ (2840002333),10/5/2011,22,3.29
RLDGLD BRAIDED HONEY WHT 10 OZ (2840002333),10/12/2011,18,3.29
RLDGLD BRAIDED HONEY WHT 10 OZ (2840002333),10/19/2011,25,3.29
RLDGLD BRAIDED HONEY WHT 10 OZ (2840002333),10/26/2011,14,3.29
RLDGLD BRAIDED HONEY WHT 10 OZ (2840002333),11/2/2011,19,3.29
RLDGLD BRAIDED HONEY WHT 10 OZ (2840002333),11/9/2011,21,3.29
RLDGLD BRAIDED HONEY WHT 10 OZ (2840002333),11/16/2011,11,3.29
RLDGLD BRAIDED HONEY WHT 10 OZ (2840002333),11/23/2011,8,3.29
RLDGLD BRAIDED HONEY WHT 10 OZ (2840002333),11/30/2011,20,3.29
RLDGLD BRAIDED HONEY WHT 10 OZ (2840002333),12/7/2011,17,3.29
RLDGLD BRAIDED HONEY WHT 10 OZ (2840002333),12/14/2011,11,3.29
RLDGLD BRAIDED HONEY WHT 10 OZ (2840002333),12/21/2011,20,3.29
RLDGLD BRAIDED HONEY WHT 10 OZ (2840002333),12/28/2011,15,3.29
RLDGLD BRAIDED HONEY WHT 10 OZ (2840002333),1/4/2012,14,3.29
