sample_data_full.csv
ITEM,DATE,UNITS,PRICE
RLDGLD TINY TWISTS PRTZL 16 OZ (2840004768),1/14/2009,39,2.89
RLDGLD TINY TWISTS PRTZL 16 OZ (2840004768),1/21/2009,39,2.89
RLDGLD TINY TWISTS PRTZL 16 OZ (2840004768),1/28/2009,38,2.51
RLDGLD TINY TWISTS PRTZL 16 OZ (2840004768),2/4/2009,49,2.51
RLDGLD TINY TWISTS PRTZL 16 OZ (2840004768),2/11/2009,31,2.47
RLDGLD TINY TWISTS PRTZL 16 OZ (2840004768),2/18/2009,69,2.49
RLDGLD TINY TWISTS PRTZL 16 OZ (2840004768),2/25/2009,65,2.49
RLDGLD TINY TWISTS PRTZL 16 OZ (2840004768),3/4/2009,59,2.49
RLDGLD TINY TWISTS PRTZL 16 OZ (2840004768),3/11/2009,60,2.49
RLDGLD TINY TWISTS PRTZL 16 OZ (2840004768),3/18/2009,38,2.88
RLDGLD TINY TWISTS PRTZL 16 OZ (2840004768),3/25/2009,38,2.89
RLDGLD TINY TWISTS PRTZL 16 OZ (2840004768),4/1/2009,28,2.89
RLDGLD TINY TWISTS PRTZL 16 OZ (2840004768),4/8/2009,27,2.89
RLDGLD TINY TWISTS PRTZL 16 OZ (2840004768),4/15/2009,26,2.89
RLDGLD TINY TWISTS PRTZL 16 OZ (2840004768),4/22/2009,37,2.89
RLDGLD TINY TWISTS PRTZL 16 OZ (2840004768),4/29/2009,22,2.89
RLDGLD TINY TWISTS PRTZL 16 OZ (2840004768),5/6/2009,25,2.89
RLDGLD TINY TWISTS PRTZL 16 OZ (2840004768),5/13/2009,35,2.89
RLDGLD TINY TWISTS PRTZL 16 OZ (2840004768),5/20/2009,25,2.89
RLDGLD TINY TWISTS PRTZL 16 OZ (2840004768),5/27/2009,43,2.88
RLDGLD TINY TWISTS PRTZL 16 OZ (2840004768),6/3/2009,38,2.89
RLDGLD TINY TWISTS PRTZL 16 OZ (2840004768),6/10/2009,47,2.89
RLDGLD TINY TWISTS PRTZL 16 OZ (2840004768),6/17/2009,32,2.89
RLDGLD TINY TWISTS PRTZL 16 OZ (2840004768),6/24/2009,31,2.89
RLDGLD TINY TWISTS PRTZL 16 OZ (2840004768),7/1/2009,37,2.89
RLDGLD TINY TWISTS PRTZL 16 OZ (2840004768),7/8/2009,37,2.87
RLDGLD TINY TWISTS PRTZL 16 OZ (2840004768),7/15/2009,36,2.89
RLDGLD TINY TWISTS PRTZL 16 OZ (2840004768),7/22/2009,36,2.89
RLDGLD TINY TWISTS PRTZL 16 OZ (2840004768),7/29/2009,27,2.89
RLDGLD TINY TWISTS PRTZL 16 OZ (2840004768),8/5/2009,25,2.89
RLDGLD TINY TWISTS PRTZL 16 OZ (2840004768),8/12/2009,27,2.89
RLDGLD TINY TWISTS PRTZL 16 OZ (2840004768),8/19/2009,29,2.89
RLDGLD TINY TWISTS PRTZL 16 OZ (2840004768),8/26/2009,27,2.89
RLDGLD TINY TWISTS PRTZL 16 OZ (2840004768),9/2/2009,31,2.89
RLDGLD TINY TWISTS PRTZL 16 OZ (2840004768),9/9/2009,31,2.88
RLDGLD TINY TWISTS PRTZL 16 OZ (2840004768),9/16/2009,29,2.89
RLDGLD TINY TWISTS PRTZL 16 OZ (2840004768),9/23/2009,25,2.89
RLDGLD TINY TWISTS PRTZL 16 OZ (2840004768),9/30/2009,23,2.89
RLDGLD TINY TWISTS PRTZL 16 OZ (2840004768),10/7/2009,18,2.89
RLDGLD TINY TWISTS PRTZL 16 OZ (2840004768),10/14/2009,23,2.89
RLDGLD TINY TWISTS PRTZL 16 OZ (2840004768),10/21/2009,22,2.89
RLDGLD TINY TWISTS PRTZL 16 OZ (2840004768),10/28/2009,19,2.89
RLDGLD TINY TWISTS PRTZL 16 OZ (2840004768),11/4/2009,25,2.89
RLDGLD TINY TWISTS PRTZL 16 OZ (2840004768),11/11/2009,26,2.89
RLDGLD TINY TWISTS PRTZL 16 OZ (2840004768),11/18/2009,25,2.89
RLDGLD TINY TWISTS PRTZL 16 OZ (2840004768),11/25/2009,25,2.89
RLDGLD TINY TWISTS PRTZL 16 OZ (2840004768),12/2/2009,22,2.89
RLDGLD TINY TWISTS PRTZL 16 OZ (2840004768),12/9/2009,27,2.89
RLDGLD TINY TWISTS PRTZL 16 OZ (2840004768),12/16/2009,25,2.89
RLDGLD TINY TWISTS PRTZL 16 OZ (2840004768),12/23/2009,39,2.89
RLDGLD TINY TWISTS PRTZL 16 OZ (2840004768),12/30/2009,32,2.89
RLDGLD TINY TWISTS PRTZL 16 OZ (2840004768),1/6/2010,34,2.89
RLDGLD TINY TWISTS PRTZL 16 OZ (2840004768),1/13/2010,18,2.89
RLDGLD TINY TWISTS PRTZL 16 OZ (2840004768),1/20/2010,23,2.89
RLDGLD TINY TWISTS PRTZL 16 OZ (2840004768),1/27/2010,17,2.89
RLDGLD TINY TWISTS PRTZL 16 OZ (2840004768),2/3/2010,16,2.89
RLDGLD TINY TWISTS PRTZL 16 OZ (2840004768),2/10/2010,28,2.99
RLDGLD TINY TWISTS PRTZL 16 OZ (2840004768),2/17/2010,25,2.99
RLDGLD TINY TWISTS PRTZL 16 OZ (2840004768),2/24/2010,19,2.99
RLDGLD TINY TWISTS PRTZL 16 OZ (2840004768),3/3/2010,20,2.99
RLDGLD TINY TWISTS PRTZL 16 OZ (2840004768),3/10/2010,38,2.99
RLDGLD TINY TWISTS PRTZL 16 OZ (2840004768),3/17/2010,14,2.99
RLDGLD TINY TWISTS PRTZL 16 OZ (2840004768),3/24/2010,29,2.98
RLDGLD TINY TWISTS PRTZL 16 OZ (2840004768),3/31/2010,19,2.97
RLDGLD TINY TWISTS PRTZL 16 OZ (2840004768),4/7/2010,26,2.99
RLDGLD TINY TWISTS PRTZL 16 OZ (2840004768),4/14/2010,22,2.99
RLDGLD TINY TWISTS PRTZL 16 OZ (2840004768),4/21/2010,28,2.99
RLDGLD TINY TWISTS PRTZL 16 OZ (2840004768),4/28/2010,35,2.99
RLDGLD TINY TWISTS PRTZL 16 OZ (2840004768),5/5/2010,28,2.99
RLDGLD TINY TWISTS PRTZL 16 OZ (2840004768),5/12/2010,34,2.97
RLDGLD TINY TWISTS PRTZL 16 OZ (2840004768),5/19/2010,32,2.99
RLDGLD TINY TWISTS PRTZL 16 OZ (2840004768),5/26/2010,28,2.99
RLDGLD TINY TWISTS PRTZL 16 OZ (2840004768),6/2/2010,25,2.99
RLDGLD TINY TWISTS PRTZL 16 OZ (2840004768),6/9/2010,22,2.99
RLDGLD TINY TWISTS PRTZL 16 OZ (2840004768),6/16/2010,18,2.99
RLDGLD TINY TWISTS PRTZL 16 OZ (2840004768),6/23/2010,19,2.99
RLDGLD TINY TWISTS PRTZL 16 OZ (2840004768),6/30/2010,20,2.99
RLDGLD TINY TWISTS PRTZL 16 OZ (2840004768),7/7/2010,13,2.99
RLDGLD TINY TWISTS PRTZL 16 OZ (2840004768),7/14/2010,17,2.99
RLDGLD TINY TWISTS PRTZL 16 OZ (2840004768),7/21/2010,19,2.99
RLDGLD TINY TWISTS PRTZL 16 OZ (2840004768),7/28/2010,16,2.99
RLDGLD TINY TWISTS PRTZL 16 OZ (2840004768),8/4/2010,15,2.99
RLDGLD TINY TWISTS PRTZL 16 OZ (2840004768),8/11/2010,11,2.99
RLDGLD TINY TWISTS PRTZL 16 OZ (2840004768),8/18/2010,18,2.99
RLDGLD TINY TWISTS PRTZL 16 OZ (2840004768),8/25/2010,47,1.99
RLDGLD TINY TWISTS PRTZL 16 OZ (2840004768),9/1/2010,38,1.99
RLDGLD TINY TWISTS PRTZL 16 OZ (2840004768),9/8/2010,53,2.01
RLDGLD TINY TWISTS PRTZL 16 OZ (2840004768),9/15/2010,13,2.76
RLDGLD TINY TWISTS PRTZL 16 OZ (2840004768),9/22/2010,18,2.99
RLDGLD TINY TWISTS PRTZL 16 OZ (2840004768),9/29/2010,26,2.99
RLDGLD TINY TWISTS PRTZL 16 OZ (2840004768),10/6/2010,25,2.99
RLDGLD TINY TWISTS PRTZL 16 OZ (2840004768),10/13/2010,16,2.99
RLDGLD TINY TWISTS PRTZL 16 OZ (2840004768),10/20/2010,11,2.99
RLDGLD TINY TWISTS PRTZL 16 OZ (2840004768),10/27/2010,21,2.99
RLDGLD TINY TWISTS PRTZL 16 OZ (2840004768),11/3/2010,21,2.99
RLDGLD TINY TWISTS PRTZL 16 OZ (2840004768),11/10/2010,22,2.99
RLDGLD TINY TWISTS PRTZL 16 OZ (2840004768),11/17/2010,19,2.99
RLDGLD TINY TWISTS PRTZL 16 OZ (2840004768),11/24/2010,24,2.99
RLDGLD TINY TWISTS PRTZL 16 OZ (2840004768),12/1/2010,20,2.99
RLDGLD TINY TWISTS PRTZL 16 OZ (2840004768),12/8/2010,26,2.99
RLDGLD TINY TWISTS PRTZL 16 OZ (2840004768),12/15/2010,23,2.99
RLDGLD TINY TWISTS PRTZL 16 OZ (2840004768),12/22/2010,30,2.99
RLDGLD TINY TWISTS PRTZL 16 OZ (2840004768),12/29/2010,30,2.99
RLDGLD TINY TWISTS PRTZL 16 OZ (2840004768),1/5/2011,30,2.99
RLDGLD TINY TWISTS PRTZL 16 OZ (2840004768),1/12/2011,26,2.99
RLDGLD TINY TWISTS PRTZL 16 OZ (2840004768),1/19/2011,21,2.99
RLDGLD TINY TWISTS PRTZL 16 OZ (2840004768),1/26/2011,60,2.18
RLDGLD TINY TWISTS PRTZL 16 OZ (2840004768),2/2/2011,69,2.18
RLDGLD TINY TWISTS PRTZL 16 OZ (2840004768),2/9/2011,43,2.2
RLDGLD TINY TWISTS PRTZL 16 OZ (2840004768),2/16/2011,33,2.18
RLDGLD TINY TWISTS PRTZL 16 OZ (2840004768),2/23/2011,13,2.99
RLDGLD TINY TWISTS PRTZL 16 OZ (2840004768),3/2/2011,14,2.99
RLDGLD TINY TWISTS PRTZL 16 OZ (2840004768),3/9/2011,27,2.99
RLDGLD TINY TWISTS PRTZL 16 OZ (2840004768),3/16/2011,20,2.99
RLDGLD TINY TWISTS PRTZL 16 OZ (2840004768),3/23/2011,34,2.98
RLDGLD TINY TWISTS PRTZL 16 OZ (2840004768),3/30/2011,32,2.99
RLDGLD TINY TWISTS PRTZL 16 OZ (2840004768),4/6/2011,42,2.99
RLDGLD TINY TWISTS PRTZL 16 OZ (2840004768),4/13/2011,104,1.99
RLDGLD TINY TWISTS PRTZL 16 OZ (2840004768),4/20/2011,45,2.99
RLDGLD TINY TWISTS PRTZL 16 OZ (2840004768),4/27/2011,38,2.99
RLDGLD TINY TWISTS PRTZL 16 OZ (2840004768),5/4/2011,33,2.99
RLDGLD TINY TWISTS PRTZL 16 OZ (2840004768),5/11/2011,37,2.98
RLDGLD TINY TWISTS PRTZL 16 OZ (2840004768),5/18/2011,56,2.49
RLDGLD TINY TWISTS PRTZL 16 OZ (2840004768),5/25/2011,52,2.49
RLDGLD TINY TWISTS PRTZL 16 OZ (2840004768),6/1/2011,38,2.99
RLDGLD TINY TWISTS PRTZL 16 OZ (2840004768),6/8/2011,53,2.99
RLDGLD TINY TWISTS PRTZL 16 OZ (2840004768),6/15/2011,43,2.99
RLDGLD TINY TWISTS PRTZL 16 OZ (2840004768),6/22/2011,43,2.99
RLDGLD TINY TWISTS PRTZL 16 OZ (2840004768),6/29/2011,49,2.99
RLDGLD TINY TWISTS PRTZL 16 OZ (2840004768),7/6/2011,48,2.99
RLDGLD TINY TWISTS PRTZL 16 OZ (2840004768),7/13/2011,26,2.99
RLDGLD TINY TWISTS PRTZL 16 OZ (2840004768),7/20/2011,41,3.29
RLDGLD TINY TWISTS PRTZL 16 OZ (2840004768),7/27/2011,25,3.29
RLDGLD TINY TWISTS PRTZL 16 OZ (2840004768),8/3/2011,40,3.29
RLDGLD TINY TWISTS PRTZL 16 OZ (2840004768),8/10/2011,43,3.21
RLDGLD TINY TWISTS PRTZL 16 OZ (2840004768),8/17/2011,29,3.29
RLDGLD TINY TWISTS PRTZL 16 OZ (2840004768),8/24/2011,41,3.29
RLDGLD TINY TWISTS PRTZL 16 OZ (2840004768),8/31/2011,39,3.29
RLDGLD TINY TWISTS PRTZL 16 OZ (2840004768),9/7/2011,35,3.29
RLDGLD TINY TWISTS PRTZL 16 OZ (2840004768),9/14/2011,37,3.2
RLDGLD TINY TWISTS PRTZL 16 OZ (2840004768),9/21/2011,32,3.29
RLDGLD TINY TWISTS PRTZL 16 OZ (2840004768),9/28/2011,39,3.29
RLDGLD TINY TWISTS PRTZL 16 OZ (2840004768),10/5/2011,35,3.29
RLDGLD TINY TWISTS PRTZL 16 OZ (2840004768),10/12/2011,42,3.29
RLDGLD TINY TWISTS PRTZL 16 OZ (2840004768),10/19/2011,15,3.29
RLDGLD TINY TWISTS PRTZL 16 OZ (2840004768),10/26/2011,26,3.29
RLDGLD TINY TWISTS PRTZL 16 OZ (2840004768),11/2/2011,38,3.28
RLDGLD TINY TWISTS PRTZL 16 OZ (2840004768),11/9/2011,27,3.29
RLDGLD TINY TWISTS PRTZL 16 OZ (2840004768),11/16/2011,33,3.19
RLDGLD TINY TWISTS PRTZL 16 OZ (2840004768),11/23/2011,32,2.98
RLDGLD TINY TWISTS PRTZL 16 OZ (2840004768),11/30/2011,37,3.29
RLDGLD TINY TWISTS PRTZL 16 OZ (2840004768),12/7/2011,37,3.2
RLDGLD TINY TWISTS PRTZL 16 OZ (2840004768),12/14/2011,36,3.2
RLDGLD TINY TWISTS PRTZL 16 OZ (2840004768),12/21/2011,45,3.29
RLDGLD TINY TWISTS PRTZL 16 OZ (2840004768),12/28/2011,45,3.29
RLDGLD TINY TWISTS PRTZL 16 OZ (2840004768),1/4/2012,24,3.28
