sample_data_full.csv
ITEM,DATE,UNITS,PRICE
RLDGLD PRETZEL STICKS 16 OZ (2840004770),1/14/2009,19,2.89
RLDGLD PRETZEL STICKS 16 OZ (2840004770),1/21/2009,14,2.89
RLDGLD PRETZEL STICKS 16 OZ (2840004770),1/28/2009,20,2.5
RLDGLD PRETZEL STICKS 16 OZ (2840004770),2/4/2009,29,2.5
RLDGLD PRETZEL STICKS 16 OZ (2840004770),2/11/2009,54,2.49
RLDGLD PRETZEL STICKS 16 OZ (2840004770),2/18/2009,40,2.5
RLDGLD PRETZEL STICKS 16 OZ (2840004770),2/25/2009,45,2.5
RLDGLD PRETZEL STICKS 16 OZ (2840004770),3/4/2009,40,2.49
RLDGLD PRETZEL STICKS 16 OZ (2840004770),3/11/2009,51,2.5
RLDGLD PRETZEL STICKS 16 OZ (2840004770),3/18/2009,19,2.87
RLDGLD PRETZEL STICKS 16 OZ (2840004770),3/25/2009,19,2.89
RLDGLD PRETZEL STICKS 16 OZ (2840004770),4/1/2009,19,2.89
RLDGLD PRETZEL STICKS 16 OZ (2840004770),4/8/2009,14,2.89
RLDGLD PRETZEL STICKS 16 OZ (2840004770),4/15/2009,12,2.89
RLDGLD PRETZEL STICKS 16 OZ (2840004770),4/22/2009,22,2.89
RLDGLD PRETZEL STICKS 16 OZ (2840004770),4/29/2009,22,2.89
RLDGLD PRETZEL STICKS 16 OZ (2840004770),5/6/2009,12,2.89
RLDGLD PRETZEL STICKS 16 OZ (2840004770),5/13/2009,14,2.89
RLDGLD PRETZEL STICKS 16 OZ (2840004770),5/20/2009,27,2.89
RLDGLD PRETZEL STICKS 16 OZ (2840004770),5/27/2009,25,2.88
RLDGLD PRETZEL STICKS 16 OZ (2840004770),6/3/2009,17,2.89
RLDGLD PRETZEL STICKS 16 OZ (2840004770),6/10/2009,26,2.89
RLDGLD PRETZEL STICKS 16 OZ (2840004770),6/17/2009,29,2.89
RLDGLD PRETZEL STICKS 16 OZ (2840004770),6/24/2009,27,2.89
RLDGLD PRETZEL STICKS 16 OZ (2840004770),7/1/2009,24,2.89
RLDGLD PRETZEL STICKS 16 OZ (2840004770),7/8/2009,18,2.89
RLDGLD PRETZEL STICKS 16 OZ (2840004770),7/15/2009,15,2.89
RLDGLD PRETZEL STICKS 16 OZ (2840004770),7/22/2009,18,2.89
RLDGLD PRETZEL STICKS 16 OZ (2840004770),7/29/2009,9,2.89
RLDGLD PRETZEL STICKS 16 OZ (2840004770),8/5/2009,11,2.89
RLDGLD PRETZEL STICKS 16 OZ (2840004770),8/12/2009,19,2.89
RLDGLD PRETZEL STICKS 16 OZ (2840004770),8/19/2009,16,2.89
RLDGLD PRETZEL STICKS 16 OZ (2840004770),8/26/2009,20,2.89
RLDGLD PRETZEL STICKS 16 OZ (2840004770),9/2/2009,11,2.89
RLDGLD PRETZEL STICKS 16 OZ (2840004770),9/9/2009,17,2.87
RLDGLD PRETZEL STICKS 16 OZ (2840004770),9/16/2009,13,2.89
RLDGLD PRETZEL STICKS 16 OZ (2840004770),9/23/2009,13,2.89
RLDGLD PRETZEL STICKS 16 OZ (2840004770),9/30/2009,17,2.89
RLDGLD PRETZEL STICKS 16 OZ (2840004770),10/7/2009,11,2.89
RLDGLD PRETZEL STICKS 16 OZ (2840004770),10/14/2009,15,2.89
RLDGLD PRETZEL STICKS 16 OZ (2840004770),10/21/2009,20,2.89
RLDGLD PRETZEL STICKS 16 OZ (2840004770),10/28/2009,11,2.89
RLDGLD PRETZEL STICKS 16 OZ (2840004770),11/4/2009,18,2.89
RLDGLD PRETZEL STICKS 16 OZ (2840004770),11/11/2009,20,2.89
RLDGLD PRETZEL STICKS 16 OZ (2840004770),11/18/2009,24,2.89
RLDGLD PRETZEL STICKS 16 OZ (2840004770),11/25/2009,21,2.89
RLDGLD PRETZEL STICKS 16 OZ (2840004770),12/2/2009,20,2.89
RLDGLD PRETZEL STICKS 16 OZ (2840004770),12/9/2009,24,2.89
RLDGLD PRETZEL STICKS 16 OZ (2840004770),12/16/2009,25,2.89
RLDGLD PRETZEL STICKS 16 OZ (2840004770),12/23/2009,22,2.89
RLDGLD PRETZEL STICKS 16 OZ (2840004770),12/30/2009,22,2.89
RLDGLD PRETZEL STICKS 16 OZ (2840004770),1/6/2010,27,2.89
RLDGLD PRETZEL STICKS 16 OZ (2840004770),1/13/2010,18,2.89
RLDGLD PRETZEL STICKS 16 OZ (2840004770),1/20/2010,16,2.89
RLDGLD PRETZEL STICKS 16 OZ (2840004770),1/27/2010,17,2.89
RLDGLD PRETZEL STICKS 16 OZ (2840004770),2/3/2010,10,2.89
RLDGLD PRETZEL STICKS 16 OZ (2840004770),2/10/2010,20,2.99
RLDGLD PRETZEL STICKS 16 OZ (2840004770),2/17/2010,28,2.99
RLDGLD PRETZEL STICKS 16 OZ (2840004770),2/24/2010,10,2.99
RLDGLD PRETZEL STICKS 16 OZ (2840004770),3/3/2010,37,2.99
RLDGLD PRETZEL STICKS 16 OZ (2840004770),3/10/2010,28,2.99
RLDGLD PRETZEL STICKS 16 OZ (2840004770),3/17/2010,10,2.99
RLDGLD PRETZEL STICKS 16 OZ (2840004770),3/24/2010,27,2.98
RLDGLD PRETZEL STICKS 16 OZ (2840004770),3/31/2010,19,2.97
RLDGLD PRETZEL STICKS 16 OZ (2840004770),4/7/2010,29,2.99
RLDGLD PRETZEL STICKS 16 OZ (2840004770),4/14/2010,19,2.99
RLDGLD PRETZEL STICKS 16 OZ (2840004770),4/21/2010,32,2.99
RLDGLD PRETZEL STICKS 16 OZ (2840004770),4/28/2010,22,2.99
RLDGLD PRETZEL STICKS 16 OZ (2840004770),5/5/2010,24,2.99
RLDGLD PRETZEL STICKS 16 OZ (2840004770),5/12/2010,19,2.99
RLDGLD PRETZEL STICKS 16 OZ (2840004770),5/19/2010,28,2.99
RLDGLD PRETZEL STICKS 16 OZ (2840004770),5/26/2010,25,2.99
RLDGLD PRETZEL STICKS 16 OZ (2840004770),6/2/2010,22,2.99
RLDGLD PRETZEL STICKS 16 OZ (2840004770),6/9/2010,21,2.99
RLDGLD PRETZEL STICKS 16 OZ (2840004770),6/16/2010,23,2.99
RLDGLD PRETZEL STICKS 16 OZ (2840004770),6/23/2010,14,2.99
RLDGLD PRETZEL STICKS 16 OZ (2840004770),6/30/2010,27,2.99
RLDGLD PRETZEL STICKS 16 OZ (2840004770),7/7/2010,27,2.99
RLDGLD PRETZEL STICKS 16 OZ (2840004770),7/14/2010,33,2.99
RLDGLD PRETZEL STICKS 16 OZ (2840004770),7/21/2010,23,2.99
RLDGLD PRETZEL STICKS 16 OZ (2840004770),7/28/2010,25,2.99
RLDGLD PRETZEL STICKS 16 OZ (2840004770),8/4/2010,25,2.99
RLDGLD PRETZEL STICKS 16 OZ (2840004770),8/11/2010,21,2.99
RLDGLD PRETZEL STICKS 16 OZ (2840004770),8/18/2010,27,2.99
RLDGLD PRETZEL STICKS 16 OZ (2840004770),8/25/2010,54,1.99
RLDGLD PRETZEL STICKS 16 OZ (2840004770),9/1/2010,62,1.99
RLDGLD PRETZEL STICKS 16 OZ (2840004770),9/8/2010,40,1.99
RLDGLD PRETZEL STICKS 16 OZ (2840004770),9/15/2010,18,2.6
RLDGLD PRETZEL STICKS 16 OZ (2840004770),9/22/2010,14,2.99
RLDGLD PRETZEL STICKS 16 OZ (2840004770),9/29/2010,24,2.99
RLDGLD PRETZEL STICKS 16 OZ (2840004770),10/6/2010,21,2.99
RLDGLD PRETZEL STICKS 16 OZ (2840004770),10/13/2010,23,2.99
RLDGLD PRETZEL STICKS 16 OZ (2840004770),10/20/2010,31,2.99
RLDGLD PRETZEL STICKS 16 OZ (2840004770),10/27/2010,27,2.99
RLDGLD PRETZEL STICKS 16 OZ (2840004770),11/3/2010,27,2.98
RLDGLD PRETZEL STICKS 16 OZ (2840004770),11/10/2010,14,2.99
RLDGLD PRETZEL STICKS 16 OZ (2840004770),11/17/2010,17,2.99
RLDGLD PRETZEL STICKS 16 OZ (2840004770),11/24/2010,23,2.99
RLDGLD PRETZEL STICKS 16 OZ (2840004770),12/1/2010,23,2.99
RLDGLD PRETZEL STICKS 16 OZ (2840004770),12/8/2010,12,2.99
RLDGLD PRETZEL STICKS 16 OZ (2840004770),12/15/2010,39,2.99
RLDGLD PRETZEL STICKS 16 OZ (2840004770),12/22/2010,36,2.99
RLDGLD PRETZEL STICKS 16 OZ (2840004770),12/29/2010,23,2.99
RLDGLD PRETZEL STICKS 16 OZ (2840004770),1/5/2011,17,2.99
RLDGLD PRETZEL STICKS 16 OZ (2840004770),1/12/2011,14,2.99
RLDGLD PRETZEL STICKS 16 OZ (2840004770),1/19/2011,19,2.99
RLDGLD PRETZEL STICKS 16 OZ (2840004770),1/26/2011,52,2.18
RLDGLD PRETZEL STICKS 16 OZ (2840004770),2/2/2011,37,2.18
RLDGLD PRETZEL STICKS 16 OZ (2840004770),2/9/2011,43,2.18
RLDGLD PRETZEL STICKS 16 OZ (2840004770),2/16/2011,20,2.18
RLDGLD PRETZEL STICKS 16 OZ (2840004770),2/23/2011,10,2.99
RLDGLD PRETZEL STICKS 16 OZ (2840004770),3/2/2011,6,2.99
RLDGLD PRETZEL STICKS 16 OZ (2840004770),3/9/2011,10,2.99
RLDGLD PRETZEL STICKS 16 OZ (2840004770),3/16/2011,14,2.99
RLDGLD PRETZEL STICKS 16 OZ (2840004770),3/23/2011,23,2.99
RLDGLD PRETZEL STICKS 16 OZ (2840004770),3/30/2011,9,2.99
RLDGLD PRETZEL STICKS 16 OZ (2840004770),4/6/2011,11,2.99
RLDGLD PRETZEL STICKS 16 OZ (2840004770),4/13/2011,54,1.99
RLDGLD PRETZEL STICKS 16 OZ (2840004770),4/20/2011,19,2.99
RLDGLD PRETZEL STICKS 16 OZ (2840004770),4/27/2011,13,2.99
RLDGLD PRETZEL STICKS 16 OZ (2840004770),5/4/2011,14,2.99
RLDGLD PRETZEL STICKS 16 OZ (2840004770),5/11/2011,24,2.98
RLDGLD PRETZEL STICKS 16 OZ (2840004770),5/18/2011,17,2.49
RLDGLD PRETZEL STICKS 16 OZ (2840004770),5/25/2011,18,2.49
RLDGLD PRETZEL STICKS 16 OZ (2840004770),6/1/2011,17,2.99
RLDGLD PRETZEL STICKS 16 OZ (2840004770),6/8/2011,15,2.99
RLDGLD PRETZEL STICKS 16 OZ (2840004770),6/15/2011,13,2.99
RLDGLD PRETZEL STICKS 16 OZ (2840004770),6/22/2011,13,2.99
RLDGLD PRETZEL STICKS 16 OZ (2840004770),6/29/2011,10,2.99
RLDGLD PRETZEL STICKS 16 OZ (2840004770),7/6/2011,20,2.99
RLDGLD PRETZEL STICKS 16 OZ (2840004770),7/13/2011,14,2.99
RLDGLD PRETZEL STICKS 16 OZ (2840004770),7/20/2011,8,3.29
RLDGLD PRETZEL STICKS 16 OZ (2840004770),7/27/2011,16,3.29
RLDGLD PRETZEL STICKS 16 OZ (2840004770),8/3/2011,9,3.29
RLDGLD PRETZEL STICKS 16 OZ (2840004770),8/10/2011,13,3.04
RLDGLD PRETZEL STICKS 16 OZ (2840004770),8/17/2011,8,3.29
RLDGLD PRETZEL STICKS 16 OZ (2840004770),8/24/2011,15,3.29
RLDGLD PRETZEL STICKS 16 OZ (2840004770),8/31/2011,20,3.29
RLDGLD PRETZEL STICKS 16 OZ (2840004770),9/7/2011,12,3.29
RLDGLD PRETZEL STICKS 16 OZ (2840004770),9/14/2011,10,3.29
RLDGLD PRETZEL STICKS 16 OZ (2840004770),9/21/2011,16,3.29
RLDGLD PRETZEL STICKS 16 OZ (2840004770),9/28/2011,5,3.29
RLDGLD PRETZEL STICKS 16 OZ (2840004770),10/5/2011,10,3.29
RLDGLD PRETZEL STICKS 16 OZ (2840004770),10/12/2011,14,3.06
RLDGLD PRETZEL STICKS 16 OZ (2840004770),10/19/2011,17,3.1
RLDGLD PRETZEL STICKS 16 OZ (2840004770),10/26/2011,17,3.29
RLDGLD PRETZEL STICKS 16 OZ (2840004770),11/2/2011,13,3.29
RLDGLD PRETZEL STICKS 16 OZ (2840004770),11/9/2011,10,3.29
RLDGLD PRETZEL STICKS 16 OZ (2840004770),11/16/2011,24,3.15
RLDGLD PRETZEL STICKS 16 OZ (2840004770),11/23/2011,10,3.29
RLDGLD PRETZEL STICKS 16 OZ (2840004770),11/30/2011,13,3.29
RLDGLD PRETZEL STICKS 16 OZ (2840004770),12/7/2011,16,3.29
RLDGLD PRETZEL STICKS 16 OZ (2840004770),12/14/2011,16,3.29
RLDGLD PRETZEL STICKS 16 OZ (2840004770),12/21/2011,19,3.29
RLDGLD PRETZEL STICKS 16 OZ (2840004770),12/28/2011,17,3.29
RLDGLD PRETZEL STICKS 16 OZ (2840004770),1/4/2012,15,3.27
QKER CAP N CRUNCH BERRIES 13 OZ (3000006560),1/14/2009,103,2.02
QKER CAP N CRUNCH BERRIES 13 OZ (3000006560),1/21/2009,38,2.59
QKER CAP N CRUNCH BERRIES 13 OZ (3000006560),1/28/2009,53,2.59
QKER CAP N CRUNCH BERRIES 13 OZ (3000006560),2/4/2009,50,2.59
QKER CAP N CRUNCH BERRIES 13 OZ (3000006560),2/11/2009,28,2.59
QKER CAP N CRUNCH BERRIES 13 OZ (3000006560),2/18/2009,27,2.59
QKER CAP N CRUNCH BERRIES 13 OZ (3000006560),2/25/2009,14,2.58
QKER CAP N CRUNCH BERRIES 13 OZ (3000006560),3/4/2009,11,2.59
QKER CAP N CRUNCH BERRIES 13 OZ (3000006560),3/11/2009,48,2.59
QKER CAP N CRUNCH BERRIES 13 OZ (3000006560),3/18/2009,39,2.59
QKER CAP N CRUNCH BERRIES 13 OZ (3000006560),3/25/2009,46,2.59
QKER CAP N CRUNCH BERRIES 13 OZ (3000006560),4/1/2009,53,2.5
QKER CAP N CRUNCH BERRIES 13 OZ (3000006560),4/8/2009,130,2.5
QKER CAP N CRUNCH BERRIES 13 OZ (3000006560),4/15/2009,32,2.59
QKER CAP N CRUNCH BERRIES 13 OZ (3000006560),4/22/2009,32,2.59
QKER CAP N CRUNCH BERRIES 13 OZ (3000006560),4/29/2009,36,2.59
QKER CAP N CRUNCH BERRIES 13 OZ (3000006560),5/6/2009,42,2.59
QKER CAP N CRUNCH BERRIES 13 OZ (3000006560),5/13/2009,34,2.59
QKER CAP N CRUNCH BERRIES 13 OZ (3000006560),5/20/2009,44,2.59
QKER CAP N CRUNCH BERRIES 13 OZ (3000006560),5/27/2009,84,2.29
QKER CAP N CRUNCH BERRIES 13 OZ (3000006560),6/3/2009,92,2.3
QKER CAP N CRUNCH BERRIES 13 OZ (3000006560),6/10/2009,56,2.58
QKER CAP N CRUNCH BERRIES 13 OZ (3000006560),6/17/2009,52,2.59
QKER CAP N CRUNCH BERRIES 13 OZ (3000006560),6/24/2009,45,2.59
QKER CAP N CRUNCH BERRIES 13 OZ (3000006560),7/1/2009,34,2.59
QKER CAP N CRUNCH BERRIES 13 OZ (3000006560),7/8/2009,37,2.59
QKER CAP N CRUNCH BERRIES 13 OZ (3000006560),7/15/2009,42,2.59
QKER CAP N CRUNCH BERRIES 13 OZ (3000006560),7/22/2009,33,2.59
QKER CAP N CRUNCH BERRIES 13 OZ (3000006560),7/29/2009,33,2.59
QKER CAP N CRUNCH BERRIES 13 OZ (3000006560),8/5/2009,39,2.59
QKER CAP N CRUNCH BERRIES 13 OZ (3000006560),8/12/2009,34,2.59
QKER CAP N CRUNCH BERRIES 13 OZ (3000006560),8/19/2009,44,2.59
QKER CAP N CRUNCH BERRIES 13 OZ (3000006560),8/26/2009,131,1.99
QKER CAP N CRUNCH BERRIES 13 OZ (3000006560),9/2/2009,150,1.99
QKER CAP N CRUNCH BERRIES 13 OZ (3000006560),9/9/2009,78,1.99
QKER CAP N CRUNCH BERRIES 13 OZ (3000006560),9/16/2009,31,1.99
QKER CAP N CRUNCH BERRIES 13 OZ (3000006560),9/23/2009,35,2.59
QKER CAP N CRUNCH BERRIES 13 OZ (3000006560),9/30/2009,39,2.59
QKER CAP N CRUNCH BERRIES 13 OZ (3000006560),10/7/2009,40,2.59
QKER CAP N CRUNCH BERRIES 13 OZ (3000006560),10/14/2009,47,2.59
QKER CAP N CRUNCH BERRIES 13 OZ (3000006560),10/21/2009,20,2.59
QKER CAP N CRUNCH BERRIES 13 OZ (3000006560),10/28/2009,28,2.59
QKER CAP N CRUNCH BERRIES 13 OZ (3000006560),11/4/2009,30,2.59
QKER CAP N CRUNCH BERRIES 13 OZ (3000006560),11/11/2009,7,2.54
QKER CAP N CRUNCH BERRIES 13 OZ (3000006560),11/18/2009,19,2.5
QKER CAP N CRUNCH BERRIES 13 OZ (3000006560),11/25/2009,36,2.5
QKER CAP N CRUNCH BERRIES 13 OZ (3000006560),12/2/2009,47,2.59
QKER CAP N CRUNCH BERRIES 13 OZ (3000006560),12/9/2009,50,2.59
QKER CAP N CRUNCH BERRIES 13 OZ (3000006560),12/16/2009,47,2.59
QKER CAP N CRUNCH BERRIES 13 OZ (3000006560),12/23/2009,98,1.89
QKER CAP N CRUNCH BERRIES 13 OZ (3000006560),12/30/2009,11,1.89
QKER CAP N CRUNCH BERRIES 13 OZ (3000006560),1/6/2010,103,1.88
QKER CAP N CRUNCH BERRIES 13 OZ (3000006560),1/13/2010,205,1.88
QKER CAP N CRUNCH BERRIES 13 OZ (3000006560),1/20/2010,46,2.57
QKER CAP N CRUNCH BERRIES 13 OZ (3000006560),1/27/2010,44,2.59
QKER CAP N CRUNCH BERRIES 13 OZ (3000006560),2/3/2010,41,2.59
QKER CAP N CRUNCH BERRIES 13 OZ (3000006560),2/10/2010,41,2.59
QKER CAP N CRUNCH BERRIES 13 OZ (3000006560),2/17/2010,37,2.59
QKER CAP N CRUNCH BERRIES 13 OZ (3000006560),2/24/2010,37,2.59
QKER CAP N CRUNCH BERRIES 13 OZ (3000006560),3/3/2010,36,2.59
QKER CAP N CRUNCH BERRIES 13 OZ (3000006560),3/10/2010,36,2.59
QKER CAP N CRUNCH BERRIES 13 OZ (3000006560),3/17/2010,9,2.59
QKER CAP N CRUNCH BERRIES 13 OZ (3000006560),3/24/2010,40,2.56
QKER CAP N CRUNCH BERRIES 13 OZ (3000006560),3/31/2010,22,2.53
QKER CAP N CRUNCH BERRIES 13 OZ (3000006560),4/7/2010,34,2.59
QKER CAP N CRUNCH BERRIES 13 OZ (3000006560),4/14/2010,47,2.56
QKER CAP N CRUNCH BERRIES 13 OZ (3000006560),4/21/2010,53,2.59
QKER CAP N CRUNCH BERRIES 13 OZ (3000006560),4/28/2010,44,2.59
QKER CAP N CRUNCH BERRIES 13 OZ (3000006560),5/5/2010,41,2.59
QKER CAP N CRUNCH BERRIES 13 OZ (3000006560),5/12/2010,51,2.59
QKER CAP N CRUNCH BERRIES 13 OZ (3000006560),5/19/2010,43,2.56
QKER CAP N CRUNCH BERRIES 13 OZ (3000006560),5/26/2010,53,2.59
QKER CAP N CRUNCH BERRIES 13 OZ (3000006560),6/2/2010,35,2.59
QKER CAP N CRUNCH BERRIES 13 OZ (3000006560),6/9/2010,46,2.59
QKER CAP N CRUNCH BERRIES 13 OZ (3000006560),6/16/2010,43,2.59
QKER CAP N CRUNCH BERRIES 13 OZ (3000006560),6/23/2010,40,2.56
QKER CAP N CRUNCH BERRIES 13 OZ (3000006560),6/30/2010,37,2.59
QKER CAP N CRUNCH BERRIES 13 OZ (3000006560),7/7/2010,32,2.59
QKER CAP N CRUNCH BERRIES 13 OZ (3000006560),7/14/2010,48,2.59
QKER CAP N CRUNCH BERRIES 13 OZ (3000006560),7/21/2010,57,2.59
QKER CAP N CRUNCH BERRIES 13 OZ (3000006560),7/28/2010,43,2.59
QKER CAP N CRUNCH BERRIES 13 OZ (3000006560),8/4/2010,41,2.59
QKER CAP N CRUNCH BERRIES 13 OZ (3000006560),8/11/2010,277,1.42
QKER CAP N CRUNCH BERRIES 13 OZ (3000006560),8/18/2010,34,2.48
QKER CAP N CRUNCH BERRIES 13 OZ (3000006560),8/25/2010,40,2.59
QKER CAP N CRUNCH BERRIES 13 OZ (3000006560),9/1/2010,26,2.56
QKER CAP N CRUNCH BERRIES 13 OZ (3000006560),9/8/2010,99,1.98
QKER CAP N CRUNCH BERRIES 13 OZ (3000006560),9/15/2010,114,1.98
QKER CAP N CRUNCH BERRIES 13 OZ (3000006560),9/22/2010,98,2
QKER CAP N CRUNCH BERRIES 13 OZ (3000006560),9/29/2010,72,1.99
QKER CAP N CRUNCH BERRIES 13 OZ (3000006560),10/6/2010,37,2.54
QKER CAP N CRUNCH BERRIES 13 OZ (3000006560),10/13/2010,39,2.56
QKER CAP N CRUNCH BERRIES 13 OZ (3000006560),10/20/2010,34,2.59
QKER CAP N CRUNCH BERRIES 13 OZ (3000006560),10/27/2010,29,2.59
QKER CAP N CRUNCH BERRIES 13 OZ (3000006560),11/3/2010,30,2.59
QKER CAP N CRUNCH BERRIES 13 OZ (3000006560),11/10/2010,166,2
QKER CAP N CRUNCH BERRIES 13 OZ (3000006560),11/17/2010,44,1.99
QKER CAP N CRUNCH BERRIES 13 OZ (3000006560),11/24/2010,41,2.37
QKER CAP N CRUNCH BERRIES 13 OZ (3000006560),12/1/2010,31,2.39
QKER CAP N CRUNCH BERRIES 13 OZ (3000006560),12/8/2010,44,2.39
QKER CAP N CRUNCH BERRIES 13 OZ (3000006560),12/15/2010,41,2.39
QKER CAP N CRUNCH BERRIES 13 OZ (3000006560),12/22/2010,67,2.02
QKER CAP N CRUNCH BERRIES 13 OZ (3000006560),12/29/2010,59,2.02
QKER CAP N CRUNCH BERRIES 13 OZ (3000006560),1/5/2011,60,2.37
QKER CAP N CRUNCH BERRIES 13 OZ (3000006560),1/12/2011,50,2.39
QKER CAP N CRUNCH BERRIES 13 OZ (3000006560),1/19/2011,40,2.64
QKER CAP N CRUNCH BERRIES 13 OZ (3000006560),1/26/2011,52,2.66
QKER CAP N CRUNCH BERRIES 13 OZ (3000006560),2/2/2011,32,2.66
QKER CAP N CRUNCH BERRIES 13 OZ (3000006560),2/9/2011,48,2.65
QKER CAP N CRUNCH BERRIES 13 OZ (3000006560),2/16/2011,138,1.88
QKER CAP N CRUNCH BERRIES 13 OZ (3000006560),2/23/2011,78,1.9
QKER CAP N CRUNCH BERRIES 13 OZ (3000006560),3/2/2011,44,2.66
QKER CAP N CRUNCH BERRIES 13 OZ (3000006560),3/9/2011,38,2.66
QKER CAP N CRUNCH BERRIES 13 OZ (3000006560),3/16/2011,42,2.66
QKER CAP N CRUNCH BERRIES 13 OZ (3000006560),3/23/2011,35,2.66
QKER CAP N CRUNCH BERRIES 13 OZ (3000006560),3/30/2011,26,2.66
QKER CAP N CRUNCH BERRIES 13 OZ (3000006560),4/6/2011,113,1.9
QKER CAP N CRUNCH BERRIES 13 OZ (3000006560),4/13/2011,106,1.88
QKER CAP N CRUNCH BERRIES 13 OZ (3000006560),4/20/2011,50,2.63
QKER CAP N CRUNCH BERRIES 13 OZ (3000006560),4/27/2011,43,2.63
QKER CAP N CRUNCH BERRIES 13 OZ (3000006560),5/4/2011,16,2.66
QKER CAP N CRUNCH BERRIES 13 OZ (3000006560),5/11/2011,44,2.2
QKER CAP N CRUNCH BERRIES 13 OZ (3000006560),5/18/2011,46,2.27
QKER CAP N CRUNCH BERRIES 13 OZ (3000006560),5/25/2011,32,2.72
QKER CAP N CRUNCH BERRIES 13 OZ (3000006560),6/1/2011,30,2.74
QKER CAP N CRUNCH BERRIES 13 OZ (3000006560),6/8/2011,36,2.74
QKER CAP N CRUNCH BERRIES 13 OZ (3000006560),6/15/2011,18,3.09
QKER CAP N CRUNCH BERRIES 13 OZ (3000006560),6/22/2011,1,3.09
QKER CAP N CRUNCH BERRIES 13 OZ (3000006560),6/29/2011,6,3.09
QKER CAP N CRUNCH BERRIES 13 OZ (3000006560),7/6/2011,8,3.09
QKER CAP N CRUNCH BERRIES 13 OZ (3000006560),7/13/2011,6,3.09
QKER CAP N CRUNCH BERRIES 13 OZ (3000006560),9/7/2011,4,1.99
