sample_data_full.csv
ITEM,DATE,UNITS,PRICE
COLG SPEARMINT WISP 16 CT (3500068914),3/25/2009,1,7.99
COLG SPEARMINT WISP 16 CT (3500068914),4/1/2009,2,7.99
COLG SPEARMINT WISP 16 CT (3500068914),4/8/2009,2,7.99
COLG SPEARMINT WISP 16 CT (3500068914),5/6/2009,4,7.99
COLG SPEARMINT WISP 16 CT (3500068914),5/13/2009,1,7.99
COLG SPEARMINT WISP 16 CT (3500068914),5/20/2009,2,7.99
COLG SPEARMINT WISP 16 CT (3500068914),5/27/2009,2,7.99
COLG SPEARMINT WISP 16 CT (3500068914),6/3/2009,5,7.99
COLG SPEARMINT WISP 16 CT (3500068914),6/10/2009,1,7.99
COLG SPEARMINT WISP 16 CT (3500068914),6/24/2009,1,7.99
COLG SPEARMINT WISP 16 CT (3500068914),7/1/2009,1,7.99
COLG SPEARMINT WISP 16 CT (3500068914),7/29/2009,1,7.99
COLG SPEARMINT WISP 16 CT (3500068914),8/26/2009,3,7.99
COLG SPEARMINT WISP 16 CT (3500068914),9/2/2009,1,7.99
COLG SPEARMINT WISP 16 CT (3500068914),9/9/2009,2,7.99
COLG SPEARMINT WISP 16 CT (3500068914),9/16/2009,2,7.99
COLG SPEARMINT WISP 16 CT (3500068914),9/30/2009,2,7.99
COLG SPEARMINT WISP 16 CT (3500068914),10/7/2009,1,7.99
COLG SPEARMINT WISP 16 CT (3500068914),10/14/2009,1,7.99
COLG SPEARMINT WISP 16 CT (3500068914),10/28/2009,1,7.99
COLG SPEARMINT WISP 16 CT (3500068914),11/4/2009,1,7.99
COLG SPEARMINT WISP 16 CT (3500068914),11/18/2009,2,7.99
COLG SPEARMINT WISP 16 CT (3500068914),12/9/2009,1,7.99
COLG SPEARMINT WISP 16 CT (3500068914),12/16/2009,1,7.99
COLG SPEARMINT WISP 16 CT (3500068914),12/30/2009,1,7.99
COLG SPEARMINT WISP 16 CT (3500068914),1/6/2010,1,7.99
COLG SPEARMINT WISP 16 CT (3500068914),1/13/2010,2,7.99
COLG SPEARMINT WISP 16 CT (3500068914),1/20/2010,1,7.99
COLG SPEARMINT WISP 16 CT (3500068914),2/24/2010,1,7.49
COLG SPEARMINT WISP 16 CT (3500068914),3/3/2010,3,7.49
COLG SPEARMINT WISP 16 CT (3500068914),4/14/2010,2,4
COLG SPEARMINT WISP 16 CT (3500068914),4/21/2010,1,4
COLG SPEARMINT WISP 16 CT (3500068914),5/19/2010,1,3.99
COLG SPEARMINT WISP 16 CT (3500068914),10/6/2010,1,7.99
COLG SPEARMINT WISP 16 CT (3500068914),10/20/2010,1,7.99
COLG SPEARMINT WISP 16 CT (3500068914),10/27/2010,1,7.99
COLG SPEARMINT WISP 16 CT (3500068914),11/17/2010,2,7.99
COLG SPEARMINT WISP 16 CT (3500068914),12/15/2010,2,7.19
COLG SPEARMINT WISP 16 CT (3500068914),1/26/2011,2,7.19
COLG SPEARMINT WISP 16 CT (3500068914),2/2/2011,2,3.99
CREST PH WHTG CLN MINT TP 4.2 OZ (3700019521),1/14/2009,56,2.52
CREST PH WHTG CLN MINT TP 4.2 OZ (3700019521),1/21/2009,35,2.5
CREST PH WHTG CLN MINT TP 4.2 OZ (3700019521),1/28/2009,32,2.5
CREST PH WHTG CLN MINT TP 4.2 OZ (3700019521),2/4/2009,8,3.49
CREST PH WHTG CLN MINT TP 4.2 OZ (3700019521),2/11/2009,10,3.49
CREST PH WHTG CLN MINT TP 4.2 OZ (3700019521),2/18/2009,6,3.49
CREST PH WHTG CLN MINT TP 4.2 OZ (3700019521),2/25/2009,8,3.49
CREST PH WHTG CLN MINT TP 4.2 OZ (3700019521),3/4/2009,14,2.5
CREST PH WHTG CLN MINT TP 4.2 OZ (3700019521),3/11/2009,14,2.5
CREST PH WHTG CLN MINT TP 4.2 OZ (3700019521),3/18/2009,4,2.54
CREST PH WHTG CLN MINT TP 4.2 OZ (3700019521),3/25/2009,22,2.5
CREST PH WHTG CLN MINT TP 4.2 OZ (3700019521),4/1/2009,35,2.5
CREST PH WHTG CLN MINT TP 4.2 OZ (3700019521),4/8/2009,26,2.5
CREST PH WHTG CLN MINT TP 4.2 OZ (3700019521),4/15/2009,25,2.5
CREST PH WHTG CLN MINT TP 4.2 OZ (3700019521),4/22/2009,10,2.5
CREST PH WHTG CLN MINT TP 4.2 OZ (3700019521),4/29/2009,5,3.29
CREST PH WHTG CLN MINT TP 4.2 OZ (3700019521),5/6/2009,7,3.49
CREST PH WHTG CLN MINT TP 4.2 OZ (3700019521),5/13/2009,20,2.5
CREST PH WHTG CLN MINT TP 4.2 OZ (3700019521),5/20/2009,12,2.46
CREST PH WHTG CLN MINT TP 4.2 OZ (3700019521),5/27/2009,11,2.5
CREST PH WHTG CLN MINT TP 4.2 OZ (3700019521),6/3/2009,14,2.5
CREST PH WHTG CLN MINT TP 4.2 OZ (3700019521),6/10/2009,10,3.14
CREST PH WHTG CLN MINT TP 4.2 OZ (3700019521),6/17/2009,10,3.49
CREST PH WHTG CLN MINT TP 4.2 OZ (3700019521),6/24/2009,10,3.34
CREST PH WHTG CLN MINT TP 4.2 OZ (3700019521),7/1/2009,21,2.5
CREST PH WHTG CLN MINT TP 4.2 OZ (3700019521),7/8/2009,27,2.5
CREST PH WHTG CLN MINT TP 4.2 OZ (3700019521),7/15/2009,36,2.5
CREST PH WHTG CLN MINT TP 4.2 OZ (3700019521),7/22/2009,10,3.49
CREST PH WHTG CLN MINT TP 4.2 OZ (3700019521),7/29/2009,6,3.49
CREST PH WHTG CLN MINT TP 4.2 OZ (3700019521),8/5/2009,7,3.49
CREST PH WHTG CLN MINT TP 4.2 OZ (3700019521),8/12/2009,12,3.49
CREST PH WHTG CLN MINT TP 4.2 OZ (3700019521),8/19/2009,13,3.49
CREST PH WHTG CLN MINT TP 4.2 OZ (3700019521),8/26/2009,36,2.46
CREST PH WHTG CLN MINT TP 4.2 OZ (3700019521),9/2/2009,29,2.45
CREST PH WHTG CLN MINT TP 4.2 OZ (3700019521),9/9/2009,17,2.5
CREST PH WHTG CLN MINT TP 4.2 OZ (3700019521),9/16/2009,19,2.5
CREST PH WHTG CLN MINT TP 4.2 OZ (3700019521),9/23/2009,3,3.49
CREST PH WHTG CLN MINT TP 4.2 OZ (3700019521),9/30/2009,20,3.49
CREST PH WHTG CLN MINT TP 4.2 OZ (3700019521),10/7/2009,20,2.5
CREST PH WHTG CLN MINT TP 4.2 OZ (3700019521),10/14/2009,20,2.5
CREST PH WHTG CLN MINT TP 4.2 OZ (3700019521),10/21/2009,20,2.55
CREST PH WHTG CLN MINT TP 4.2 OZ (3700019521),10/28/2009,15,2.5
CREST PH WHTG CLN MINT TP 4.2 OZ (3700019521),11/4/2009,7,3.49
CREST PH WHTG CLN MINT TP 4.2 OZ (3700019521),11/11/2009,13,3.49
CREST PH WHTG CLN MINT TP 4.2 OZ (3700019521),11/18/2009,7,2.99
CREST PH WHTG CLN MINT TP 4.2 OZ (3700019521),11/25/2009,4,3.49
CREST PH WHTG CLN MINT TP 4.2 OZ (3700019521),12/2/2009,9,3.49
CREST PH WHTG CLN MINT TP 4.2 OZ (3700019521),12/9/2009,4,3.49
CREST PH WHTG CLN MINT TP 4.2 OZ (3700019521),12/16/2009,5,3.49
CREST PH WHTG CLN MINT TP 4.2 OZ (3700019521),12/23/2009,8,3.49
CREST PH WHTG CLN MINT TP 4.2 OZ (3700019521),12/30/2009,4,3.49
CREST PH WHTG CLN MINT TP 4.2 OZ (3700019521),1/6/2010,26,2.5
CREST PH WHTG CLN MINT TP 4.2 OZ (3700019521),1/13/2010,16,2.5
CREST PH WHTG CLN MINT TP 4.2 OZ (3700019521),1/20/2010,16,2.5
CREST PH WHTG CLN MINT TP 4.2 OZ (3700019521),1/27/2010,11,2.5
CREST PH WHTG CLN MINT TP 4.2 OZ (3700019521),2/3/2010,8,3.49
CREST PH WHTG CLN MINT TP 4.2 OZ (3700019521),2/10/2010,2,3.49
CREST PH WHTG CLN MINT TP 4.2 OZ (3700019521),2/17/2010,3,3.49
CREST PH WHTG CLN MINT TP 4.2 OZ (3700019521),2/24/2010,9,3.49
CREST PH WHTG CLN MINT TP 4.2 OZ (3700019521),3/3/2010,7,3.49
CREST PH WHTG CLN MINT TP 4.2 OZ (3700019521),3/10/2010,10,3.49
CREST PH WHTG CLN MINT TP 4.2 OZ (3700019521),3/17/2010,5,3.49
CREST PH WHTG CLN MINT TP 4.2 OZ (3700019521),3/24/2010,3,3.49
CREST PH WHTG CLN MINT TP 4.2 OZ (3700019521),3/31/2010,6,3.49
CREST PH WHTG CLN MINT TP 4.2 OZ (3700019521),4/7/2010,9,3.49
CREST PH WHTG CLN MINT TP 4.2 OZ (3700019521),4/14/2010,26,2.5
CREST PH WHTG CLN MINT TP 4.2 OZ (3700019521),4/21/2010,13,2.58
CREST PH WHTG CLN MINT TP 4.2 OZ (3700019521),4/28/2010,10,2.5
CREST PH WHTG CLN MINT TP 4.2 OZ (3700019521),5/5/2010,7,3.49
CREST PH WHTG CLN MINT TP 4.2 OZ (3700019521),5/12/2010,21,2.5
CREST PH WHTG CLN MINT TP 4.2 OZ (3700019521),5/19/2010,10,2.5
CREST PH WHTG CLN MINT TP 4.2 OZ (3700019521),5/26/2010,9,2.5
CREST PH WHTG CLN MINT TP 4.2 OZ (3700019521),6/2/2010,11,2.5
CREST PH WHTG CLN MINT TP 4.2 OZ (3700019521),6/9/2010,8,3.37
CREST PH WHTG CLN MINT TP 4.2 OZ (3700019521),6/16/2010,5,3.58
CREST PH WHTG CLN MINT TP 4.2 OZ (3700019521),6/23/2010,8,3.58
CREST PH WHTG CLN MINT TP 4.2 OZ (3700019521),7/7/2010,1,3.58
CREST PH WHTG CLN MINT TP 4.2 OZ (3700019521),7/14/2010,5,3.58
CREST PH WHTG CLN MINT TP 4.2 OZ (3700019521),7/21/2010,7,3.58
CREST PH WHTG CLN MINT TP 4.2 OZ (3700019521),7/28/2010,9,3.58
CREST PH WHTG CLN MINT TP 4.2 OZ (3700019521),8/4/2010,6,3.58
CREST PH WHTG CLN MINT TP 4.2 OZ (3700019521),8/11/2010,5,3.58
CREST PH WHTG CLN MINT TP 4.2 OZ (3700019521),8/18/2010,6,3.58
CREST PH WHTG CLN MINT TP 4.2 OZ (3700019521),8/25/2010,9,2.5
CREST PH WHTG CLN MINT TP 4.2 OZ (3700019521),9/1/2010,11,2.5
CREST PH WHTG CLN MINT TP 4.2 OZ (3700019521),9/8/2010,23,2.5
CREST PH WHTG CLN MINT TP 4.2 OZ (3700019521),9/15/2010,22,2.5
CREST PH WHTG CLN MINT TP 4.2 OZ (3700019521),9/22/2010,4,3.58
CREST PH WHTG CLN MINT TP 4.2 OZ (3700019521),9/29/2010,5,3.58
CREST PH WHTG CLN MINT TP 4.2 OZ (3700019521),10/6/2010,10,3.58
CREST PH WHTG CLN MINT TP 4.2 OZ (3700019521),10/13/2010,11,3.58
CREST PH WHTG CLN MINT TP 4.2 OZ (3700019521),10/20/2010,5,3.58
CREST PH WHTG CLN MINT TP 4.2 OZ (3700019521),10/27/2010,6,3.58
CREST PH WHTG CLN MINT TP 4.2 OZ (3700019521),11/3/2010,2,3.58
CREST PH WHTG CLN MINT TP 4.2 OZ (3700019521),11/10/2010,9,3.58
CREST PH WHTG CLN MINT TP 4.2 OZ (3700019521),11/17/2010,6,3.58
CREST PH WHTG CLN MINT TP 4.2 OZ (3700019521),11/24/2010,8,3.58
CREST PH WHTG CLN MINT TP 4.2 OZ (3700019521),12/1/2010,5,3.58
CREST PH WHTG CLN MINT TP 4.2 OZ (3700019521),12/8/2010,9,3.58
CREST PH WHTG CLN MINT TP 4.2 OZ (3700019521),12/15/2010,9,3.58
CREST PH WHTG CLN MINT TP 4.2 OZ (3700019521),12/22/2010,2,3.58
CREST PH WHTG CLN MINT TP 4.2 OZ (3700019521),12/29/2010,18,2.5
CREST PH WHTG CLN MINT TP 4.2 OZ (3700019521),1/5/2011,44,2.5
CREST PH WHTG CLN MINT TP 4.2 OZ (3700019521),1/12/2011,34,2.5
CREST PH WHTG CLN MINT TP 4.2 OZ (3700019521),1/19/2011,9,2.5
CREST PH WHTG CLN MINT TP 4.2 OZ (3700019521),1/26/2011,7,3.69
CREST PH WHTG CLN MINT TP 4.2 OZ (3700019521),2/2/2011,16,3.69
CREST PH WHTG CLN MINT TP 4.2 OZ (3700019521),2/9/2011,3,3.69
CREST PH WHTG CLN MINT TP 4.2 OZ (3700019521),2/16/2011,6,3.69
CREST PH WHTG CLN MINT TP 4.2 OZ (3700019521),2/23/2011,5,3.69
CREST PH WHTG CLN MINT TP 4.2 OZ (3700019521),3/2/2011,6,3.69
CREST PH WHTG CLN MINT TP 4.2 OZ (3700019521),3/9/2011,41,2.5
CREST PH WHTG CLN MINT TP 4.2 OZ (3700019521),3/16/2011,15,2.43
CREST PH WHTG CLN MINT TP 4.2 OZ (3700019521),3/23/2011,7,3.52
CREST PH WHTG CLN MINT TP 4.2 OZ (3700019521),3/30/2011,9,3.69
CREST PH WHTG CLN MINT TP 4.2 OZ (3700019521),4/6/2011,9,3.42
CREST PH WHTG CLN MINT TP 4.2 OZ (3700019521),4/13/2011,10,3.46
CREST PH WHTG CLN MINT TP 4.2 OZ (3700019521),4/20/2011,3,3.46
CREST PH WHTG CLN MINT TP 4.2 OZ (3700019521),4/27/2011,7,3.46
CREST PH WHTG CLN MINT TP 4.2 OZ (3700019521),5/4/2011,13,3.46
CREST PH WHTG CLN MINT TP 4.2 OZ (3700019521),5/11/2011,18,2.43
CREST PH WHTG CLN MINT TP 4.2 OZ (3700019521),5/18/2011,22,2.29
CREST PH WHTG CLN MINT TP 4.2 OZ (3700019521),5/25/2011,9,2.49
CREST PH WHTG CLN MINT TP 4.2 OZ (3700019521),6/1/2011,10,2.49
CREST PH WHTG CLN MINT TP 4.2 OZ (3700019521),6/8/2011,2,3.34
CREST PH WHTG CLN MINT TP 4.2 OZ (3700019521),6/15/2011,6,3.22
CREST PH WHTG CLN MINT TP 4.2 OZ (3700019521),6/22/2011,6,3.22
CREST PH WHTG CLN MINT TP 4.2 OZ (3700019521),6/29/2011,1,3.22
CREST PH WHTG CLN MINT TP 4.2 OZ (3700019521),7/6/2011,8,3.46
CREST PH WHTG CLN MINT TP 4.2 OZ (3700019521),7/13/2011,6,3.46
CREST PH WHTG CLN MINT TP 4.2 OZ (3700019521),7/20/2011,3,3.46
CREST PH WHTG CLN MINT TP 4.2 OZ (3700019521),7/27/2011,9,3.46
CREST PH WHTG CLN MINT TP 4.2 OZ (3700019521),8/3/2011,8,3.46
CREST PH WHTG CLN MINT TP 4.2 OZ (3700019521),8/10/2011,4,3.46
CREST PH WHTG CLN MINT TP 4.2 OZ (3700019521),8/17/2011,4,3.46
CREST PH WHTG CLN MINT TP 4.2 OZ (3700019521),8/24/2011,4,3.46
CREST PH WHTG CLN MINT TP 4.2 OZ (3700019521),8/31/2011,3,3.46
CREST PH WHTG CLN MINT TP 4.2 OZ (3700019521),9/7/2011,10,1.9
CREST PH WHTG CLN MINT TP 4.2 OZ (3700019521),9/14/2011,12,2.08
CREST PH WHTG CLN MINT TP 4.2 OZ (3700019521),9/21/2011,6,3.46
CREST PH WHTG CLN MINT TP 4.2 OZ (3700019521),9/28/2011,9,3.46
CREST PH WHTG CLN MINT TP 4.2 OZ (3700019521),10/5/2011,4,2.99
CREST PH WHTG CLN MINT TP 4.2 OZ (3700019521),10/12/2011,6,2.83
CREST PH WHTG CLN MINT TP 4.2 OZ (3700019521),10/19/2011,24,2.54
CREST PH WHTG CLN MINT TP 4.2 OZ (3700019521),10/26/2011,25,2.5
CREST PH WHTG CLN MINT TP 4.2 OZ (3700019521),11/2/2011,12,2.42
CREST PH WHTG CLN MINT TP 4.2 OZ (3700019521),11/9/2011,11,2.5
CREST PH WHTG CLN MINT TP 4.2 OZ (3700019521),11/16/2011,6,3.46
CREST PH WHTG CLN MINT TP 4.2 OZ (3700019521),11/23/2011,6,2.99
CREST PH WHTG CLN MINT TP 4.2 OZ (3700019521),11/30/2011,8,2.99
CREST PH WHTG CLN MINT TP 4.2 OZ (3700019521),12/7/2011,9,3.21
CREST PH WHTG CLN MINT TP 4.2 OZ (3700019521),12/14/2011,6,3.19
CREST PH WHTG CLN MINT TP 4.2 OZ (3700019521),12/21/2011,1,3.19
CREST PH WHTG CLN MINT TP 4.2 OZ (3700019521),12/28/2011,8,3.19
CREST PH WHTG CLN MINT TP 4.2 OZ (3700019521),1/4/2012,4,3.19
