sample_data_full.csv
ITEM,DATE,UNITS,PRICE
SCOPE ORIG MINT MOUTHWASH 1 LT (3700031613),1/14/2009,1,4.69
SCOPE ORIG MINT MOUTHWASH 1 LT (3700031613),1/21/2009,2,4.69
SCOPE ORIG MINT MOUTHWASH 1 LT (3700031613),1/28/2009,15,4.69
SCOPE ORIG MINT MOUTHWASH 1 LT (3700031613),2/4/2009,13,4.69
SCOPE ORIG MINT MOUTHWASH 1 LT (3700031613),2/11/2009,9,4.69
SCOPE ORIG MINT MOUTHWASH 1 LT (3700031613),2/18/2009,10,4.69
SCOPE ORIG MINT MOUTHWASH 1 LT (3700031613),2/25/2009,9,4.69
SCOPE ORIG MINT MOUTHWASH 1 LT (3700031613),3/4/2009,20,3.5
SCOPE ORIG MINT MOUTHWASH 1 LT (3700031613),3/11/2009,7,3.5
SCOPE ORIG MINT MOUTHWASH 1 LT (3700031613),3/18/2009,4,3.5
SCOPE ORIG MINT MOUTHWASH 1 LT (3700031613),3/25/2009,10,3.5
SCOPE ORIG MINT MOUTHWASH 1 LT (3700031613),4/1/2009,9,4.02
SCOPE ORIG MINT MOUTHWASH 1 LT (3700031613),4/8/2009,17,4.19
SCOPE ORIG MINT MOUTHWASH 1 LT (3700031613),4/15/2009,16,4.19
SCOPE ORIG MINT MOUTHWASH 1 LT (3700031613),4/22/2009,10,4.19
SCOPE ORIG MINT MOUTHWASH 1 LT (3700031613),4/29/2009,1,4.19
SCOPE ORIG MINT MOUTHWASH 1 LT (3700031613),5/6/2009,1,4.19
SCOPE ORIG MINT MOUTHWASH 1 LT (3700031613),5/13/2009,1,4.19
SCOPE ORIG MINT MOUTHWASH 1 LT (3700031613),5/27/2009,3,4.19
SCOPE ORIG MINT MOUTHWASH 1 LT (3700031613),6/3/2009,10,4.19
SCOPE ORIG MINT MOUTHWASH 1 LT (3700031613),6/10/2009,8,3.5
SCOPE ORIG MINT MOUTHWASH 1 LT (3700031613),6/17/2009,15,3.5
SCOPE ORIG MINT MOUTHWASH 1 LT (3700031613),6/24/2009,17,3.5
SCOPE ORIG MINT MOUTHWASH 1 LT (3700031613),7/1/2009,6,4.19
SCOPE ORIG MINT MOUTHWASH 1 LT (3700031613),7/8/2009,9,4.19
SCOPE ORIG MINT MOUTHWASH 1 LT (3700031613),7/15/2009,5,4.19
SCOPE ORIG MINT MOUTHWASH 1 LT (3700031613),7/22/2009,14,4.12
SCOPE ORIG MINT MOUTHWASH 1 LT (3700031613),7/29/2009,11,4.19
SCOPE ORIG MINT MOUTHWASH 1 LT (3700031613),8/5/2009,10,4.19
SCOPE ORIG MINT MOUTHWASH 1 LT (3700031613),8/12/2009,14,4.19
SCOPE ORIG MINT MOUTHWASH 1 LT (3700031613),8/19/2009,8,4.19
SCOPE ORIG MINT MOUTHWASH 1 LT (3700031613),8/26/2009,16,4.19
SCOPE ORIG MINT MOUTHWASH 1 LT (3700031613),9/2/2009,10,4.09
SCOPE ORIG MINT MOUTHWASH 1 LT (3700031613),9/9/2009,15,3.52
SCOPE ORIG MINT MOUTHWASH 1 LT (3700031613),9/16/2009,7,3.47
SCOPE ORIG MINT MOUTHWASH 1 LT (3700031613),9/23/2009,9,3.55
SCOPE ORIG MINT MOUTHWASH 1 LT (3700031613),9/30/2009,13,3.47
SCOPE ORIG MINT MOUTHWASH 1 LT (3700031613),10/7/2009,12,3.79
SCOPE ORIG MINT MOUTHWASH 1 LT (3700031613),10/14/2009,5,3.79
SCOPE ORIG MINT MOUTHWASH 1 LT (3700031613),10/21/2009,11,3.79
SCOPE ORIG MINT MOUTHWASH 1 LT (3700031613),10/28/2009,9,3.83
SCOPE ORIG MINT MOUTHWASH 1 LT (3700031613),11/4/2009,11,4.23
SCOPE ORIG MINT MOUTHWASH 1 LT (3700031613),11/11/2009,9,4.19
SCOPE ORIG MINT MOUTHWASH 1 LT (3700031613),11/18/2009,18,4.19
SCOPE ORIG MINT MOUTHWASH 1 LT (3700031613),11/25/2009,15,4.19
SCOPE ORIG MINT MOUTHWASH 1 LT (3700031613),12/2/2009,6,4.19
SCOPE ORIG MINT MOUTHWASH 1 LT (3700031613),12/9/2009,10,4.19
SCOPE ORIG MINT MOUTHWASH 1 LT (3700031613),12/16/2009,3,4.19
SCOPE ORIG MINT MOUTHWASH 1 LT (3700031613),12/23/2009,7,4.19
SCOPE ORIG MINT MOUTHWASH 1 LT (3700031613),12/30/2009,6,4.19
SCOPE ORIG MINT MOUTHWASH 1 LT (3700031613),1/6/2010,7,4.19
SCOPE ORIG MINT MOUTHWASH 1 LT (3700031613),1/13/2010,6,4.19
SCOPE ORIG MINT MOUTHWASH 1 LT (3700031613),1/20/2010,6,4.19
SCOPE ORIG MINT MOUTHWASH 1 LT (3700031613),1/27/2010,11,4.19
SCOPE ORIG MINT MOUTHWASH 1 LT (3700031613),2/3/2010,13,4.19
SCOPE ORIG MINT MOUTHWASH 1 LT (3700031613),2/10/2010,11,4.19
SCOPE ORIG MINT MOUTHWASH 1 LT (3700031613),2/17/2010,12,4.19
SCOPE ORIG MINT MOUTHWASH 1 LT (3700031613),2/24/2010,17,4.19
SCOPE ORIG MINT MOUTHWASH 1 LT (3700031613),3/3/2010,16,4.19
SCOPE ORIG MINT MOUTHWASH 1 LT (3700031613),3/10/2010,10,4.19
SCOPE ORIG MINT MOUTHWASH 1 LT (3700031613),3/17/2010,3,4.19
SCOPE ORIG MINT MOUTHWASH 1 LT (3700031613),3/24/2010,11,4.19
SCOPE ORIG MINT MOUTHWASH 1 LT (3700031613),3/31/2010,16,4.19
SCOPE ORIG MINT MOUTHWASH 1 LT (3700031613),4/7/2010,10,4.19
SCOPE ORIG MINT MOUTHWASH 1 LT (3700031613),4/14/2010,7,4.19
SCOPE ORIG MINT MOUTHWASH 1 LT (3700031613),4/21/2010,9,4.19
SCOPE ORIG MINT MOUTHWASH 1 LT (3700031613),4/28/2010,11,4.19
SCOPE ORIG MINT MOUTHWASH 1 LT (3700031613),5/5/2010,12,4.19
SCOPE ORIG MINT MOUTHWASH 1 LT (3700031613),5/12/2010,13,4.19
SCOPE ORIG MINT MOUTHWASH 1 LT (3700031613),5/19/2010,7,4.19
SCOPE ORIG MINT MOUTHWASH 1 LT (3700031613),5/26/2010,10,4.19
SCOPE ORIG MINT MOUTHWASH 1 LT (3700031613),6/2/2010,8,3.99
SCOPE ORIG MINT MOUTHWASH 1 LT (3700031613),6/9/2010,4,3.92
SCOPE ORIG MINT MOUTHWASH 1 LT (3700031613),6/16/2010,16,3.99
SCOPE ORIG MINT MOUTHWASH 1 LT (3700031613),6/23/2010,11,3.99
SCOPE ORIG MINT MOUTHWASH 1 LT (3700031613),6/30/2010,11,4.19
SCOPE ORIG MINT MOUTHWASH 1 LT (3700031613),7/7/2010,4,4.19
SCOPE ORIG MINT MOUTHWASH 1 LT (3700031613),7/21/2010,5,4.19
SCOPE ORIG MINT MOUTHWASH 1 LT (3700031613),7/28/2010,10,4.19
SCOPE ORIG MINT MOUTHWASH 1 LT (3700031613),8/4/2010,9,4.19
SCOPE ORIG MINT MOUTHWASH 1 LT (3700031613),8/11/2010,14,4.19
SCOPE ORIG MINT MOUTHWASH 1 LT (3700031613),8/18/2010,9,4.19
SCOPE ORIG MINT MOUTHWASH 1 LT (3700031613),8/25/2010,8,4.19
SCOPE ORIG MINT MOUTHWASH 1 LT (3700031613),9/1/2010,14,4.19
SCOPE ORIG MINT MOUTHWASH 1 LT (3700031613),9/8/2010,14,4.19
SCOPE ORIG MINT MOUTHWASH 1 LT (3700031613),9/15/2010,13,4.27
SCOPE ORIG MINT MOUTHWASH 1 LT (3700031613),9/22/2010,8,4.29
SCOPE ORIG MINT MOUTHWASH 1 LT (3700031613),9/29/2010,17,3.5
SCOPE ORIG MINT MOUTHWASH 1 LT (3700031613),10/6/2010,22,3.5
SCOPE ORIG MINT MOUTHWASH 1 LT (3700031613),10/13/2010,11,3.5
SCOPE ORIG MINT MOUTHWASH 1 LT (3700031613),10/20/2010,11,3.5
SCOPE ORIG MINT MOUTHWASH 1 LT (3700031613),10/27/2010,18,3.5
SCOPE ORIG MINT MOUTHWASH 1 LT (3700031613),11/3/2010,7,4.29
SCOPE ORIG MINT MOUTHWASH 1 LT (3700031613),11/10/2010,12,4.29
SCOPE ORIG MINT MOUTHWASH 1 LT (3700031613),11/17/2010,12,4.29
SCOPE ORIG MINT MOUTHWASH 1 LT (3700031613),11/24/2010,19,2.99
SCOPE ORIG MINT MOUTHWASH 1 LT (3700031613),12/1/2010,16,2.99
SCOPE ORIG MINT MOUTHWASH 1 LT (3700031613),12/8/2010,24,2.99
SCOPE ORIG MINT MOUTHWASH 1 LT (3700031613),12/15/2010,20,2.99
SCOPE ORIG MINT MOUTHWASH 1 LT (3700031613),12/22/2010,9,3.74
SCOPE ORIG MINT MOUTHWASH 1 LT (3700031613),12/29/2010,3,3.99
SCOPE ORIG MINT MOUTHWASH 1 LT (3700031613),1/5/2011,3,3.99
SCOPE ORIG MINT MOUTHWASH 1 LT (3700031613),1/12/2011,7,3.99
SCOPE ORIG MINT MOUTHWASH 1 LT (3700031613),1/19/2011,9,3.99
SCOPE ORIG MINT MOUTHWASH 1 LT (3700031613),1/26/2011,13,3.99
SCOPE ORIG MINT MOUTHWASH 1 LT (3700031613),2/2/2011,20,3.5
SCOPE ORIG MINT MOUTHWASH 1 LT (3700031613),2/9/2011,10,3.5
SCOPE ORIG MINT MOUTHWASH 1 LT (3700031613),2/16/2011,12,3.57
SCOPE ORIG MINT MOUTHWASH 1 LT (3700031613),2/23/2011,9,3.5
SCOPE ORIG MINT MOUTHWASH 1 LT (3700031613),3/2/2011,11,4.29
SCOPE ORIG MINT MOUTHWASH 1 LT (3700031613),3/9/2011,14,4.29
SCOPE ORIG MINT MOUTHWASH 1 LT (3700031613),3/16/2011,13,4.29
SCOPE ORIG MINT MOUTHWASH 1 LT (3700031613),3/23/2011,9,4.29
SCOPE ORIG MINT MOUTHWASH 1 LT (3700031613),3/30/2011,10,4.29
SCOPE ORIG MINT MOUTHWASH 1 LT (3700031613),4/6/2011,10,4.29
SCOPE ORIG MINT MOUTHWASH 1 LT (3700031613),4/13/2011,5,4.29
SCOPE ORIG MINT MOUTHWASH 1 LT (3700031613),4/20/2011,14,4.29
SCOPE ORIG MINT MOUTHWASH 1 LT (3700031613),4/27/2011,8,4.29
SCOPE ORIG MINT MOUTHWASH 1 LT (3700031613),5/4/2011,13,4.29
SCOPE ORIG MINT MOUTHWASH 1 LT (3700031613),5/11/2011,12,4.29
SCOPE ORIG MINT MOUTHWASH 1 LT (3700031613),5/18/2011,12,4.29
SCOPE ORIG MINT MOUTHWASH 1 LT (3700031613),5/25/2011,11,4.29
SCOPE ORIG MINT MOUTHWASH 1 LT (3700031613),6/1/2011,13,3.49
SCOPE ORIG MINT MOUTHWASH 1 LT (3700031613),6/8/2011,13,3.49
SCOPE ORIG MINT MOUTHWASH 1 LT (3700031613),6/15/2011,8,3.49
SCOPE ORIG MINT MOUTHWASH 1 LT (3700031613),6/22/2011,18,3.53
SCOPE ORIG MINT MOUTHWASH 1 LT (3700031613),6/29/2011,14,4.29
SCOPE ORIG MINT MOUTHWASH 1 LT (3700031613),7/6/2011,13,4.29
SCOPE ORIG MINT MOUTHWASH 1 LT (3700031613),7/13/2011,10,4.29
SCOPE ORIG MINT MOUTHWASH 1 LT (3700031613),7/20/2011,6,4.29
SCOPE ORIG MINT MOUTHWASH 1 LT (3700031613),7/27/2011,4,4.29
SCOPE ORIG MINT MOUTHWASH 1 LT (3700031613),8/3/2011,11,4.29
SCOPE ORIG MINT MOUTHWASH 1 LT (3700031613),8/10/2011,11,4.29
SCOPE ORIG MINT MOUTHWASH 1 LT (3700031613),8/17/2011,14,4.29
SCOPE ORIG MINT MOUTHWASH 1 LT (3700031613),8/24/2011,9,4.29
SCOPE ORIG MINT MOUTHWASH 1 LT (3700031613),8/31/2011,11,4.29
SCOPE ORIG MINT MOUTHWASH 1 LT (3700031613),9/7/2011,18,3.21
SCOPE ORIG MINT MOUTHWASH 1 LT (3700031613),9/14/2011,21,3.3
SCOPE ORIG MINT MOUTHWASH 1 LT (3700031613),9/21/2011,9,4.29
SCOPE ORIG MINT MOUTHWASH 1 LT (3700031613),9/28/2011,12,4.29
SCOPE ORIG MINT MOUTHWASH 1 LT (3700031613),10/5/2011,24,3.04
SCOPE ORIG MINT MOUTHWASH 1 LT (3700031613),10/12/2011,21,2.99
SCOPE ORIG MINT MOUTHWASH 1 LT (3700031613),10/19/2011,13,4.21
SCOPE ORIG MINT MOUTHWASH 1 LT (3700031613),10/26/2011,13,4.29
SCOPE ORIG MINT MOUTHWASH 1 LT (3700031613),11/2/2011,11,4.29
SCOPE ORIG MINT MOUTHWASH 1 LT (3700031613),11/9/2011,12,4.29
SCOPE ORIG MINT MOUTHWASH 1 LT (3700031613),11/16/2011,15,4.29
SCOPE ORIG MINT MOUTHWASH 1 LT (3700031613),11/23/2011,6,2.99
SCOPE ORIG MINT MOUTHWASH 1 LT (3700031613),11/30/2011,11,2.99
SCOPE ORIG MINT MOUTHWASH 1 LT (3700031613),12/7/2011,9,4.29
SCOPE ORIG MINT MOUTHWASH 1 LT (3700031613),12/14/2011,13,4.29
SCOPE ORIG MINT MOUTHWASH 1 LT (3700031613),12/21/2011,15,4.29
SCOPE ORIG MINT MOUTHWASH 1 LT (3700031613),12/28/2011,7,4.29
SCOPE ORIG MINT MOUTHWASH 1 LT (3700031613),1/4/2012,18,4.29
