sample_data_full.csv
ITEM,DATE,UNITS,PRICE
CREST PH CLN MINT RINSE 1 LT (3700044982),1/14/2009,9,5
CREST PH CLN MINT RINSE 1 LT (3700044982),1/21/2009,4,5
CREST PH CLN MINT RINSE 1 LT (3700044982),1/28/2009,8,5
CREST PH CLN MINT RINSE 1 LT (3700044982),2/4/2009,1,4.99
CREST PH CLN MINT RINSE 1 LT (3700044982),2/18/2009,5,4.99
CREST PH CLN MINT RINSE 1 LT (3700044982),2/25/2009,11,4.99
CREST PH CLN MINT RINSE 1 LT (3700044982),3/4/2009,10,5.49
CREST PH CLN MINT RINSE 1 LT (3700044982),3/11/2009,6,5.49
CREST PH CLN MINT RINSE 1 LT (3700044982),3/18/2009,5,5.49
CREST PH CLN MINT RINSE 1 LT (3700044982),3/25/2009,11,5.49
CREST PH CLN MINT RINSE 1 LT (3700044982),4/1/2009,16,4.99
CREST PH CLN MINT RINSE 1 LT (3700044982),4/8/2009,9,4.99
CREST PH CLN MINT RINSE 1 LT (3700044982),4/15/2009,18,4.99
CREST PH CLN MINT RINSE 1 LT (3700044982),4/22/2009,16,4.99
CREST PH CLN MINT RINSE 1 LT (3700044982),4/29/2009,14,5.49
CREST PH CLN MINT RINSE 1 LT (3700044982),5/6/2009,13,5.49
CREST PH CLN MINT RINSE 1 LT (3700044982),5/13/2009,11,4.99
CREST PH CLN MINT RINSE 1 LT (3700044982),5/20/2009,14,4.99
CREST PH CLN MINT RINSE 1 LT (3700044982),5/27/2009,13,4.99
CREST PH CLN MINT RINSE 1 LT (3700044982),6/3/2009,15,4.99
CREST PH CLN MINT RINSE 1 LT (3700044982),6/10/2009,9,5.49
CREST PH CLN MINT RINSE 1 LT (3700044982),6/17/2009,16,5.49
CREST PH CLN MINT RINSE 1 LT (3700044982),6/24/2009,11,5.49
CREST PH CLN MINT RINSE 1 LT (3700044982),7/1/2009,15,4.99
CREST PH CLN MINT RINSE 1 LT (3700044982),7/8/2009,16,4.99
CREST PH CLN MINT RINSE 1 LT (3700044982),7/15/2009,17,4.99
CREST PH CLN MINT RINSE 1 LT (3700044982),7/22/2009,13,5.49
CREST PH CLN MINT RINSE 1 LT (3700044982),7/29/2009,16,5.02
CREST PH CLN MINT RINSE 1 LT (3700044982),8/5/2009,12,4.99
CREST PH CLN MINT RINSE 1 LT (3700044982),8/12/2009,15,5.49
CREST PH CLN MINT RINSE 1 LT (3700044982),8/19/2009,17,5.49
CREST PH CLN MINT RINSE 1 LT (3700044982),8/26/2009,12,4.47
CREST PH CLN MINT RINSE 1 LT (3700044982),9/2/2009,23,4.43
CREST PH CLN MINT RINSE 1 LT (3700044982),9/9/2009,24,4.47
CREST PH CLN MINT RINSE 1 LT (3700044982),9/16/2009,17,4.47
CREST PH CLN MINT RINSE 1 LT (3700044982),9/23/2009,14,5.49
CREST PH CLN MINT RINSE 1 LT (3700044982),9/30/2009,12,5.49
CREST PH CLN MINT RINSE 1 LT (3700044982),10/7/2009,16,5.02
CREST PH CLN MINT RINSE 1 LT (3700044982),10/14/2009,25,4.99
CREST PH CLN MINT RINSE 1 LT (3700044982),10/21/2009,16,4.99
CREST PH CLN MINT RINSE 1 LT (3700044982),10/28/2009,17,4.99
CREST PH CLN MINT RINSE 1 LT (3700044982),11/4/2009,22,5.49
CREST PH CLN MINT RINSE 1 LT (3700044982),11/11/2009,28,5.19
CREST PH CLN MINT RINSE 1 LT (3700044982),11/18/2009,1,5.19
CREST PH CLN MINT RINSE 1 LT (3700044982),11/25/2009,7,5.19
CREST PH CLN MINT RINSE 1 LT (3700044982),12/2/2009,11,5.24
CREST PH CLN MINT RINSE 1 LT (3700044982),12/9/2009,15,5.49
CREST PH CLN MINT RINSE 1 LT (3700044982),12/16/2009,7,5.49
CREST PH CLN MINT RINSE 1 LT (3700044982),12/23/2009,5,5.49
CREST PH CLN MINT RINSE 1 LT (3700044982),1/6/2010,11,4.5
CREST PH CLN MINT RINSE 1 LT (3700044982),1/13/2010,8,4.5
CREST PH CLN MINT RINSE 1 LT (3700044982),1/20/2010,14,4.5
CREST PH CLN MINT RINSE 1 LT (3700044982),1/27/2010,26,4.5
CREST PH CLN MINT RINSE 1 LT (3700044982),2/3/2010,20,5.49
CREST PH CLN MINT RINSE 1 LT (3700044982),2/10/2010,13,5.49
CREST PH CLN MINT RINSE 1 LT (3700044982),2/17/2010,21,5.49
CREST PH CLN MINT RINSE 1 LT (3700044982),2/24/2010,18,5.49
CREST PH CLN MINT RINSE 1 LT (3700044982),3/3/2010,17,5.49
CREST PH CLN MINT RINSE 1 LT (3700044982),3/10/2010,19,4.49
CREST PH CLN MINT RINSE 1 LT (3700044982),3/17/2010,13,4.47
CREST PH CLN MINT RINSE 1 LT (3700044982),3/24/2010,5,4.49
CREST PH CLN MINT RINSE 1 LT (3700044982),5/5/2010,7,5.49
CREST PH CLN MINT RINSE 1 LT (3700044982),5/12/2010,11,4.99
CREST PH CLN MINT RINSE 1 LT (3700044982),5/19/2010,17,4.99
CREST PH CLN MINT RINSE 1 LT (3700044982),5/26/2010,6,4.99
CREST PH CLN MINT RINSE 1 LT (3700044982),6/2/2010,14,4.99
CREST PH CLN MINT RINSE 1 LT (3700044982),6/9/2010,11,5.35
CREST PH CLN MINT RINSE 1 LT (3700044982),6/16/2010,15,5.49
CREST PH CLN MINT RINSE 1 LT (3700044982),6/23/2010,15,5.49
CREST PH CLN MINT RINSE 1 LT (3700044982),6/30/2010,7,5.49
CREST PH CLN MINT RINSE 1 LT (3700044982),7/7/2010,7,5.49
CREST PH CLN MINT RINSE 1 LT (3700044982),7/14/2010,11,5.49
CREST PH CLN MINT RINSE 1 LT (3700044982),7/21/2010,16,5.49
CREST PH CLN MINT RINSE 1 LT (3700044982),7/28/2010,19,4.79
CREST PH CLN MINT RINSE 1 LT (3700044982),8/4/2010,21,4.79
CREST PH CLN MINT RINSE 1 LT (3700044982),8/11/2010,23,4.79
CREST PH CLN MINT RINSE 1 LT (3700044982),8/18/2010,17,4.75
CREST PH CLN MINT RINSE 1 LT (3700044982),8/25/2010,19,5.49
CREST PH CLN MINT RINSE 1 LT (3700044982),9/1/2010,22,5.49
CREST PH CLN MINT RINSE 1 LT (3700044982),9/8/2010,11,5.49
CREST PH CLN MINT RINSE 1 LT (3700044982),9/15/2010,33,4.55
CREST PH CLN MINT RINSE 1 LT (3700044982),9/22/2010,18,4.39
CREST PH CLN MINT RINSE 1 LT (3700044982),9/29/2010,22,4.49
CREST PH CLN MINT RINSE 1 LT (3700044982),10/6/2010,25,4.49
CREST PH CLN MINT RINSE 1 LT (3700044982),10/13/2010,11,5.49
CREST PH CLN MINT RINSE 1 LT (3700044982),10/20/2010,16,5.49
CREST PH CLN MINT RINSE 1 LT (3700044982),10/27/2010,12,5.49
CREST PH CLN MINT RINSE 1 LT (3700044982),11/3/2010,8,5.49
CREST PH CLN MINT RINSE 1 LT (3700044982),11/10/2010,17,4.5
CREST PH CLN MINT RINSE 1 LT (3700044982),11/17/2010,21,4.5
CREST PH CLN MINT RINSE 1 LT (3700044982),11/24/2010,14,5.42
CREST PH CLN MINT RINSE 1 LT (3700044982),12/1/2010,15,5.42
CREST PH CLN MINT RINSE 1 LT (3700044982),12/8/2010,10,5.49
CREST PH CLN MINT RINSE 1 LT (3700044982),12/15/2010,10,5.49
CREST PH CLN MINT RINSE 1 LT (3700044982),12/22/2010,3,5.49
CREST PH CLN MINT RINSE 1 LT (3700044982),1/5/2011,4,4.49
CREST PH CLN MINT RINSE 1 LT (3700044982),1/12/2011,33,4.49
CREST PH CLN MINT RINSE 1 LT (3700044982),1/19/2011,14,4.56
CREST PH CLN MINT RINSE 1 LT (3700044982),1/26/2011,24,5.49
CREST PH CLN MINT RINSE 1 LT (3700044982),2/2/2011,12,5.49
CREST PH CLN MINT RINSE 1 LT (3700044982),2/9/2011,20,5.49
CREST PH CLN MINT RINSE 1 LT (3700044982),2/16/2011,13,5.49
CREST PH CLN MINT RINSE 1 LT (3700044982),2/23/2011,18,5.49
CREST PH CLN MINT RINSE 1 LT (3700044982),3/2/2011,23,5.49
CREST PH CLN MINT RINSE 1 LT (3700044982),3/9/2011,22,4.49
CREST PH CLN MINT RINSE 1 LT (3700044982),3/16/2011,18,4.49
CREST PH CLN MINT RINSE 1 LT (3700044982),3/23/2011,9,5.49
CREST PH CLN MINT RINSE 1 LT (3700044982),3/30/2011,12,5.49
CREST PH CLN MINT RINSE 1 LT (3700044982),4/6/2011,10,5.49
CREST PH CLN MINT RINSE 1 LT (3700044982),4/13/2011,5,5.49
CREST PH CLN MINT RINSE 1 LT (3700044982),4/20/2011,1,5.49
CREST PH CLN MINT RINSE 1 LT (3700044982),4/27/2011,6,5.49
CREST PH CLN MINT RINSE 1 LT (3700044982),5/4/2011,16,4.4
CREST PH CLN MINT RINSE 1 LT (3700044982),5/11/2011,10,4.4
CREST PH CLN MINT RINSE 1 LT (3700044982),5/18/2011,10,4.4
CREST PH CLN MINT RINSE 1 LT (3700044982),5/25/2011,15,4.4
CREST PH CLN MINT RINSE 1 LT (3700044982),6/1/2011,13,4.4
CREST PH CLN MINT RINSE 1 LT (3700044982),6/8/2011,16,4.4
CREST PH CLN MINT RINSE 1 LT (3700044982),6/15/2011,12,4.4
CREST PH CLN MINT RINSE 1 LT (3700044982),6/22/2011,16,4.4
CREST PH CLN MINT RINSE 1 LT (3700044982),6/29/2011,12,4.4
CREST PH CLN MINT RINSE 1 LT (3700044982),7/6/2011,4,4.4
CREST PH CLN MINT RINSE 1 LT (3700044982),7/13/2011,18,4.4
CREST PH CLN MINT RINSE 1 LT (3700044982),7/20/2011,10,4.4
CREST PH CLN MINT RINSE 1 LT (3700044982),7/27/2011,10,4.4
CREST PH CLN MINT RINSE 1 LT (3700044982),8/3/2011,8,4.4
CREST PH CLN MINT RINSE 1 LT (3700044982),8/10/2011,9,4.57
CREST PH CLN MINT RINSE 1 LT (3700044982),8/17/2011,11,5.23
CREST PH CLN MINT RINSE 1 LT (3700044982),8/24/2011,9,5.23
CREST PH CLN MINT RINSE 1 LT (3700044982),8/31/2011,11,5.23
CREST PH CLN MINT RINSE 1 LT (3700044982),9/7/2011,22,3.88
CREST PH CLN MINT RINSE 1 LT (3700044982),9/14/2011,13,3.67
CREST PH CLN MINT RINSE 1 LT (3700044982),9/21/2011,2,5.23
CREST PH CLN MINT RINSE 1 LT (3700044982),9/28/2011,1,5.23
CREST PH CLN MINT RINSE 1 LT (3700044982),10/5/2011,1,5.23
CREST PH CLN MINT RINSE 1 LT (3700044982),10/12/2011,6,5.23
CREST PH CLN MINT RINSE 1 LT (3700044982),10/19/2011,8,4.99
CREST PH CLN MINT RINSE 1 LT (3700044982),10/26/2011,7,4.99
CREST PH CLN MINT RINSE 1 LT (3700044982),11/2/2011,2,4.99
CREST PH CLN MINT RINSE 1 LT (3700044982),11/9/2011,14,4.99
CREST PH CLN MINT RINSE 1 LT (3700044982),11/16/2011,6,5.23
CREST PH CLN MINT RINSE 1 LT (3700044982),11/23/2011,7,5.23
CREST PH CLN MINT RINSE 1 LT (3700044982),11/30/2011,2,5.23
CREST PH CLN MINT RINSE 1 LT (3700044982),12/7/2011,16,5.23
CREST PH CLN MINT RINSE 1 LT (3700044982),12/14/2011,6,5.23
CREST PH CLN MINT RINSE 1 LT (3700044982),12/21/2011,7,5.23
CREST PH CLN MINT RINSE 1 LT (3700044982),12/28/2011,10,5.23
CREST PH CLN MINT RINSE 1 LT (3700044982),1/4/2012,7,5.23
