sample_data_full.csv
ITEM,DATE,UNITS,PRICE
KELL BITE SIZE MINI WHEAT 18 OZ (3800031829),1/14/2009,104,3.39
KELL BITE SIZE MINI WHEAT 18 OZ (3800031829),1/21/2009,82,3.39
KELL BITE SIZE MINI WHEAT 18 OZ (3800031829),1/28/2009,86,3.39
KELL BITE SIZE MINI WHEAT 18 OZ (3800031829),2/4/2009,85,3.39
KELL BITE SIZE MINI WHEAT 18 OZ (3800031829),2/11/2009,62,3.39
KELL BITE SIZE MINI WHEAT 18 OZ (3800031829),2/18/2009,70,3.39
KELL BITE SIZE MINI WHEAT 18 OZ (3800031829),2/25/2009,98,3.08
KELL BITE SIZE MINI WHEAT 18 OZ (3800031829),3/4/2009,129,3.08
KELL BITE SIZE MINI WHEAT 18 OZ (3800031829),3/11/2009,109,3.07
KELL BITE SIZE MINI WHEAT 18 OZ (3800031829),3/18/2009,235,2.5
KELL BITE SIZE MINI WHEAT 18 OZ (3800031829),3/25/2009,208,2.49
KELL BITE SIZE MINI WHEAT 18 OZ (3800031829),4/1/2009,157,2.49
KELL BITE SIZE MINI WHEAT 18 OZ (3800031829),4/8/2009,76,3.07
KELL BITE SIZE MINI WHEAT 18 OZ (3800031829),4/15/2009,92,3.08
KELL BITE SIZE MINI WHEAT 18 OZ (3800031829),4/22/2009,94,3.29
KELL BITE SIZE MINI WHEAT 18 OZ (3800031829),4/29/2009,78,3.29
KELL BITE SIZE MINI WHEAT 18 OZ (3800031829),5/6/2009,83,3.29
KELL BITE SIZE MINI WHEAT 18 OZ (3800031829),5/13/2009,323,2.01
KELL BITE SIZE MINI WHEAT 18 OZ (3800031829),5/20/2009,200,2.5
KELL BITE SIZE MINI WHEAT 18 OZ (3800031829),5/27/2009,76,3.28
KELL BITE SIZE MINI WHEAT 18 OZ (3800031829),6/3/2009,84,3.28
KELL BITE SIZE MINI WHEAT 18 OZ (3800031829),6/10/2009,64,3.29
KELL BITE SIZE MINI WHEAT 18 OZ (3800031829),6/17/2009,104,3.28
KELL BITE SIZE MINI WHEAT 18 OZ (3800031829),6/24/2009,101,3.29
KELL BITE SIZE MINI WHEAT 18 OZ (3800031829),7/1/2009,103,3.29
KELL BITE SIZE MINI WHEAT 18 OZ (3800031829),7/8/2009,114,3.29
KELL BITE SIZE MINI WHEAT 18 OZ (3800031829),7/15/2009,94,3.29
KELL BITE SIZE MINI WHEAT 18 OZ (3800031829),7/22/2009,175,3
KELL BITE SIZE MINI WHEAT 18 OZ (3800031829),7/29/2009,130,2.99
KELL BITE SIZE MINI WHEAT 18 OZ (3800031829),8/5/2009,132,3.29
KELL BITE SIZE MINI WHEAT 18 OZ (3800031829),8/12/2009,94,3.29
KELL BITE SIZE MINI WHEAT 18 OZ (3800031829),8/19/2009,115,3.29
KELL BITE SIZE MINI WHEAT 18 OZ (3800031829),8/26/2009,115,3.29
KELL BITE SIZE MINI WHEAT 18 OZ (3800031829),9/2/2009,92,3.28
KELL BITE SIZE MINI WHEAT 18 OZ (3800031829),9/9/2009,27,3.28
KELL BITE SIZE MINI WHEAT 18 OZ (3800031829),9/16/2009,122,3.29
KELL BITE SIZE MINI WHEAT 18 OZ (3800031829),9/23/2009,108,3.29
KELL BITE SIZE MINI WHEAT 18 OZ (3800031829),9/30/2009,113,3.29
KELL BITE SIZE MINI WHEAT 18 OZ (3800031829),10/7/2009,88,3.29
KELL BITE SIZE MINI WHEAT 18 OZ (3800031829),10/14/2009,95,3.29
KELL BITE SIZE MINI WHEAT 18 OZ (3800031829),10/21/2009,91,3.29
KELL BITE SIZE MINI WHEAT 18 OZ (3800031829),10/28/2009,111,3.29
KELL BITE SIZE MINI WHEAT 18 OZ (3800031829),11/4/2009,100,3.29
KELL BITE SIZE MINI WHEAT 18 OZ (3800031829),11/11/2009,102,3.29
KELL BITE SIZE MINI WHEAT 18 OZ (3800031829),11/18/2009,107,3.29
KELL BITE SIZE MINI WHEAT 18 OZ (3800031829),11/25/2009,56,2.51
KELL BITE SIZE MINI WHEAT 18 OZ (3800031829),12/2/2009,155,2.5
KELL BITE SIZE MINI WHEAT 18 OZ (3800031829),12/9/2009,125,3.28
KELL BITE SIZE MINI WHEAT 18 OZ (3800031829),12/16/2009,99,3.29
KELL BITE SIZE MINI WHEAT 18 OZ (3800031829),12/23/2009,81,3.29
KELL BITE SIZE MINI WHEAT 18 OZ (3800031829),12/30/2009,62,3.29
KELL BITE SIZE MINI WHEAT 18 OZ (3800031829),1/6/2010,94,3.29
KELL BITE SIZE MINI WHEAT 18 OZ (3800031829),1/13/2010,122,3.28
KELL BITE SIZE MINI WHEAT 18 OZ (3800031829),1/20/2010,66,3.29
KELL BITE SIZE MINI WHEAT 18 OZ (3800031829),1/27/2010,63,3.29
KELL BITE SIZE MINI WHEAT 18 OZ (3800031829),2/3/2010,73,3.29
KELL BITE SIZE MINI WHEAT 18 OZ (3800031829),2/10/2010,82,3.29
KELL BITE SIZE MINI WHEAT 18 OZ (3800031829),2/17/2010,96,3.29
KELL BITE SIZE MINI WHEAT 18 OZ (3800031829),2/24/2010,74,3.29
KELL BITE SIZE MINI WHEAT 18 OZ (3800031829),3/3/2010,261,2.5
KELL BITE SIZE MINI WHEAT 18 OZ (3800031829),3/10/2010,88,3.25
KELL BITE SIZE MINI WHEAT 18 OZ (3800031829),3/17/2010,37,3.29
KELL BITE SIZE MINI WHEAT 18 OZ (3800031829),3/24/2010,210,2.77
KELL BITE SIZE MINI WHEAT 18 OZ (3800031829),3/31/2010,165,2.77
KELL BITE SIZE MINI WHEAT 18 OZ (3800031829),4/7/2010,83,3.29
KELL BITE SIZE MINI WHEAT 18 OZ (3800031829),4/14/2010,88,3.29
KELL BITE SIZE MINI WHEAT 18 OZ (3800031829),4/21/2010,84,3.29
KELL BITE SIZE MINI WHEAT 18 OZ (3800031829),4/28/2010,86,3.28
KELL BITE SIZE MINI WHEAT 18 OZ (3800031829),5/5/2010,193,2.54
KELL BITE SIZE MINI WHEAT 18 OZ (3800031829),5/12/2010,63,3.29
KELL BITE SIZE MINI WHEAT 18 OZ (3800031829),5/19/2010,65,3.29
KELL BITE SIZE MINI WHEAT 18 OZ (3800031829),5/26/2010,73,3.29
KELL BITE SIZE MINI WHEAT 18 OZ (3800031829),6/2/2010,56,3.26
KELL BITE SIZE MINI WHEAT 18 OZ (3800031829),6/9/2010,83,3.27
KELL BITE SIZE MINI WHEAT 18 OZ (3800031829),6/16/2010,141,2.51
KELL BITE SIZE MINI WHEAT 18 OZ (3800031829),6/23/2010,82,2.5
KELL BITE SIZE MINI WHEAT 18 OZ (3800031829),6/30/2010,63,3.29
KELL BITE SIZE MINI WHEAT 18 OZ (3800031829),7/7/2010,64,3.29
KELL BITE SIZE MINI WHEAT 18 OZ (3800031829),7/14/2010,116,2.14
KELL BITE SIZE MINI WHEAT 18 OZ (3800031829),7/21/2010,54,3.2
KELL BITE SIZE MINI WHEAT 18 OZ (3800031829),7/28/2010,67,3.29
KELL BITE SIZE MINI WHEAT 18 OZ (3800031829),8/4/2010,91,3.29
KELL BITE SIZE MINI WHEAT 18 OZ (3800031829),8/11/2010,71,3.22
KELL BITE SIZE MINI WHEAT 18 OZ (3800031829),8/18/2010,85,3.29
KELL BITE SIZE MINI WHEAT 18 OZ (3800031829),8/25/2010,83,3.27
KELL BITE SIZE MINI WHEAT 18 OZ (3800031829),9/1/2010,73,3.29
KELL BITE SIZE MINI WHEAT 18 OZ (3800031829),9/8/2010,79,3.29
KELL BITE SIZE MINI WHEAT 18 OZ (3800031829),9/15/2010,30,3.25
KELL BITE SIZE MINI WHEAT 18 OZ (3800031829),9/22/2010,48,3.29
KELL BITE SIZE MINI WHEAT 18 OZ (3800031829),9/29/2010,69,3.28
KELL BITE SIZE MINI WHEAT 18 OZ (3800031829),10/6/2010,77,3.28
KELL BITE SIZE MINI WHEAT 18 OZ (3800031829),10/13/2010,57,3.29
KELL BITE SIZE MINI WHEAT 18 OZ (3800031829),10/20/2010,79,3.28
KELL BITE SIZE MINI WHEAT 18 OZ (3800031829),10/27/2010,117,2.49
KELL BITE SIZE MINI WHEAT 18 OZ (3800031829),11/3/2010,149,2.51
KELL BITE SIZE MINI WHEAT 18 OZ (3800031829),11/10/2010,105,2.5
KELL BITE SIZE MINI WHEAT 18 OZ (3800031829),11/17/2010,122,2.49
KELL BITE SIZE MINI WHEAT 18 OZ (3800031829),11/24/2010,112,2.51
KELL BITE SIZE MINI WHEAT 18 OZ (3800031829),12/1/2010,64,3.35
KELL BITE SIZE MINI WHEAT 18 OZ (3800031829),12/8/2010,87,3.38
KELL BITE SIZE MINI WHEAT 18 OZ (3800031829),12/15/2010,92,3.38
KELL BITE SIZE MINI WHEAT 18 OZ (3800031829),12/22/2010,56,3.38
KELL BITE SIZE MINI WHEAT 18 OZ (3800031829),12/29/2010,60,3.38
KELL BITE SIZE MINI WHEAT 18 OZ (3800031829),1/5/2011,72,3.38
KELL BITE SIZE MINI WHEAT 18 OZ (3800031829),1/12/2011,85,3.38
KELL BITE SIZE MINI WHEAT 18 OZ (3800031829),1/19/2011,60,3.38
KELL BITE SIZE MINI WHEAT 18 OZ (3800031829),1/26/2011,50,3.35
KELL BITE SIZE MINI WHEAT 18 OZ (3800031829),2/2/2011,64,3.38
KELL BITE SIZE MINI WHEAT 18 OZ (3800031829),2/9/2011,62,3.13
KELL BITE SIZE MINI WHEAT 18 OZ (3800031829),2/16/2011,152,2.5
KELL BITE SIZE MINI WHEAT 18 OZ (3800031829),2/23/2011,169,2.51
KELL BITE SIZE MINI WHEAT 18 OZ (3800031829),3/2/2011,196,2.51
KELL BITE SIZE MINI WHEAT 18 OZ (3800031829),3/9/2011,70,3.38
KELL BITE SIZE MINI WHEAT 18 OZ (3800031829),3/16/2011,64,3.37
KELL BITE SIZE MINI WHEAT 18 OZ (3800031829),3/23/2011,76,3.38
KELL BITE SIZE MINI WHEAT 18 OZ (3800031829),3/30/2011,89,3.37
KELL BITE SIZE MINI WHEAT 18 OZ (3800031829),4/6/2011,71,3.57
KELL BITE SIZE MINI WHEAT 18 OZ (3800031829),4/13/2011,79,3.56
KELL BITE SIZE MINI WHEAT 18 OZ (3800031829),4/20/2011,71,3.57
KELL BITE SIZE MINI WHEAT 18 OZ (3800031829),4/27/2011,67,3.57
KELL BITE SIZE MINI WHEAT 18 OZ (3800031829),5/4/2011,65,3.57
KELL BITE SIZE MINI WHEAT 18 OZ (3800031829),5/11/2011,66,3.57
KELL BITE SIZE MINI WHEAT 18 OZ (3800031829),5/18/2011,88,3.57
KELL BITE SIZE MINI WHEAT 18 OZ (3800031829),5/25/2011,78,3.57
KELL BITE SIZE MINI WHEAT 18 OZ (3800031829),6/1/2011,79,3.56
KELL BITE SIZE MINI WHEAT 18 OZ (3800031829),6/8/2011,86,3.57
KELL BITE SIZE MINI WHEAT 18 OZ (3800031829),6/15/2011,87,3.57
KELL BITE SIZE MINI WHEAT 18 OZ (3800031829),6/22/2011,343,2.38
KELL BITE SIZE MINI WHEAT 18 OZ (3800031829),6/29/2011,257,2.44
KELL BITE SIZE MINI WHEAT 18 OZ (3800031829),7/6/2011,84,3.53
KELL BITE SIZE MINI WHEAT 18 OZ (3800031829),7/13/2011,98,3.57
KELL BITE SIZE MINI WHEAT 18 OZ (3800031829),7/20/2011,102,3.57
KELL BITE SIZE MINI WHEAT 18 OZ (3800031829),7/27/2011,76,3.84
KELL BITE SIZE MINI WHEAT 18 OZ (3800031829),8/3/2011,87,3.89
KELL BITE SIZE MINI WHEAT 18 OZ (3800031829),8/10/2011,76,3.89
KELL BITE SIZE MINI WHEAT 18 OZ (3800031829),8/17/2011,86,3.89
KELL BITE SIZE MINI WHEAT 18 OZ (3800031829),8/24/2011,122,3.89
KELL BITE SIZE MINI WHEAT 18 OZ (3800031829),8/31/2011,123,3.88
KELL BITE SIZE MINI WHEAT 18 OZ (3800031829),9/7/2011,90,3.89
KELL BITE SIZE MINI WHEAT 18 OZ (3800031829),9/14/2011,88,3.89
KELL BITE SIZE MINI WHEAT 18 OZ (3800031829),9/21/2011,78,3.89
KELL BITE SIZE MINI WHEAT 18 OZ (3800031829),9/28/2011,73,3.89
KELL BITE SIZE MINI WHEAT 18 OZ (3800031829),10/5/2011,74,3.89
KELL BITE SIZE MINI WHEAT 18 OZ (3800031829),10/12/2011,65,3.89
KELL BITE SIZE MINI WHEAT 18 OZ (3800031829),10/19/2011,87,3.89
KELL BITE SIZE MINI WHEAT 18 OZ (3800031829),10/26/2011,82,3.88
KELL BITE SIZE MINI WHEAT 18 OZ (3800031829),11/2/2011,53,3.85
KELL BITE SIZE MINI WHEAT 18 OZ (3800031829),11/9/2011,53,3.85
KELL BITE SIZE MINI WHEAT 18 OZ (3800031829),11/16/2011,50,3.89
KELL BITE SIZE MINI WHEAT 18 OZ (3800031829),11/23/2011,51,3.89
KELL BITE SIZE MINI WHEAT 18 OZ (3800031829),11/30/2011,62,3.88
KELL BITE SIZE MINI WHEAT 18 OZ (3800031829),12/7/2011,56,3.89
KELL BITE SIZE MINI WHEAT 18 OZ (3800031829),12/14/2011,69,3.89
KELL BITE SIZE MINI WHEAT 18 OZ (3800031829),12/21/2011,62,3.89
KELL BITE SIZE MINI WHEAT 18 OZ (3800031829),12/28/2011,71,3.89
KELL BITE SIZE MINI WHEAT 18 OZ (3800031829),1/4/2012,63,3.89
