sample_data_full.csv
ITEM,DATE,UNITS,PRICE
KELL FROSTED FLAKES 15 OZ (3800031838),1/14/2009,62,2.7
KELL FROSTED FLAKES 15 OZ (3800031838),1/21/2009,45,2.92
KELL FROSTED FLAKES 15 OZ (3800031838),1/28/2009,47,2.99
KELL FROSTED FLAKES 15 OZ (3800031838),2/4/2009,45,2.99
KELL FROSTED FLAKES 15 OZ (3800031838),2/11/2009,31,2.03
KELL FROSTED FLAKES 15 OZ (3800031838),2/18/2009,47,2.29
KELL FROSTED FLAKES 15 OZ (3800031838),2/25/2009,48,2.49
KELL FROSTED FLAKES 15 OZ (3800031838),3/4/2009,30,1.89
KELL FROSTED FLAKES 15 OZ (3800031838),3/11/2009,32,2.71
KELL FROSTED FLAKES 15 OZ (3800031838),3/18/2009,43,2.71
KELL FROSTED FLAKES 15 OZ (3800031838),3/25/2009,64,2.9
KELL FROSTED FLAKES 15 OZ (3800031838),4/1/2009,69,2.95
KELL FROSTED FLAKES 15 OZ (3800031838),4/8/2009,38,2.92
KELL FROSTED FLAKES 15 OZ (3800031838),4/15/2009,37,2.75
KELL FROSTED FLAKES 15 OZ (3800031838),4/22/2009,40,2.92
KELL FROSTED FLAKES 15 OZ (3800031838),4/29/2009,58,2.98
KELL FROSTED FLAKES 15 OZ (3800031838),5/6/2009,53,2.99
KELL FROSTED FLAKES 15 OZ (3800031838),5/13/2009,277,1.96
KELL FROSTED FLAKES 15 OZ (3800031838),5/20/2009,126,2.29
KELL FROSTED FLAKES 15 OZ (3800031838),5/27/2009,77,2.62
KELL FROSTED FLAKES 15 OZ (3800031838),6/3/2009,109,2.83
KELL FROSTED FLAKES 15 OZ (3800031838),6/10/2009,162,2.5
KELL FROSTED FLAKES 15 OZ (3800031838),6/17/2009,143,2.47
KELL FROSTED FLAKES 15 OZ (3800031838),6/24/2009,74,2.76
KELL FROSTED FLAKES 15 OZ (3800031838),7/1/2009,50,2.82
KELL FROSTED FLAKES 15 OZ (3800031838),7/8/2009,33,2.88
KELL FROSTED FLAKES 15 OZ (3800031838),7/15/2009,65,2.84
KELL FROSTED FLAKES 15 OZ (3800031838),7/22/2009,50,2.65
KELL FROSTED FLAKES 15 OZ (3800031838),7/29/2009,33,2.88
KELL FROSTED FLAKES 15 OZ (3800031838),8/5/2009,357,1.59
KELL FROSTED FLAKES 15 OZ (3800031838),8/12/2009,53,2.54
KELL FROSTED FLAKES 15 OZ (3800031838),8/19/2009,158,2.41
KELL FROSTED FLAKES 15 OZ (3800031838),8/26/2009,43,2.72
KELL FROSTED FLAKES 15 OZ (3800031838),9/2/2009,56,2.88
KELL FROSTED FLAKES 15 OZ (3800031838),9/9/2009,22,2.94
KELL FROSTED FLAKES 15 OZ (3800031838),9/16/2009,51,2.99
KELL FROSTED FLAKES 15 OZ (3800031838),9/23/2009,44,2.92
KELL FROSTED FLAKES 15 OZ (3800031838),9/30/2009,60,2.93
KELL FROSTED FLAKES 15 OZ (3800031838),10/7/2009,46,3.05
KELL FROSTED FLAKES 15 OZ (3800031838),10/14/2009,44,3.12
KELL FROSTED FLAKES 15 OZ (3800031838),10/21/2009,52,3.01
KELL FROSTED FLAKES 15 OZ (3800031838),10/28/2009,48,3.19
KELL FROSTED FLAKES 15 OZ (3800031838),11/4/2009,40,3.19
KELL FROSTED FLAKES 15 OZ (3800031838),11/11/2009,21,3.19
KELL FROSTED FLAKES 15 OZ (3800031838),11/18/2009,59,3.03
KELL FROSTED FLAKES 15 OZ (3800031838),11/25/2009,48,2.47
KELL FROSTED FLAKES 15 OZ (3800031838),12/2/2009,115,2.43
KELL FROSTED FLAKES 15 OZ (3800031838),12/9/2009,232,1.84
KELL FROSTED FLAKES 15 OZ (3800031838),12/16/2009,50,3.06
KELL FROSTED FLAKES 15 OZ (3800031838),12/23/2009,59,3.19
KELL FROSTED FLAKES 15 OZ (3800031838),12/30/2009,36,3.19
KELL FROSTED FLAKES 15 OZ (3800031838),1/6/2010,41,3.19
KELL FROSTED FLAKES 15 OZ (3800031838),1/13/2010,74,3.15
KELL FROSTED FLAKES 15 OZ (3800031838),1/20/2010,20,3.19
KELL FROSTED FLAKES 15 OZ (3800031838),1/27/2010,52,3.19
KELL FROSTED FLAKES 15 OZ (3800031838),2/3/2010,44,3.19
KELL FROSTED FLAKES 15 OZ (3800031838),2/10/2010,39,2.94
KELL FROSTED FLAKES 15 OZ (3800031838),2/17/2010,33,2.89
KELL FROSTED FLAKES 15 OZ (3800031838),2/24/2010,35,2.75
KELL FROSTED FLAKES 15 OZ (3800031838),3/3/2010,310,2.48
KELL FROSTED FLAKES 15 OZ (3800031838),3/10/2010,40,2.93
KELL FROSTED FLAKES 15 OZ (3800031838),3/17/2010,23,3.17
KELL FROSTED FLAKES 15 OZ (3800031838),3/24/2010,34,2.96
KELL FROSTED FLAKES 15 OZ (3800031838),3/31/2010,45,2.74
KELL FROSTED FLAKES 15 OZ (3800031838),4/7/2010,54,2.88
KELL FROSTED FLAKES 15 OZ (3800031838),4/14/2010,68,2.75
KELL FROSTED FLAKES 15 OZ (3800031838),4/21/2010,69,2.8
KELL FROSTED FLAKES 15 OZ (3800031838),4/28/2010,346,1.98
KELL FROSTED FLAKES 15 OZ (3800031838),5/5/2010,127,1.97
KELL FROSTED FLAKES 15 OZ (3800031838),5/12/2010,171,1.92
KELL FROSTED FLAKES 15 OZ (3800031838),5/19/2010,143,1.97
KELL FROSTED FLAKES 15 OZ (3800031838),5/26/2010,77,2.87
KELL FROSTED FLAKES 15 OZ (3800031838),6/2/2010,81,2.79
KELL FROSTED FLAKES 15 OZ (3800031838),6/9/2010,83,2.88
KELL FROSTED FLAKES 15 OZ (3800031838),6/16/2010,128,2.47
KELL FROSTED FLAKES 15 OZ (3800031838),6/23/2010,130,2.48
KELL FROSTED FLAKES 15 OZ (3800031838),6/30/2010,93,2.87
KELL FROSTED FLAKES 15 OZ (3800031838),7/7/2010,72,2.84
KELL FROSTED FLAKES 15 OZ (3800031838),7/14/2010,246,2.02
KELL FROSTED FLAKES 15 OZ (3800031838),7/21/2010,88,2.83
KELL FROSTED FLAKES 15 OZ (3800031838),7/28/2010,87,2.88
KELL FROSTED FLAKES 15 OZ (3800031838),8/4/2010,105,2.88
KELL FROSTED FLAKES 15 OZ (3800031838),8/11/2010,90,2.82
KELL FROSTED FLAKES 15 OZ (3800031838),8/18/2010,76,2.73
KELL FROSTED FLAKES 15 OZ (3800031838),8/25/2010,63,2.77
KELL FROSTED FLAKES 15 OZ (3800031838),9/1/2010,54,2.76
KELL FROSTED FLAKES 15 OZ (3800031838),9/8/2010,40,3.18
KELL FROSTED FLAKES 15 OZ (3800031838),9/15/2010,36,3.19
KELL FROSTED FLAKES 15 OZ (3800031838),9/22/2010,42,3.19
KELL FROSTED FLAKES 15 OZ (3800031838),9/29/2010,38,3.19
KELL FROSTED FLAKES 15 OZ (3800031838),10/6/2010,42,3.11
KELL FROSTED FLAKES 15 OZ (3800031838),10/13/2010,34,3.1
KELL FROSTED FLAKES 15 OZ (3800031838),10/20/2010,50,3.19
KELL FROSTED FLAKES 15 OZ (3800031838),10/27/2010,45,3.19
KELL FROSTED FLAKES 15 OZ (3800031838),11/3/2010,67,3.18
KELL FROSTED FLAKES 15 OZ (3800031838),11/10/2010,23,3.19
KELL FROSTED FLAKES 15 OZ (3800031838),11/17/2010,21,3
KELL FROSTED FLAKES 15 OZ (3800031838),11/24/2010,58,3.32
KELL FROSTED FLAKES 15 OZ (3800031838),12/1/2010,55,3.13
KELL FROSTED FLAKES 15 OZ (3800031838),12/8/2010,65,3.31
KELL FROSTED FLAKES 15 OZ (3800031838),12/15/2010,46,3.32
KELL FROSTED FLAKES 15 OZ (3800031838),12/22/2010,37,3.32
KELL FROSTED FLAKES 15 OZ (3800031838),12/29/2010,45,3.24
KELL FROSTED FLAKES 15 OZ (3800031838),1/5/2011,51,3.32
KELL FROSTED FLAKES 15 OZ (3800031838),1/12/2011,71,3.32
KELL FROSTED FLAKES 15 OZ (3800031838),1/19/2011,66,3.27
KELL FROSTED FLAKES 15 OZ (3800031838),1/26/2011,61,3.32
KELL FROSTED FLAKES 15 OZ (3800031838),2/2/2011,67,3.3
KELL FROSTED FLAKES 15 OZ (3800031838),2/9/2011,66,3
KELL FROSTED FLAKES 15 OZ (3800031838),2/16/2011,149,2.47
KELL FROSTED FLAKES 15 OZ (3800031838),2/23/2011,125,2.45
KELL FROSTED FLAKES 15 OZ (3800031838),3/2/2011,146,2.48
KELL FROSTED FLAKES 15 OZ (3800031838),3/9/2011,60,3.28
KELL FROSTED FLAKES 15 OZ (3800031838),3/16/2011,46,3.32
KELL FROSTED FLAKES 15 OZ (3800031838),3/23/2011,69,3.32
KELL FROSTED FLAKES 15 OZ (3800031838),3/30/2011,51,3.29
KELL FROSTED FLAKES 15 OZ (3800031838),4/6/2011,40,3.28
KELL FROSTED FLAKES 15 OZ (3800031838),4/13/2011,34,3.28
KELL FROSTED FLAKES 15 OZ (3800031838),4/20/2011,46,3.21
KELL FROSTED FLAKES 15 OZ (3800031838),4/27/2011,48,3.28
KELL FROSTED FLAKES 15 OZ (3800031838),5/4/2011,62,3.28
KELL FROSTED FLAKES 15 OZ (3800031838),5/11/2011,60,3.12
KELL FROSTED FLAKES 15 OZ (3800031838),5/18/2011,27,3.18
KELL FROSTED FLAKES 15 OZ (3800031838),5/25/2011,69,3.08
KELL FROSTED FLAKES 15 OZ (3800031838),6/1/2011,59,3.28
KELL FROSTED FLAKES 15 OZ (3800031838),6/8/2011,68,3.23
KELL FROSTED FLAKES 15 OZ (3800031838),6/15/2011,46,3.21
KELL FROSTED FLAKES 15 OZ (3800031838),6/22/2011,263,2.44
KELL FROSTED FLAKES 15 OZ (3800031838),6/29/2011,175,2.5
KELL FROSTED FLAKES 15 OZ (3800031838),7/6/2011,70,3.06
KELL FROSTED FLAKES 15 OZ (3800031838),7/13/2011,79,3.28
KELL FROSTED FLAKES 15 OZ (3800031838),7/20/2011,76,3.2
KELL FROSTED FLAKES 15 OZ (3800031838),7/27/2011,77,3.28
KELL FROSTED FLAKES 15 OZ (3800031838),8/3/2011,66,3.28
KELL FROSTED FLAKES 15 OZ (3800031838),8/10/2011,84,3.28
KELL FROSTED FLAKES 15 OZ (3800031838),8/17/2011,88,3.15
KELL FROSTED FLAKES 15 OZ (3800031838),8/24/2011,60,3.23
KELL FROSTED FLAKES 15 OZ (3800031838),8/31/2011,89,3.26
KELL FROSTED FLAKES 15 OZ (3800031838),9/7/2011,68,3.28
KELL FROSTED FLAKES 15 OZ (3800031838),9/14/2011,71,3.28
KELL FROSTED FLAKES 15 OZ (3800031838),9/21/2011,90,3.28
KELL FROSTED FLAKES 15 OZ (3800031838),9/28/2011,76,3.28
KELL FROSTED FLAKES 15 OZ (3800031838),10/5/2011,84,3.28
KELL FROSTED FLAKES 15 OZ (3800031838),10/12/2011,96,3.23
KELL FROSTED FLAKES 15 OZ (3800031838),10/19/2011,99,3.25
KELL FROSTED FLAKES 15 OZ (3800031838),10/26/2011,86,3.38
KELL FROSTED FLAKES 15 OZ (3800031838),11/2/2011,191,2.51
KELL FROSTED FLAKES 15 OZ (3800031838),11/9/2011,55,3.36
KELL FROSTED FLAKES 15 OZ (3800031838),11/16/2011,63,3.33
KELL FROSTED FLAKES 15 OZ (3800031838),11/23/2011,78,3.29
KELL FROSTED FLAKES 15 OZ (3800031838),11/30/2011,94,3.29
KELL FROSTED FLAKES 15 OZ (3800031838),12/7/2011,278,1.97
KELL FROSTED FLAKES 15 OZ (3800031838),12/14/2011,239,2
KELL FROSTED FLAKES 15 OZ (3800031838),12/21/2011,75,3.36
KELL FROSTED FLAKES 15 OZ (3800031838),12/28/2011,74,3.31
KELL FROSTED FLAKES 15 OZ (3800031838),1/4/2012,45,3.38
KELL FROOT LOOPS 12.2 OZ (3800039118),1/14/2009,40,2.67
KELL FROOT LOOPS 12.2 OZ (3800039118),1/21/2009,57,2.67
KELL FROOT LOOPS 12.2 OZ (3800039118),1/28/2009,33,3.39
KELL FROOT LOOPS 12.2 OZ (3800039118),2/4/2009,31,3.39
KELL FROOT LOOPS 12.2 OZ (3800039118),2/11/2009,26,3.39
KELL FROOT LOOPS 12.2 OZ (3800039118),2/18/2009,18,3.2
KELL FROOT LOOPS 12.2 OZ (3800039118),2/25/2009,26,3.2
KELL FROOT LOOPS 12.2 OZ (3800039118),3/4/2009,9,3.2
KELL FROOT LOOPS 12.2 OZ (3800039118),3/11/2009,20,3.16
KELL FROOT LOOPS 12.2 OZ (3800039118),3/18/2009,121,2.48
KELL FROOT LOOPS 12.2 OZ (3800039118),3/25/2009,113,2.49
KELL FROOT LOOPS 12.2 OZ (3800039118),4/1/2009,80,2.49
KELL FROOT LOOPS 12.2 OZ (3800039118),4/8/2009,25,3.11
KELL FROOT LOOPS 12.2 OZ (3800039118),4/15/2009,10,3.2
KELL FROOT LOOPS 12.2 OZ (3800039118),4/22/2009,22,3.2
KELL FROOT LOOPS 12.2 OZ (3800039118),4/29/2009,15,3.2
KELL FROOT LOOPS 12.2 OZ (3800039118),5/6/2009,25,3.2
KELL FROOT LOOPS 12.2 OZ (3800039118),5/13/2009,20,3.2
KELL FROOT LOOPS 12.2 OZ (3800039118),5/20/2009,13,3.2
KELL FROOT LOOPS 12.2 OZ (3800039118),5/27/2009,18,3.2
KELL FROOT LOOPS 12.2 OZ (3800039118),6/3/2009,49,3.2
KELL FROOT LOOPS 12.2 OZ (3800039118),6/10/2009,93,2.49
KELL FROOT LOOPS 12.2 OZ (3800039118),6/17/2009,93,2.49
KELL FROOT LOOPS 12.2 OZ (3800039118),6/24/2009,18,3.16
KELL FROOT LOOPS 12.2 OZ (3800039118),7/1/2009,19,3.2
KELL FROOT LOOPS 12.2 OZ (3800039118),7/8/2009,20,3.2
KELL FROOT LOOPS 12.2 OZ (3800039118),7/15/2009,22,3.2
KELL FROOT LOOPS 12.2 OZ (3800039118),7/22/2009,22,3.2
KELL FROOT LOOPS 12.2 OZ (3800039118),7/29/2009,14,3.2
KELL FROOT LOOPS 12.2 OZ (3800039118),8/5/2009,296,1.71
KELL FROOT LOOPS 12.2 OZ (3800039118),8/12/2009,37,2.9
KELL FROOT LOOPS 12.2 OZ (3800039118),8/19/2009,178,2.5
KELL FROOT LOOPS 12.2 OZ (3800039118),8/26/2009,30,3.13
KELL FROOT LOOPS 12.2 OZ (3800039118),9/2/2009,26,3.2
KELL FROOT LOOPS 12.2 OZ (3800039118),9/9/2009,34,3.2
KELL FROOT LOOPS 12.2 OZ (3800039118),9/16/2009,28,3.2
KELL FROOT LOOPS 12.2 OZ (3800039118),9/23/2009,24,3.2
KELL FROOT LOOPS 12.2 OZ (3800039118),9/30/2009,26,3.2
KELL FROOT LOOPS 12.2 OZ (3800039118),10/7/2009,26,3.2
KELL FROOT LOOPS 12.2 OZ (3800039118),10/14/2009,62,2.49
KELL FROOT LOOPS 12.2 OZ (3800039118),10/21/2009,72,2.5
KELL FROOT LOOPS 12.2 OZ (3800039118),10/28/2009,42,2.49
KELL FROOT LOOPS 12.2 OZ (3800039118),11/4/2009,70,2.49
KELL FROOT LOOPS 12.2 OZ (3800039118),11/11/2009,37,3.2
KELL FROOT LOOPS 12.2 OZ (3800039118),11/18/2009,42,3.2
KELL FROOT LOOPS 12.2 OZ (3800039118),11/25/2009,100,2.51
KELL FROOT LOOPS 12.2 OZ (3800039118),12/2/2009,71,2.49
KELL FROOT LOOPS 12.2 OZ (3800039118),12/9/2009,207,1.84
KELL FROOT LOOPS 12.2 OZ (3800039118),12/16/2009,42,3.2
KELL FROOT LOOPS 12.2 OZ (3800039118),12/23/2009,42,3.2
KELL FROOT LOOPS 12.2 OZ (3800039118),12/30/2009,23,3.2
KELL FROOT LOOPS 12.2 OZ (3800039118),1/6/2010,50,3.2
KELL FROOT LOOPS 12.2 OZ (3800039118),1/13/2010,55,3.2
KELL FROOT LOOPS 12.2 OZ (3800039118),1/20/2010,45,3.2
KELL FROOT LOOPS 12.2 OZ (3800039118),1/27/2010,39,3.2
KELL FROOT LOOPS 12.2 OZ (3800039118),2/3/2010,34,3.2
KELL FROOT LOOPS 12.2 OZ (3800039118),2/10/2010,42,3.13
KELL FROOT LOOPS 12.2 OZ (3800039118),2/17/2010,44,3.13
KELL FROOT LOOPS 12.2 OZ (3800039118),2/24/2010,35,3.11
KELL FROOT LOOPS 12.2 OZ (3800039118),3/3/2010,240,2.5
KELL FROOT LOOPS 12.2 OZ (3800039118),3/10/2010,59,3.13
KELL FROOT LOOPS 12.2 OZ (3800039118),3/17/2010,22,3.13
KELL FROOT LOOPS 12.2 OZ (3800039118),3/24/2010,46,3.11
KELL FROOT LOOPS 12.2 OZ (3800039118),3/31/2010,43,2.99
KELL FROOT LOOPS 12.2 OZ (3800039118),4/7/2010,35,2.99
KELL FROOT LOOPS 12.2 OZ (3800039118),4/14/2010,61,2.99
KELL FROOT LOOPS 12.2 OZ (3800039118),4/21/2010,68,2.99
KELL FROOT LOOPS 12.2 OZ (3800039118),4/28/2010,275,1.97
KELL FROOT LOOPS 12.2 OZ (3800039118),5/5/2010,119,1.96
KELL FROOT LOOPS 12.2 OZ (3800039118),5/12/2010,132,1.97
KELL FROOT LOOPS 12.2 OZ (3800039118),5/19/2010,170,1.97
KELL FROOT LOOPS 12.2 OZ (3800039118),5/26/2010,53,2.96
KELL FROOT LOOPS 12.2 OZ (3800039118),6/2/2010,42,2.94
KELL FROOT LOOPS 12.2 OZ (3800039118),6/9/2010,60,2.99
KELL FROOT LOOPS 12.2 OZ (3800039118),6/16/2010,105,2.51
KELL FROOT LOOPS 12.2 OZ (3800039118),6/23/2010,91,2.51
KELL FROOT LOOPS 12.2 OZ (3800039118),6/30/2010,35,2.99
KELL FROOT LOOPS 12.2 OZ (3800039118),7/7/2010,2,2.99
KELL FROOT LOOPS 12.2 OZ (3800039118),7/14/2010,56,2.99
KELL FROOT LOOPS 12.2 OZ (3800039118),7/21/2010,48,2.99
KELL FROOT LOOPS 12.2 OZ (3800039118),7/28/2010,54,2.99
KELL FROOT LOOPS 12.2 OZ (3800039118),8/4/2010,29,2.99
KELL FROOT LOOPS 12.2 OZ (3800039118),8/11/2010,50,2.99
KELL FROOT LOOPS 12.2 OZ (3800039118),8/18/2010,36,2.99
KELL FROOT LOOPS 12.2 OZ (3800039118),8/25/2010,41,2.99
KELL FROOT LOOPS 12.2 OZ (3800039118),9/1/2010,35,2.99
KELL FROOT LOOPS 12.2 OZ (3800039118),9/8/2010,21,3.02
KELL FROOT LOOPS 12.2 OZ (3800039118),9/15/2010,39,3.09
KELL FROOT LOOPS 12.2 OZ (3800039118),9/22/2010,20,3.09
KELL FROOT LOOPS 12.2 OZ (3800039118),9/29/2010,25,3.32
KELL FROOT LOOPS 12.2 OZ (3800039118),10/6/2010,27,3.32
KELL FROOT LOOPS 12.2 OZ (3800039118),10/13/2010,140,1.98
KELL FROOT LOOPS 12.2 OZ (3800039118),10/20/2010,144,1.98
KELL FROOT LOOPS 12.2 OZ (3800039118),10/27/2010,37,3.29
KELL FROOT LOOPS 12.2 OZ (3800039118),11/3/2010,42,3.32
KELL FROOT LOOPS 12.2 OZ (3800039118),11/10/2010,33,3.32
KELL FROOT LOOPS 12.2 OZ (3800039118),11/17/2010,42,3.32
KELL FROOT LOOPS 12.2 OZ (3800039118),11/24/2010,47,3.32
KELL FROOT LOOPS 12.2 OZ (3800039118),12/1/2010,35,3.32
KELL FROOT LOOPS 12.2 OZ (3800039118),12/8/2010,38,3.32
KELL FROOT LOOPS 12.2 OZ (3800039118),12/15/2010,39,3.32
KELL FROOT LOOPS 12.2 OZ (3800039118),12/22/2010,26,3.26
KELL FROOT LOOPS 12.2 OZ (3800039118),12/29/2010,29,3.32
KELL FROOT LOOPS 12.2 OZ (3800039118),1/5/2011,36,3.32
KELL FROOT LOOPS 12.2 OZ (3800039118),1/12/2011,75,3.32
KELL FROOT LOOPS 12.2 OZ (3800039118),1/19/2011,38,3.32
KELL FROOT LOOPS 12.2 OZ (3800039118),1/26/2011,22,3.32
KELL FROOT LOOPS 12.2 OZ (3800039118),2/2/2011,136,2.5
KELL FROOT LOOPS 12.2 OZ (3800039118),2/9/2011,132,2.49
KELL FROOT LOOPS 12.2 OZ (3800039118),2/16/2011,43,3.3
KELL FROOT LOOPS 12.2 OZ (3800039118),2/23/2011,30,3.32
KELL FROOT LOOPS 12.2 OZ (3800039118),3/2/2011,39,3.32
KELL FROOT LOOPS 12.2 OZ (3800039118),3/9/2011,40,3.32
KELL FROOT LOOPS 12.2 OZ (3800039118),3/16/2011,41,3.32
KELL FROOT LOOPS 12.2 OZ (3800039118),3/23/2011,29,3.32
KELL FROOT LOOPS 12.2 OZ (3800039118),3/30/2011,24,3.32
KELL FROOT LOOPS 12.2 OZ (3800039118),4/6/2011,21,3.32
KELL FROOT LOOPS 12.2 OZ (3800039118),4/13/2011,26,3.32
KELL FROOT LOOPS 12.2 OZ (3800039118),4/20/2011,29,3.32
KELL FROOT LOOPS 12.2 OZ (3800039118),4/27/2011,20,3.32
KELL FROOT LOOPS 12.2 OZ (3800039118),5/4/2011,181,1.97
KELL FROOT LOOPS 12.2 OZ (3800039118),5/11/2011,130,1.98
KELL FROOT LOOPS 12.2 OZ (3800039118),5/18/2011,162,1.98
KELL FROOT LOOPS 12.2 OZ (3800039118),5/25/2011,159,1.98
KELL FROOT LOOPS 12.2 OZ (3800039118),6/1/2011,38,3.25
KELL FROOT LOOPS 12.2 OZ (3800039118),6/8/2011,28,3.32
KELL FROOT LOOPS 12.2 OZ (3800039118),6/15/2011,45,3.28
KELL FROOT LOOPS 12.2 OZ (3800039118),6/22/2011,58,2.98
KELL FROOT LOOPS 12.2 OZ (3800039118),6/29/2011,52,2.84
KELL FROOT LOOPS 12.2 OZ (3800039118),7/6/2011,27,3.32
KELL FROOT LOOPS 12.2 OZ (3800039118),7/13/2011,34,2.54
KELL FROOT LOOPS 12.2 OZ (3800039118),7/20/2011,665,1.9
KELL FROOT LOOPS 12.2 OZ (3800039118),7/27/2011,490,1.91
KELL FROOT LOOPS 12.2 OZ (3800039118),8/3/2011,29,3.08
KELL FROOT LOOPS 12.2 OZ (3800039118),8/10/2011,22,3.38
KELL FROOT LOOPS 12.2 OZ (3800039118),8/17/2011,20,3.38
KELL FROOT LOOPS 12.2 OZ (3800039118),8/24/2011,11,3.38
KELL FROOT LOOPS 12.2 OZ (3800039118),8/31/2011,26,3.32
KELL FROOT LOOPS 12.2 OZ (3800039118),9/7/2011,24,3.38
KELL FROOT LOOPS 12.2 OZ (3800039118),9/14/2011,23,3.38
KELL FROOT LOOPS 12.2 OZ (3800039118),9/21/2011,25,3.38
KELL FROOT LOOPS 12.2 OZ (3800039118),9/28/2011,25,3.38
KELL FROOT LOOPS 12.2 OZ (3800039118),10/5/2011,28,3.55
KELL FROOT LOOPS 12.2 OZ (3800039118),10/12/2011,28,3.55
KELL FROOT LOOPS 12.2 OZ (3800039118),10/19/2011,39,3.55
KELL FROOT LOOPS 12.2 OZ (3800039118),10/26/2011,20,3.55
KELL FROOT LOOPS 12.2 OZ (3800039118),11/2/2011,98,2.5
KELL FROOT LOOPS 12.2 OZ (3800039118),11/9/2011,30,3.42
KELL FROOT LOOPS 12.2 OZ (3800039118),11/16/2011,19,3.49
KELL FROOT LOOPS 12.2 OZ (3800039118),11/23/2011,27,3.49
KELL FROOT LOOPS 12.2 OZ (3800039118),11/30/2011,40,3.49
KELL FROOT LOOPS 12.2 OZ (3800039118),12/7/2011,168,2
KELL FROOT LOOPS 12.2 OZ (3800039118),12/14/2011,145,1.97
KELL FROOT LOOPS 12.2 OZ (3800039118),12/21/2011,23,3.46
KELL FROOT LOOPS 12.2 OZ (3800039118),12/28/2011,22,3.49
KELL FROOT LOOPS 12.2 OZ (3800039118),1/4/2012,22,3.49
