sample_data_full.csv
ITEM,DATE,UNITS,PRICE
ACT MINT A/CAV FLUOR RNS 532 ML (4116709428),1/14/2009,9,3.99
ACT MINT A/CAV FLUOR RNS 532 ML (4116709428),1/21/2009,6,3.99
ACT MINT A/CAV FLUOR RNS 532 ML (4116709428),1/28/2009,14,3.99
ACT MINT A/CAV FLUOR RNS 532 ML (4116709428),2/4/2009,6,3.99
ACT MINT A/CAV FLUOR RNS 532 ML (4116709428),2/11/2009,5,4.59
ACT MINT A/CAV FLUOR RNS 532 ML (4116709428),2/18/2009,12,4.59
ACT MINT A/CAV FLUOR RNS 532 ML (4116709428),2/25/2009,7,4.59
ACT MINT A/CAV FLUOR RNS 532 ML (4116709428),3/4/2009,4,4.59
ACT MINT A/CAV FLUOR RNS 532 ML (4116709428),3/11/2009,4,4.22
ACT MINT A/CAV FLUOR RNS 532 ML (4116709428),3/18/2009,5,4.59
ACT MINT A/CAV FLUOR RNS 532 ML (4116709428),3/25/2009,4,4.59
ACT MINT A/CAV FLUOR RNS 532 ML (4116709428),4/1/2009,5,4.59
ACT MINT A/CAV FLUOR RNS 532 ML (4116709428),4/8/2009,5,4.59
ACT MINT A/CAV FLUOR RNS 532 ML (4116709428),4/15/2009,6,4.59
ACT MINT A/CAV FLUOR RNS 532 ML (4116709428),4/22/2009,8,4.33
ACT MINT A/CAV FLUOR RNS 532 ML (4116709428),4/29/2009,8,4.29
ACT MINT A/CAV FLUOR RNS 532 ML (4116709428),5/6/2009,3,4.29
ACT MINT A/CAV FLUOR RNS 532 ML (4116709428),5/13/2009,8,4.1
ACT MINT A/CAV FLUOR RNS 532 ML (4116709428),5/20/2009,7,4.59
ACT MINT A/CAV FLUOR RNS 532 ML (4116709428),5/27/2009,1,4.59
ACT MINT A/CAV FLUOR RNS 532 ML (4116709428),6/3/2009,4,4.59
ACT MINT A/CAV FLUOR RNS 532 ML (4116709428),6/10/2009,4,4.59
ACT MINT A/CAV FLUOR RNS 532 ML (4116709428),6/17/2009,2,4.59
ACT MINT A/CAV FLUOR RNS 532 ML (4116709428),6/24/2009,4,4.59
ACT MINT A/CAV FLUOR RNS 532 ML (4116709428),7/1/2009,4,4.59
ACT MINT A/CAV FLUOR RNS 532 ML (4116709428),7/8/2009,4,4.59
ACT MINT A/CAV FLUOR RNS 532 ML (4116709428),7/15/2009,7,4.59
ACT MINT A/CAV FLUOR RNS 532 ML (4116709428),7/22/2009,5,4.59
ACT MINT A/CAV FLUOR RNS 532 ML (4116709428),7/29/2009,7,4.59
ACT MINT A/CAV FLUOR RNS 532 ML (4116709428),8/5/2009,3,4.59
ACT MINT A/CAV FLUOR RNS 532 ML (4116709428),8/12/2009,2,4.59
ACT MINT A/CAV FLUOR RNS 532 ML (4116709428),8/19/2009,3,4.59
ACT MINT A/CAV FLUOR RNS 532 ML (4116709428),8/26/2009,5,4.59
ACT MINT A/CAV FLUOR RNS 532 ML (4116709428),9/2/2009,4,4.59
ACT MINT A/CAV FLUOR RNS 532 ML (4116709428),9/9/2009,1,4.59
ACT MINT A/CAV FLUOR RNS 532 ML (4116709428),9/16/2009,5,4.59
ACT MINT A/CAV FLUOR RNS 532 ML (4116709428),9/23/2009,4,4.59
ACT MINT A/CAV FLUOR RNS 532 ML (4116709428),9/30/2009,6,4.59
ACT MINT A/CAV FLUOR RNS 532 ML (4116709428),10/7/2009,5,4.59
ACT MINT A/CAV FLUOR RNS 532 ML (4116709428),10/14/2009,5,4.59
ACT MINT A/CAV FLUOR RNS 532 ML (4116709428),10/21/2009,4,4.59
ACT MINT A/CAV FLUOR RNS 532 ML (4116709428),10/28/2009,5,4.59
ACT MINT A/CAV FLUOR RNS 532 ML (4116709428),11/4/2009,4,4.59
ACT MINT A/CAV FLUOR RNS 532 ML (4116709428),11/11/2009,7,4.59
ACT MINT A/CAV FLUOR RNS 532 ML (4116709428),11/18/2009,7,3.69
ACT MINT A/CAV FLUOR RNS 532 ML (4116709428),11/25/2009,8,3.69
ACT MINT A/CAV FLUOR RNS 532 ML (4116709428),12/2/2009,3,3.69
ACT MINT A/CAV FLUOR RNS 532 ML (4116709428),12/9/2009,7,3.69
ACT MINT A/CAV FLUOR RNS 532 ML (4116709428),12/16/2009,7,4.59
ACT MINT A/CAV FLUOR RNS 532 ML (4116709428),12/23/2009,7,4.59
ACT MINT A/CAV FLUOR RNS 532 ML (4116709428),12/30/2009,4,4.59
ACT MINT A/CAV FLUOR RNS 532 ML (4116709428),1/6/2010,2,4.59
ACT MINT A/CAV FLUOR RNS 532 ML (4116709428),1/13/2010,5,4.29
ACT MINT A/CAV FLUOR RNS 532 ML (4116709428),1/20/2010,3,4.29
ACT MINT A/CAV FLUOR RNS 532 ML (4116709428),1/27/2010,6,4.29
ACT MINT A/CAV FLUOR RNS 532 ML (4116709428),2/3/2010,11,4.29
ACT MINT A/CAV FLUOR RNS 532 ML (4116709428),2/10/2010,4,4.59
ACT MINT A/CAV FLUOR RNS 532 ML (4116709428),2/17/2010,3,4.59
ACT MINT A/CAV FLUOR RNS 532 ML (4116709428),2/24/2010,6,4.59
ACT MINT A/CAV FLUOR RNS 532 ML (4116709428),3/3/2010,6,4.59
ACT MINT A/CAV FLUOR RNS 532 ML (4116709428),3/10/2010,1,4.59
ACT MINT A/CAV FLUOR RNS 532 ML (4116709428),3/17/2010,4,4.59
ACT MINT A/CAV FLUOR RNS 532 ML (4116709428),3/24/2010,8,4.59
ACT MINT A/CAV FLUOR RNS 532 ML (4116709428),3/31/2010,7,4.59
ACT MINT A/CAV FLUOR RNS 532 ML (4116709428),4/7/2010,5,4.59
ACT MINT A/CAV FLUOR RNS 532 ML (4116709428),4/14/2010,2,4.59
ACT MINT A/CAV FLUOR RNS 532 ML (4116709428),4/21/2010,6,4.59
ACT MINT A/CAV FLUOR RNS 532 ML (4116709428),4/28/2010,9,4.29
ACT MINT A/CAV FLUOR RNS 532 ML (4116709428),5/5/2010,5,4.29
ACT MINT A/CAV FLUOR RNS 532 ML (4116709428),5/12/2010,5,4.29
ACT MINT A/CAV FLUOR RNS 532 ML (4116709428),5/19/2010,3,4.29
ACT MINT A/CAV FLUOR RNS 532 ML (4116709428),5/26/2010,4,4.59
ACT MINT A/CAV FLUOR RNS 532 ML (4116709428),6/2/2010,4,4.59
ACT MINT A/CAV FLUOR RNS 532 ML (4116709428),6/9/2010,3,4.59
ACT MINT A/CAV FLUOR RNS 532 ML (4116709428),6/16/2010,8,4.59
ACT MINT A/CAV FLUOR RNS 532 ML (4116709428),6/23/2010,8,4.59
ACT MINT A/CAV FLUOR RNS 532 ML (4116709428),6/30/2010,2,4.59
ACT MINT A/CAV FLUOR RNS 532 ML (4116709428),7/7/2010,5,4.59
ACT MINT A/CAV FLUOR RNS 532 ML (4116709428),7/14/2010,4,4.59
ACT MINT A/CAV FLUOR RNS 532 ML (4116709428),7/21/2010,6,4.59
ACT MINT A/CAV FLUOR RNS 532 ML (4116709428),7/28/2010,8,4.59
ACT MINT A/CAV FLUOR RNS 532 ML (4116709428),8/4/2010,5,4.59
ACT MINT A/CAV FLUOR RNS 532 ML (4116709428),8/11/2010,9,4.5
ACT MINT A/CAV FLUOR RNS 532 ML (4116709428),8/18/2010,1,4.49
ACT MINT A/CAV FLUOR RNS 532 ML (4116709428),8/25/2010,8,4.49
ACT MINT A/CAV FLUOR RNS 532 ML (4116709428),9/1/2010,8,4.49
ACT MINT A/CAV FLUOR RNS 532 ML (4116709428),9/8/2010,7,4.59
ACT MINT A/CAV FLUOR RNS 532 ML (4116709428),9/15/2010,4,4.59
ACT MINT A/CAV FLUOR RNS 532 ML (4116709428),9/22/2010,6,4.59
ACT MINT A/CAV FLUOR RNS 532 ML (4116709428),9/29/2010,7,4.59
ACT MINT A/CAV FLUOR RNS 532 ML (4116709428),10/6/2010,4,4.59
ACT MINT A/CAV FLUOR RNS 532 ML (4116709428),10/13/2010,5,4.59
ACT MINT A/CAV FLUOR RNS 532 ML (4116709428),10/20/2010,6,4.59
ACT MINT A/CAV FLUOR RNS 532 ML (4116709428),10/27/2010,8,4.59
ACT MINT A/CAV FLUOR RNS 532 ML (4116709428),11/3/2010,2,4.59
ACT MINT A/CAV FLUOR RNS 532 ML (4116709428),11/10/2010,4,4.59
ACT MINT A/CAV FLUOR RNS 532 ML (4116709428),11/17/2010,2,4.59
ACT MINT A/CAV FLUOR RNS 532 ML (4116709428),11/24/2010,4,4.59
ACT MINT A/CAV FLUOR RNS 532 ML (4116709428),12/1/2010,4,4.59
ACT MINT A/CAV FLUOR RNS 532 ML (4116709428),12/8/2010,5,4.59
ACT MINT A/CAV FLUOR RNS 532 ML (4116709428),12/15/2010,2,4.59
ACT MINT A/CAV FLUOR RNS 532 ML (4116709428),12/22/2010,7,4.59
ACT MINT A/CAV FLUOR RNS 532 ML (4116709428),12/29/2010,3,4.59
ACT MINT A/CAV FLUOR RNS 532 ML (4116709428),1/5/2011,5,4.59
ACT MINT A/CAV FLUOR RNS 532 ML (4116709428),1/12/2011,6,3.99
ACT MINT A/CAV FLUOR RNS 532 ML (4116709428),1/19/2011,3,3.99
ACT MINT A/CAV FLUOR RNS 532 ML (4116709428),1/26/2011,9,4.06
ACT MINT A/CAV FLUOR RNS 532 ML (4116709428),2/2/2011,7,3.99
ACT MINT A/CAV FLUOR RNS 532 ML (4116709428),2/9/2011,10,4.59
ACT MINT A/CAV FLUOR RNS 532 ML (4116709428),2/16/2011,3,4.59
ACT MINT A/CAV FLUOR RNS 532 ML (4116709428),3/2/2011,2,4.59
ACT MINT A/CAV FLUOR RNS 532 ML (4116709428),3/9/2011,5,4.59
ACT MINT A/CAV FLUOR RNS 532 ML (4116709428),3/16/2011,6,4.59
ACT MINT A/CAV FLUOR RNS 532 ML (4116709428),3/23/2011,7,4.59
ACT MINT A/CAV FLUOR RNS 532 ML (4116709428),3/30/2011,2,4.59
ACT MINT A/CAV FLUOR RNS 532 ML (4116709428),4/6/2011,2,4.59
ACT MINT A/CAV FLUOR RNS 532 ML (4116709428),4/13/2011,7,4.59
ACT MINT A/CAV FLUOR RNS 532 ML (4116709428),4/20/2011,6,4.59
ACT MINT A/CAV FLUOR RNS 532 ML (4116709428),4/27/2011,6,3.99
ACT MINT A/CAV FLUOR RNS 532 ML (4116709428),5/4/2011,9,3.99
ACT MINT A/CAV FLUOR RNS 532 ML (4116709428),5/11/2011,5,3.99
ACT MINT A/CAV FLUOR RNS 532 ML (4116709428),5/18/2011,5,3.99
ACT MINT A/CAV FLUOR RNS 532 ML (4116709428),5/25/2011,7,4.59
ACT MINT A/CAV FLUOR RNS 532 ML (4116709428),6/1/2011,7,4.59
ACT MINT A/CAV FLUOR RNS 532 ML (4116709428),6/8/2011,10,4.59
ACT MINT A/CAV FLUOR RNS 532 ML (4116709428),6/15/2011,7,4.59
ACT MINT A/CAV FLUOR RNS 532 ML (4116709428),6/22/2011,4,4.59
ACT MINT A/CAV FLUOR RNS 532 ML (4116709428),6/29/2011,7,4.59
ACT MINT A/CAV FLUOR RNS 532 ML (4116709428),7/6/2011,3,4.59
ACT MINT A/CAV FLUOR RNS 532 ML (4116709428),7/13/2011,3,4.59
ACT MINT A/CAV FLUOR RNS 532 ML (4116709428),7/20/2011,4,4.59
ACT MINT A/CAV FLUOR RNS 532 ML (4116709428),7/27/2011,4,4.59
ACT MINT A/CAV FLUOR RNS 532 ML (4116709428),8/3/2011,6,4.59
ACT MINT A/CAV FLUOR RNS 532 ML (4116709428),8/10/2011,5,4.59
ACT MINT A/CAV FLUOR RNS 532 ML (4116709428),8/17/2011,7,4.59
ACT MINT A/CAV FLUOR RNS 532 ML (4116709428),8/24/2011,10,3.99
ACT MINT A/CAV FLUOR RNS 532 ML (4116709428),8/31/2011,10,3.99
ACT MINT A/CAV FLUOR RNS 532 ML (4116709428),9/7/2011,10,3.99
ACT MINT A/CAV FLUOR RNS 532 ML (4116709428),9/14/2011,14,3.99
ACT MINT A/CAV FLUOR RNS 532 ML (4116709428),9/21/2011,10,4.59
ACT MINT A/CAV FLUOR RNS 532 ML (4116709428),9/28/2011,5,4.59
ACT MINT A/CAV FLUOR RNS 532 ML (4116709428),10/5/2011,8,4.59
ACT MINT A/CAV FLUOR RNS 532 ML (4116709428),10/12/2011,8,4.59
ACT MINT A/CAV FLUOR RNS 532 ML (4116709428),10/19/2011,7,4.59
ACT MINT A/CAV FLUOR RNS 532 ML (4116709428),10/26/2011,5,4.59
ACT MINT A/CAV FLUOR RNS 532 ML (4116709428),11/2/2011,7,4.59
ACT MINT A/CAV FLUOR RNS 532 ML (4116709428),11/9/2011,6,4.59
ACT MINT A/CAV FLUOR RNS 532 ML (4116709428),11/16/2011,9,4.59
ACT MINT A/CAV FLUOR RNS 532 ML (4116709428),11/23/2011,5,4.59
ACT MINT A/CAV FLUOR RNS 532 ML (4116709428),11/30/2011,6,4.59
ACT MINT A/CAV FLUOR RNS 532 ML (4116709428),12/7/2011,1,4.59
ACT MINT A/CAV FLUOR RNS 532 ML (4116709428),12/14/2011,6,4.59
ACT MINT A/CAV FLUOR RNS 532 ML (4116709428),12/21/2011,3,4.59
ACT MINT A/CAV FLUOR RNS 532 ML (4116709428),12/28/2011,3,4.59
ACT MINT A/CAV FLUOR RNS 532 ML (4116709428),1/4/2012,3,4.59
