sample_data_full.csv
ITEM,DATE,UNITS,PRICE
ACT KIDS BBLGUM FLUOR RNS 532 ML (4116709448),1/14/2009,13,3.99
ACT KIDS BBLGUM FLUOR RNS 532 ML (4116709448),1/21/2009,10,3.99
ACT KIDS BBLGUM FLUOR RNS 532 ML (4116709448),1/28/2009,12,3.99
ACT KIDS BBLGUM FLUOR RNS 532 ML (4116709448),2/4/2009,5,3.99
ACT KIDS BBLGUM FLUOR RNS 532 ML (4116709448),2/11/2009,5,4.59
ACT KIDS BBLGUM FLUOR RNS 532 ML (4116709448),2/18/2009,6,4.59
ACT KIDS BBLGUM FLUOR RNS 532 ML (4116709448),2/25/2009,5,4.59
ACT KIDS BBLGUM FLUOR RNS 532 ML (4116709448),3/4/2009,4,4.59
ACT KIDS BBLGUM FLUOR RNS 532 ML (4116709448),3/11/2009,8,4.59
ACT KIDS BBLGUM FLUOR RNS 532 ML (4116709448),3/18/2009,6,4.59
ACT KIDS BBLGUM FLUOR RNS 532 ML (4116709448),3/25/2009,7,4.59
ACT KIDS BBLGUM FLUOR RNS 532 ML (4116709448),4/1/2009,2,4.59
ACT KIDS BBLGUM FLUOR RNS 532 ML (4116709448),4/8/2009,4,4.59
ACT KIDS BBLGUM FLUOR RNS 532 ML (4116709448),4/15/2009,8,4.59
ACT KIDS BBLGUM FLUOR RNS 532 ML (4116709448),4/22/2009,15,4.29
ACT KIDS BBLGUM FLUOR RNS 532 ML (4116709448),4/29/2009,7,4.29
ACT KIDS BBLGUM FLUOR RNS 532 ML (4116709448),5/6/2009,6,4.29
ACT KIDS BBLGUM FLUOR RNS 532 ML (4116709448),5/13/2009,7,4.33
ACT KIDS BBLGUM FLUOR RNS 532 ML (4116709448),5/20/2009,9,4.59
ACT KIDS BBLGUM FLUOR RNS 532 ML (4116709448),5/27/2009,4,4.59
ACT KIDS BBLGUM FLUOR RNS 532 ML (4116709448),6/3/2009,13,4.59
ACT KIDS BBLGUM FLUOR RNS 532 ML (4116709448),6/10/2009,2,4.59
ACT KIDS BBLGUM FLUOR RNS 532 ML (4116709448),6/17/2009,9,4.59
ACT KIDS BBLGUM FLUOR RNS 532 ML (4116709448),6/24/2009,7,4.59
ACT KIDS BBLGUM FLUOR RNS 532 ML (4116709448),7/1/2009,10,4.59
ACT KIDS BBLGUM FLUOR RNS 532 ML (4116709448),7/8/2009,7,4.59
ACT KIDS BBLGUM FLUOR RNS 532 ML (4116709448),7/15/2009,8,4.59
ACT KIDS BBLGUM FLUOR RNS 532 ML (4116709448),7/22/2009,7,4.59
ACT KIDS BBLGUM FLUOR RNS 532 ML (4116709448),7/29/2009,6,4.59
ACT KIDS BBLGUM FLUOR RNS 532 ML (4116709448),8/5/2009,11,4.45
ACT KIDS BBLGUM FLUOR RNS 532 ML (4116709448),8/12/2009,3,4.59
ACT KIDS BBLGUM FLUOR RNS 532 ML (4116709448),8/19/2009,5,4.59
ACT KIDS BBLGUM FLUOR RNS 532 ML (4116709448),8/26/2009,10,4.59
ACT KIDS BBLGUM FLUOR RNS 532 ML (4116709448),9/2/2009,6,4.42
ACT KIDS BBLGUM FLUOR RNS 532 ML (4116709448),9/9/2009,1,4.59
ACT KIDS BBLGUM FLUOR RNS 532 ML (4116709448),9/16/2009,6,4.59
ACT KIDS BBLGUM FLUOR RNS 532 ML (4116709448),9/23/2009,2,4.59
ACT KIDS BBLGUM FLUOR RNS 532 ML (4116709448),9/30/2009,13,4.59
ACT KIDS BBLGUM FLUOR RNS 532 ML (4116709448),10/7/2009,3,4.59
ACT KIDS BBLGUM FLUOR RNS 532 ML (4116709448),10/14/2009,7,4.59
ACT KIDS BBLGUM FLUOR RNS 532 ML (4116709448),10/21/2009,3,4.59
ACT KIDS BBLGUM FLUOR RNS 532 ML (4116709448),10/28/2009,6,4.59
ACT KIDS BBLGUM FLUOR RNS 532 ML (4116709448),11/4/2009,10,4.59
ACT KIDS BBLGUM FLUOR RNS 532 ML (4116709448),11/11/2009,7,4.59
ACT KIDS BBLGUM FLUOR RNS 532 ML (4116709448),11/18/2009,11,3.69
ACT KIDS BBLGUM FLUOR RNS 532 ML (4116709448),11/25/2009,12,3.69
ACT KIDS BBLGUM FLUOR RNS 532 ML (4116709448),12/2/2009,4,3.69
ACT KIDS BBLGUM FLUOR RNS 532 ML (4116709448),12/9/2009,10,3.69
ACT KIDS BBLGUM FLUOR RNS 532 ML (4116709448),12/16/2009,4,4.59
ACT KIDS BBLGUM FLUOR RNS 532 ML (4116709448),12/23/2009,7,4.59
ACT KIDS BBLGUM FLUOR RNS 532 ML (4116709448),12/30/2009,3,4.59
ACT KIDS BBLGUM FLUOR RNS 532 ML (4116709448),1/6/2010,6,4.59
ACT KIDS BBLGUM FLUOR RNS 532 ML (4116709448),1/13/2010,11,4.29
ACT KIDS BBLGUM FLUOR RNS 532 ML (4116709448),1/20/2010,7,4.29
ACT KIDS BBLGUM FLUOR RNS 532 ML (4116709448),1/27/2010,8,4.29
ACT KIDS BBLGUM FLUOR RNS 532 ML (4116709448),2/3/2010,10,4.29
ACT KIDS BBLGUM FLUOR RNS 532 ML (4116709448),2/10/2010,6,4.59
ACT KIDS BBLGUM FLUOR RNS 532 ML (4116709448),2/17/2010,8,4.59
ACT KIDS BBLGUM FLUOR RNS 532 ML (4116709448),2/24/2010,9,4.59
ACT KIDS BBLGUM FLUOR RNS 532 ML (4116709448),3/3/2010,5,4.59
ACT KIDS BBLGUM FLUOR RNS 532 ML (4116709448),3/10/2010,5,4.59
ACT KIDS BBLGUM FLUOR RNS 532 ML (4116709448),3/17/2010,2,4.59
ACT KIDS BBLGUM FLUOR RNS 532 ML (4116709448),3/24/2010,5,4.59
ACT KIDS BBLGUM FLUOR RNS 532 ML (4116709448),3/31/2010,2,4.59
ACT KIDS BBLGUM FLUOR RNS 532 ML (4116709448),4/7/2010,6,4.59
ACT KIDS BBLGUM FLUOR RNS 532 ML (4116709448),4/14/2010,7,4.59
ACT KIDS BBLGUM FLUOR RNS 532 ML (4116709448),4/21/2010,6,4.59
ACT KIDS BBLGUM FLUOR RNS 532 ML (4116709448),4/28/2010,7,4.29
ACT KIDS BBLGUM FLUOR RNS 532 ML (4116709448),5/5/2010,11,4.29
ACT KIDS BBLGUM FLUOR RNS 532 ML (4116709448),5/12/2010,2,4.29
ACT KIDS BBLGUM FLUOR RNS 532 ML (4116709448),5/19/2010,11,4.29
ACT KIDS BBLGUM FLUOR RNS 532 ML (4116709448),5/26/2010,5,4.59
ACT KIDS BBLGUM FLUOR RNS 532 ML (4116709448),6/2/2010,4,4.59
ACT KIDS BBLGUM FLUOR RNS 532 ML (4116709448),6/9/2010,3,4.59
ACT KIDS BBLGUM FLUOR RNS 532 ML (4116709448),6/16/2010,7,4.59
ACT KIDS BBLGUM FLUOR RNS 532 ML (4116709448),6/23/2010,2,4.59
ACT KIDS BBLGUM FLUOR RNS 532 ML (4116709448),6/30/2010,2,4.59
ACT KIDS BBLGUM FLUOR RNS 532 ML (4116709448),7/7/2010,5,4.59
ACT KIDS BBLGUM FLUOR RNS 532 ML (4116709448),7/14/2010,4,4.59
ACT KIDS BBLGUM FLUOR RNS 532 ML (4116709448),7/21/2010,3,4.59
ACT KIDS BBLGUM FLUOR RNS 532 ML (4116709448),7/28/2010,3,4.59
ACT KIDS BBLGUM FLUOR RNS 532 ML (4116709448),8/4/2010,2,4.59
ACT KIDS BBLGUM FLUOR RNS 532 ML (4116709448),8/11/2010,6,4.49
ACT KIDS BBLGUM FLUOR RNS 532 ML (4116709448),8/18/2010,7,4.49
ACT KIDS BBLGUM FLUOR RNS 532 ML (4116709448),8/25/2010,6,4.49
ACT KIDS BBLGUM FLUOR RNS 532 ML (4116709448),9/1/2010,5,4.49
ACT KIDS BBLGUM FLUOR RNS 532 ML (4116709448),9/15/2010,3,4.59
ACT KIDS BBLGUM FLUOR RNS 532 ML (4116709448),9/22/2010,6,4.59
ACT KIDS BBLGUM FLUOR RNS 532 ML (4116709448),9/29/2010,6,4.59
ACT KIDS BBLGUM FLUOR RNS 532 ML (4116709448),10/6/2010,5,4.59
ACT KIDS BBLGUM FLUOR RNS 532 ML (4116709448),10/13/2010,4,4.59
ACT KIDS BBLGUM FLUOR RNS 532 ML (4116709448),10/20/2010,2,4.59
ACT KIDS BBLGUM FLUOR RNS 532 ML (4116709448),10/27/2010,5,4.59
ACT KIDS BBLGUM FLUOR RNS 532 ML (4116709448),11/3/2010,4,4.59
ACT KIDS BBLGUM FLUOR RNS 532 ML (4116709448),11/10/2010,3,4.59
ACT KIDS BBLGUM FLUOR RNS 532 ML (4116709448),11/17/2010,4,4.59
ACT KIDS BBLGUM FLUOR RNS 532 ML (4116709448),11/24/2010,4,4.59
ACT KIDS BBLGUM FLUOR RNS 532 ML (4116709448),12/1/2010,3,4.59
ACT KIDS BBLGUM FLUOR RNS 532 ML (4116709448),12/8/2010,7,4.59
ACT KIDS BBLGUM FLUOR RNS 532 ML (4116709448),12/15/2010,8,4.59
ACT KIDS BBLGUM FLUOR RNS 532 ML (4116709448),12/22/2010,3,4.59
ACT KIDS BBLGUM FLUOR RNS 532 ML (4116709448),12/29/2010,3,4.59
ACT KIDS BBLGUM FLUOR RNS 532 ML (4116709448),1/5/2011,6,4.59
ACT KIDS BBLGUM FLUOR RNS 532 ML (4116709448),1/12/2011,15,4.03
ACT KIDS BBLGUM FLUOR RNS 532 ML (4116709448),1/19/2011,6,3.99
ACT KIDS BBLGUM FLUOR RNS 532 ML (4116709448),1/26/2011,11,3.99
ACT KIDS BBLGUM FLUOR RNS 532 ML (4116709448),2/2/2011,6,3.99
ACT KIDS BBLGUM FLUOR RNS 532 ML (4116709448),2/9/2011,8,4.59
ACT KIDS BBLGUM FLUOR RNS 532 ML (4116709448),2/16/2011,8,4.59
ACT KIDS BBLGUM FLUOR RNS 532 ML (4116709448),3/2/2011,4,4.59
ACT KIDS BBLGUM FLUOR RNS 532 ML (4116709448),3/9/2011,8,4.59
ACT KIDS BBLGUM FLUOR RNS 532 ML (4116709448),3/16/2011,5,4.59
ACT KIDS BBLGUM FLUOR RNS 532 ML (4116709448),3/23/2011,7,4.59
ACT KIDS BBLGUM FLUOR RNS 532 ML (4116709448),3/30/2011,4,4.59
ACT KIDS BBLGUM FLUOR RNS 532 ML (4116709448),4/6/2011,3,4.59
ACT KIDS BBLGUM FLUOR RNS 532 ML (4116709448),4/13/2011,7,4.59
ACT KIDS BBLGUM FLUOR RNS 532 ML (4116709448),4/20/2011,4,4.59
ACT KIDS BBLGUM FLUOR RNS 532 ML (4116709448),4/27/2011,6,3.99
ACT KIDS BBLGUM FLUOR RNS 532 ML (4116709448),5/4/2011,7,3.99
ACT KIDS BBLGUM FLUOR RNS 532 ML (4116709448),5/11/2011,6,3.99
ACT KIDS BBLGUM FLUOR RNS 532 ML (4116709448),5/18/2011,10,3.99
ACT KIDS BBLGUM FLUOR RNS 532 ML (4116709448),5/25/2011,4,4.59
ACT KIDS BBLGUM FLUOR RNS 532 ML (4116709448),6/1/2011,5,4.59
ACT KIDS BBLGUM FLUOR RNS 532 ML (4116709448),6/8/2011,2,4.59
ACT KIDS BBLGUM FLUOR RNS 532 ML (4116709448),6/15/2011,5,4.59
ACT KIDS BBLGUM FLUOR RNS 532 ML (4116709448),6/22/2011,6,4.59
ACT KIDS BBLGUM FLUOR RNS 532 ML (4116709448),6/29/2011,5,4.59
ACT KIDS BBLGUM FLUOR RNS 532 ML (4116709448),7/6/2011,5,4.59
ACT KIDS BBLGUM FLUOR RNS 532 ML (4116709448),7/13/2011,8,4.59
ACT KIDS BBLGUM FLUOR RNS 532 ML (4116709448),7/20/2011,3,4.59
ACT KIDS BBLGUM FLUOR RNS 532 ML (4116709448),8/3/2011,3,4.59
ACT KIDS BBLGUM FLUOR RNS 532 ML (4116709448),8/10/2011,5,4.59
ACT KIDS BBLGUM FLUOR RNS 532 ML (4116709448),8/17/2011,7,4.59
ACT KIDS BBLGUM FLUOR RNS 532 ML (4116709448),8/24/2011,5,4.11
ACT KIDS BBLGUM FLUOR RNS 532 ML (4116709448),8/31/2011,12,3.99
ACT KIDS BBLGUM FLUOR RNS 532 ML (4116709448),9/7/2011,6,3.99
ACT KIDS BBLGUM FLUOR RNS 532 ML (4116709448),9/14/2011,5,3.99
ACT KIDS BBLGUM FLUOR RNS 532 ML (4116709448),9/21/2011,3,4.59
ACT KIDS BBLGUM FLUOR RNS 532 ML (4116709448),9/28/2011,3,4.59
ACT KIDS BBLGUM FLUOR RNS 532 ML (4116709448),10/5/2011,14,4.59
ACT KIDS BBLGUM FLUOR RNS 532 ML (4116709448),10/12/2011,5,4.59
ACT KIDS BBLGUM FLUOR RNS 532 ML (4116709448),10/19/2011,4,4.59
ACT KIDS BBLGUM FLUOR RNS 532 ML (4116709448),10/26/2011,10,4.59
ACT KIDS BBLGUM FLUOR RNS 532 ML (4116709448),11/2/2011,5,4.59
ACT KIDS BBLGUM FLUOR RNS 532 ML (4116709448),11/9/2011,4,4.59
ACT KIDS BBLGUM FLUOR RNS 532 ML (4116709448),11/16/2011,2,4.59
ACT KIDS BBLGUM FLUOR RNS 532 ML (4116709448),11/23/2011,9,4.59
ACT KIDS BBLGUM FLUOR RNS 532 ML (4116709448),11/30/2011,6,4.59
ACT KIDS BBLGUM FLUOR RNS 532 ML (4116709448),12/7/2011,4,4.59
ACT KIDS BBLGUM FLUOR RNS 532 ML (4116709448),12/14/2011,3,4.59
ACT KIDS BBLGUM FLUOR RNS 532 ML (4116709448),12/21/2011,4,4.59
ACT KIDS BBLGUM FLUOR RNS 532 ML (4116709448),12/28/2011,2,4.59
ACT KIDS BBLGUM FLUOR RNS 532 ML (4116709448),1/4/2012,8,4.59
