sample_data_full.csv
ITEM,DATE,UNITS,PRICE
ACT RSTR CL SPLSH MINT MW 532 ML (4116709565),1/14/2009,11,3.76
ACT RSTR CL SPLSH MINT MW 532 ML (4116709565),1/21/2009,15,3.49
ACT RSTR CL SPLSH MINT MW 532 ML (4116709565),1/28/2009,11,3.49
ACT RSTR CL SPLSH MINT MW 532 ML (4116709565),2/4/2009,11,3.49
ACT RSTR CL SPLSH MINT MW 532 ML (4116709565),2/11/2009,10,4.99
ACT RSTR CL SPLSH MINT MW 532 ML (4116709565),2/18/2009,5,4.99
ACT RSTR CL SPLSH MINT MW 532 ML (4116709565),2/25/2009,9,4.99
ACT RSTR CL SPLSH MINT MW 532 ML (4116709565),3/4/2009,5,4.99
ACT RSTR CL SPLSH MINT MW 532 ML (4116709565),3/11/2009,1,4.99
ACT RSTR CL SPLSH MINT MW 532 ML (4116709565),3/18/2009,3,4.99
ACT RSTR CL SPLSH MINT MW 532 ML (4116709565),3/25/2009,1,4.99
ACT RSTR CL SPLSH MINT MW 532 ML (4116709565),4/1/2009,4,4.99
ACT RSTR CL SPLSH MINT MW 532 ML (4116709565),4/8/2009,2,4.99
ACT RSTR CL SPLSH MINT MW 532 ML (4116709565),4/15/2009,3,4.99
ACT RSTR CL SPLSH MINT MW 532 ML (4116709565),4/22/2009,3,4.99
ACT RSTR CL SPLSH MINT MW 532 ML (4116709565),4/29/2009,3,4.99
ACT RSTR CL SPLSH MINT MW 532 ML (4116709565),5/6/2009,6,4.49
ACT RSTR CL SPLSH MINT MW 532 ML (4116709565),5/13/2009,1,4.49
ACT RSTR CL SPLSH MINT MW 532 ML (4116709565),5/20/2009,2,4.49
ACT RSTR CL SPLSH MINT MW 532 ML (4116709565),5/27/2009,4,4.49
ACT RSTR CL SPLSH MINT MW 532 ML (4116709565),6/3/2009,2,4.74
ACT RSTR CL SPLSH MINT MW 532 ML (4116709565),6/10/2009,5,4.99
ACT RSTR CL SPLSH MINT MW 532 ML (4116709565),6/17/2009,4,4.99
ACT RSTR CL SPLSH MINT MW 532 ML (4116709565),6/24/2009,5,4.99
ACT RSTR CL SPLSH MINT MW 532 ML (4116709565),7/1/2009,1,4.99
ACT RSTR CL SPLSH MINT MW 532 ML (4116709565),7/8/2009,5,4.69
ACT RSTR CL SPLSH MINT MW 532 ML (4116709565),7/15/2009,3,4.99
ACT RSTR CL SPLSH MINT MW 532 ML (4116709565),7/22/2009,5,4.99
ACT RSTR CL SPLSH MINT MW 532 ML (4116709565),7/29/2009,6,3.99
ACT RSTR CL SPLSH MINT MW 532 ML (4116709565),8/5/2009,8,3.99
ACT RSTR CL SPLSH MINT MW 532 ML (4116709565),8/12/2009,2,4.49
ACT RSTR CL SPLSH MINT MW 532 ML (4116709565),8/19/2009,4,3.99
ACT RSTR CL SPLSH MINT MW 532 ML (4116709565),8/26/2009,2,4.99
ACT RSTR CL SPLSH MINT MW 532 ML (4116709565),9/2/2009,3,4.99
ACT RSTR CL SPLSH MINT MW 532 ML (4116709565),9/9/2009,5,4.99
ACT RSTR CL SPLSH MINT MW 532 ML (4116709565),9/16/2009,3,4.99
ACT RSTR CL SPLSH MINT MW 532 ML (4116709565),9/23/2009,1,4.99
ACT RSTR CL SPLSH MINT MW 532 ML (4116709565),9/30/2009,4,4.99
ACT RSTR CL SPLSH MINT MW 532 ML (4116709565),10/7/2009,3,4.99
ACT RSTR CL SPLSH MINT MW 532 ML (4116709565),10/14/2009,2,4.99
ACT RSTR CL SPLSH MINT MW 532 ML (4116709565),10/21/2009,4,4.99
ACT RSTR CL SPLSH MINT MW 532 ML (4116709565),10/28/2009,3,4.99
ACT RSTR CL SPLSH MINT MW 532 ML (4116709565),11/4/2009,6,4.99
ACT RSTR CL SPLSH MINT MW 532 ML (4116709565),11/11/2009,4,4.99
ACT RSTR CL SPLSH MINT MW 532 ML (4116709565),11/18/2009,4,4.49
ACT RSTR CL SPLSH MINT MW 532 ML (4116709565),11/25/2009,1,4.49
ACT RSTR CL SPLSH MINT MW 532 ML (4116709565),12/2/2009,2,4.49
ACT RSTR CL SPLSH MINT MW 532 ML (4116709565),12/9/2009,3,4.49
ACT RSTR CL SPLSH MINT MW 532 ML (4116709565),12/16/2009,6,4.99
ACT RSTR CL SPLSH MINT MW 532 ML (4116709565),12/30/2009,2,4.99
ACT RSTR CL SPLSH MINT MW 532 ML (4116709565),1/6/2010,5,4.99
ACT RSTR CL SPLSH MINT MW 532 ML (4116709565),1/13/2010,11,4.49
ACT RSTR CL SPLSH MINT MW 532 ML (4116709565),1/20/2010,6,4.49
ACT RSTR CL SPLSH MINT MW 532 ML (4116709565),1/27/2010,3,4.49
ACT RSTR CL SPLSH MINT MW 532 ML (4116709565),2/3/2010,7,4.49
ACT RSTR CL SPLSH MINT MW 532 ML (4116709565),2/10/2010,4,4.99
ACT RSTR CL SPLSH MINT MW 532 ML (4116709565),2/17/2010,10,4.99
ACT RSTR CL SPLSH MINT MW 532 ML (4116709565),2/24/2010,5,4.99
ACT RSTR CL SPLSH MINT MW 532 ML (4116709565),3/3/2010,10,4.99
ACT RSTR CL SPLSH MINT MW 532 ML (4116709565),3/10/2010,5,4.99
ACT RSTR CL SPLSH MINT MW 532 ML (4116709565),3/17/2010,1,4.99
ACT RSTR CL SPLSH MINT MW 532 ML (4116709565),3/24/2010,4,4.99
ACT RSTR CL SPLSH MINT MW 532 ML (4116709565),3/31/2010,8,4.99
ACT RSTR CL SPLSH MINT MW 532 ML (4116709565),4/7/2010,7,4.99
ACT RSTR CL SPLSH MINT MW 532 ML (4116709565),4/14/2010,3,4.99
ACT RSTR CL SPLSH MINT MW 532 ML (4116709565),4/21/2010,3,4.99
ACT RSTR CL SPLSH MINT MW 532 ML (4116709565),4/28/2010,6,4.79
ACT RSTR CL SPLSH MINT MW 532 ML (4116709565),5/5/2010,2,4.79
ACT RSTR CL SPLSH MINT MW 532 ML (4116709565),5/12/2010,5,4.79
ACT RSTR CL SPLSH MINT MW 532 ML (4116709565),5/19/2010,1,4.79
ACT RSTR CL SPLSH MINT MW 532 ML (4116709565),5/26/2010,4,4.99
ACT RSTR CL SPLSH MINT MW 532 ML (4116709565),6/2/2010,5,4.99
ACT RSTR CL SPLSH MINT MW 532 ML (4116709565),6/9/2010,3,4.66
ACT RSTR CL SPLSH MINT MW 532 ML (4116709565),6/16/2010,4,4.99
ACT RSTR CL SPLSH MINT MW 532 ML (4116709565),6/23/2010,4,4.99
ACT RSTR CL SPLSH MINT MW 532 ML (4116709565),6/30/2010,6,4.99
ACT RSTR CL SPLSH MINT MW 532 ML (4116709565),7/7/2010,4,4.99
ACT RSTR CL SPLSH MINT MW 532 ML (4116709565),7/14/2010,2,4.99
ACT RSTR CL SPLSH MINT MW 532 ML (4116709565),7/21/2010,5,4.99
ACT RSTR CL SPLSH MINT MW 532 ML (4116709565),7/28/2010,4,4.99
ACT RSTR CL SPLSH MINT MW 532 ML (4116709565),8/4/2010,7,4.99
ACT RSTR CL SPLSH MINT MW 532 ML (4116709565),8/11/2010,2,4.99
ACT RSTR CL SPLSH MINT MW 532 ML (4116709565),8/18/2010,4,4.99
ACT RSTR CL SPLSH MINT MW 532 ML (4116709565),8/25/2010,4,4.99
ACT RSTR CL SPLSH MINT MW 532 ML (4116709565),9/1/2010,2,4.99
ACT RSTR CL SPLSH MINT MW 532 ML (4116709565),9/8/2010,5,4.99
ACT RSTR CL SPLSH MINT MW 532 ML (4116709565),9/15/2010,4,4.99
ACT RSTR CL SPLSH MINT MW 532 ML (4116709565),9/22/2010,7,4.69
ACT RSTR CL SPLSH MINT MW 532 ML (4116709565),9/29/2010,2,4.69
ACT RSTR CL SPLSH MINT MW 532 ML (4116709565),10/6/2010,8,4.69
ACT RSTR CL SPLSH MINT MW 532 ML (4116709565),10/13/2010,4,4.69
ACT RSTR CL SPLSH MINT MW 532 ML (4116709565),10/20/2010,4,4.99
ACT RSTR CL SPLSH MINT MW 532 ML (4116709565),10/27/2010,3,4.99
ACT RSTR CL SPLSH MINT MW 532 ML (4116709565),11/3/2010,7,4.99
ACT RSTR CL SPLSH MINT MW 532 ML (4116709565),11/10/2010,3,4.99
ACT RSTR CL SPLSH MINT MW 532 ML (4116709565),11/17/2010,2,4.99
ACT RSTR CL SPLSH MINT MW 532 ML (4116709565),11/24/2010,3,4.99
ACT RSTR CL SPLSH MINT MW 532 ML (4116709565),12/1/2010,6,4.99
ACT RSTR CL SPLSH MINT MW 532 ML (4116709565),12/8/2010,5,4.99
ACT RSTR CL SPLSH MINT MW 532 ML (4116709565),12/15/2010,4,4.99
ACT RSTR CL SPLSH MINT MW 532 ML (4116709565),12/22/2010,5,4.99
ACT RSTR CL SPLSH MINT MW 532 ML (4116709565),12/29/2010,6,4.99
ACT RSTR CL SPLSH MINT MW 532 ML (4116709565),1/5/2011,4,4.99
ACT RSTR CL SPLSH MINT MW 532 ML (4116709565),1/12/2011,13,4.24
ACT RSTR CL SPLSH MINT MW 532 ML (4116709565),1/19/2011,6,4.24
ACT RSTR CL SPLSH MINT MW 532 ML (4116709565),1/26/2011,4,4.24
ACT RSTR CL SPLSH MINT MW 532 ML (4116709565),2/2/2011,2,4.24
ACT RSTR CL SPLSH MINT MW 532 ML (4116709565),2/9/2011,6,4.99
ACT RSTR CL SPLSH MINT MW 532 ML (4116709565),2/16/2011,9,4.99
ACT RSTR CL SPLSH MINT MW 532 ML (4116709565),2/23/2011,2,4.99
ACT RSTR CL SPLSH MINT MW 532 ML (4116709565),3/2/2011,1,4.99
ACT RSTR CL SPLSH MINT MW 532 ML (4116709565),3/9/2011,3,4.99
ACT RSTR CL SPLSH MINT MW 532 ML (4116709565),3/16/2011,9,4.99
ACT RSTR CL SPLSH MINT MW 532 ML (4116709565),3/23/2011,3,4.99
ACT RSTR CL SPLSH MINT MW 532 ML (4116709565),3/30/2011,1,4.99
ACT RSTR CL SPLSH MINT MW 532 ML (4116709565),4/6/2011,7,4.99
ACT RSTR CL SPLSH MINT MW 532 ML (4116709565),4/13/2011,2,4.99
ACT RSTR CL SPLSH MINT MW 532 ML (4116709565),4/20/2011,5,4.99
ACT RSTR CL SPLSH MINT MW 532 ML (4116709565),4/27/2011,5,4.24
ACT RSTR CL SPLSH MINT MW 532 ML (4116709565),5/4/2011,10,4.24
ACT RSTR CL SPLSH MINT MW 532 ML (4116709565),5/11/2011,4,4.24
ACT RSTR CL SPLSH MINT MW 532 ML (4116709565),5/18/2011,1,4.24
ACT RSTR CL SPLSH MINT MW 532 ML (4116709565),5/25/2011,10,4.99
ACT RSTR CL SPLSH MINT MW 532 ML (4116709565),6/1/2011,1,4.99
ACT RSTR CL SPLSH MINT MW 532 ML (4116709565),6/8/2011,5,4.99
ACT RSTR CL SPLSH MINT MW 532 ML (4116709565),6/15/2011,6,4.99
ACT RSTR CL SPLSH MINT MW 532 ML (4116709565),6/22/2011,6,4.99
ACT RSTR CL SPLSH MINT MW 532 ML (4116709565),6/29/2011,8,4.99
ACT RSTR CL SPLSH MINT MW 532 ML (4116709565),7/6/2011,7,4.64
ACT RSTR CL SPLSH MINT MW 532 ML (4116709565),7/13/2011,9,4.59
ACT RSTR CL SPLSH MINT MW 532 ML (4116709565),7/20/2011,8,4.64
ACT RSTR CL SPLSH MINT MW 532 ML (4116709565),7/27/2011,7,4.59
ACT RSTR CL SPLSH MINT MW 532 ML (4116709565),8/3/2011,7,4.99
ACT RSTR CL SPLSH MINT MW 532 ML (4116709565),8/10/2011,6,4.99
ACT RSTR CL SPLSH MINT MW 532 ML (4116709565),8/17/2011,4,4.99
ACT RSTR CL SPLSH MINT MW 532 ML (4116709565),8/24/2011,1,4.99
ACT RSTR CL SPLSH MINT MW 532 ML (4116709565),8/31/2011,3,4.99
ACT RSTR CL SPLSH MINT MW 532 ML (4116709565),9/7/2011,5,4.99
ACT RSTR CL SPLSH MINT MW 532 ML (4116709565),9/14/2011,6,4.99
ACT RSTR CL SPLSH MINT MW 532 ML (4116709565),9/21/2011,3,4.99
ACT RSTR CL SPLSH MINT MW 532 ML (4116709565),9/28/2011,7,4.99
ACT RSTR CL SPLSH MINT MW 532 ML (4116709565),10/5/2011,2,4.99
ACT RSTR CL SPLSH MINT MW 532 ML (4116709565),10/12/2011,4,4.99
ACT RSTR CL SPLSH MINT MW 532 ML (4116709565),10/19/2011,7,4.99
ACT RSTR CL SPLSH MINT MW 532 ML (4116709565),10/26/2011,6,4.39
ACT RSTR CL SPLSH MINT MW 532 ML (4116709565),11/2/2011,12,4.44
ACT RSTR CL SPLSH MINT MW 532 ML (4116709565),11/9/2011,2,4.39
ACT RSTR CL SPLSH MINT MW 532 ML (4116709565),11/16/2011,4,4.54
ACT RSTR CL SPLSH MINT MW 532 ML (4116709565),11/23/2011,8,4.99
ACT RSTR CL SPLSH MINT MW 532 ML (4116709565),11/30/2011,8,4.99
ACT RSTR CL SPLSH MINT MW 532 ML (4116709565),12/7/2011,5,4.99
ACT RSTR CL SPLSH MINT MW 532 ML (4116709565),12/14/2011,5,4.99
ACT RSTR CL SPLSH MINT MW 532 ML (4116709565),12/21/2011,2,4.99
ACT RSTR CL SPLSH MINT MW 532 ML (4116709565),1/4/2012,6,4.99
