sample_data_full.csv
ITEM,DATE,UNITS,PRICE
SHURGD PRETZEL RODS 12 OZ (7027312504),1/14/2009,51,1.74
SHURGD PRETZEL RODS 12 OZ (7027312504),1/21/2009,28,1.65
SHURGD PRETZEL RODS 12 OZ (7027312504),1/28/2009,53,1.86
SHURGD PRETZEL RODS 12 OZ (7027312504),2/4/2009,78,1.77
SHURGD PRETZEL RODS 12 OZ (7027312504),2/11/2009,43,1.91
SHURGD PRETZEL RODS 12 OZ (7027312504),2/18/2009,70,1.69
SHURGD PRETZEL RODS 12 OZ (7027312504),2/25/2009,64,1.59
SHURGD PRETZEL RODS 12 OZ (7027312504),3/4/2009,60,1.75
SHURGD PRETZEL RODS 12 OZ (7027312504),3/11/2009,71,1.71
SHURGD PRETZEL RODS 12 OZ (7027312504),3/18/2009,87,1.74
SHURGD PRETZEL RODS 12 OZ (7027312504),3/25/2009,54,1.82
SHURGD PRETZEL RODS 12 OZ (7027312504),4/1/2009,54,1.89
SHURGD PRETZEL RODS 12 OZ (7027312504),4/8/2009,54,1.89
SHURGD PRETZEL RODS 12 OZ (7027312504),4/15/2009,65,1.77
SHURGD PRETZEL RODS 12 OZ (7027312504),4/22/2009,58,1.76
SHURGD PRETZEL RODS 12 OZ (7027312504),4/29/2009,56,2.06
SHURGD PRETZEL RODS 12 OZ (7027312504),5/6/2009,61,1.67
SHURGD PRETZEL RODS 12 OZ (7027312504),5/13/2009,62,2.07
SHURGD PRETZEL RODS 12 OZ (7027312504),5/20/2009,65,1.77
SHURGD PRETZEL RODS 12 OZ (7027312504),5/27/2009,53,1.61
SHURGD PRETZEL RODS 12 OZ (7027312504),6/3/2009,81,1.83
SHURGD PRETZEL RODS 12 OZ (7027312504),6/10/2009,81,1.79
SHURGD PRETZEL RODS 12 OZ (7027312504),6/17/2009,54,1.52
SHURGD PRETZEL RODS 12 OZ (7027312504),6/24/2009,64,1.7
SHURGD PRETZEL RODS 12 OZ (7027312504),7/1/2009,66,1.74
SHURGD PRETZEL RODS 12 OZ (7027312504),7/8/2009,76,1.73
SHURGD PRETZEL RODS 12 OZ (7027312504),7/15/2009,66,1.67
SHURGD PRETZEL RODS 12 OZ (7027312504),7/22/2009,29,2.3
SHURGD PRETZEL RODS 12 OZ (7027312504),7/29/2009,47,1.68
SHURGD PRETZEL RODS 12 OZ (7027312504),8/5/2009,53,2.03
SHURGD PRETZEL RODS 12 OZ (7027312504),8/12/2009,53,1.8
SHURGD PRETZEL RODS 12 OZ (7027312504),8/19/2009,40,1.89
SHURGD PRETZEL RODS 12 OZ (7027312504),8/26/2009,57,1.71
SHURGD PRETZEL RODS 12 OZ (7027312504),9/2/2009,60,1.83
SHURGD PRETZEL RODS 12 OZ (7027312504),9/9/2009,59,1.95
SHURGD PRETZEL RODS 12 OZ (7027312504),9/16/2009,58,1.76
SHURGD PRETZEL RODS 12 OZ (7027312504),9/23/2009,72,1.74
SHURGD PRETZEL RODS 12 OZ (7027312504),9/30/2009,58,1.7
SHURGD PRETZEL RODS 12 OZ (7027312504),10/7/2009,46,1.72
SHURGD PRETZEL RODS 12 OZ (7027312504),10/14/2009,44,1.57
SHURGD PRETZEL RODS 12 OZ (7027312504),10/21/2009,53,1.86
SHURGD PRETZEL RODS 12 OZ (7027312504),10/28/2009,48,1.65
SHURGD PRETZEL RODS 12 OZ (7027312504),11/4/2009,34,1.84
SHURGD PRETZEL RODS 12 OZ (7027312504),11/11/2009,48,1.65
SHURGD PRETZEL RODS 12 OZ (7027312504),11/18/2009,59,1.9
SHURGD PRETZEL RODS 12 OZ (7027312504),11/25/2009,48,1.65
SHURGD PRETZEL RODS 12 OZ (7027312504),12/2/2009,33,1.6
SHURGD PRETZEL RODS 12 OZ (7027312504),12/9/2009,43,1.61
SHURGD PRETZEL RODS 12 OZ (7027312504),12/16/2009,82,1.6
SHURGD PRETZEL RODS 12 OZ (7027312504),12/23/2009,80,1.6
SHURGD PRETZEL RODS 12 OZ (7027312504),12/30/2009,22,2.24
SHURGD PRETZEL RODS 12 OZ (7027312504),1/6/2010,42,1.88
SHURGD PRETZEL RODS 12 OZ (7027312504),1/13/2010,42,1.96
SHURGD PRETZEL RODS 12 OZ (7027312504),1/20/2010,43,1.61
SHURGD PRETZEL RODS 12 OZ (7027312504),1/27/2010,36,1.83
SHURGD PRETZEL RODS 12 OZ (7027312504),2/3/2010,33,1.6
SHURGD PRETZEL RODS 12 OZ (7027312504),2/10/2010,39,2.02
SHURGD PRETZEL RODS 12 OZ (7027312504),2/17/2010,21,2.19
SHURGD PRETZEL RODS 12 OZ (7027312504),2/24/2010,41,1.77
SHURGD PRETZEL RODS 12 OZ (7027312504),3/3/2010,38,1.99
SHURGD PRETZEL RODS 12 OZ (7027312504),3/10/2010,52,1.58
SHURGD PRETZEL RODS 12 OZ (7027312504),3/17/2010,42,1.72
SHURGD PRETZEL RODS 12 OZ (7027312504),3/24/2010,35,1.68
SHURGD PRETZEL RODS 12 OZ (7027312504),3/31/2010,43,1.76
SHURGD PRETZEL RODS 12 OZ (7027312504),4/7/2010,43,1.68
SHURGD PRETZEL RODS 12 OZ (7027312504),4/14/2010,16,1.65
SHURGD PRETZEL RODS 12 OZ (7027312504),4/21/2010,46,1.86
SHURGD PRETZEL RODS 12 OZ (7027312504),4/28/2010,36,1.83
SHURGD PRETZEL RODS 12 OZ (7027312504),5/5/2010,48,1.71
SHURGD PRETZEL RODS 12 OZ (7027312504),5/12/2010,45,1.75
SHURGD PRETZEL RODS 12 OZ (7027312504),5/19/2010,69,1.53
SHURGD PRETZEL RODS 12 OZ (7027312504),5/26/2010,41,1.85
SHURGD PRETZEL RODS 12 OZ (7027312504),6/2/2010,37,1.78
SHURGD PRETZEL RODS 12 OZ (7027312504),6/9/2010,40,1.48
SHURGD PRETZEL RODS 12 OZ (7027312504),6/16/2010,45,1.61
SHURGD PRETZEL RODS 12 OZ (7027312504),6/23/2010,30,1.86
SHURGD PRETZEL RODS 12 OZ (7027312504),6/30/2010,38,1.65
SHURGD PRETZEL RODS 12 OZ (7027312504),7/7/2010,50,1.91
SHURGD PRETZEL RODS 12 OZ (7027312504),7/14/2010,54,1.65
SHURGD PRETZEL RODS 12 OZ (7027312504),7/21/2010,28,1.53
SHURGD PRETZEL RODS 12 OZ (7027312504),7/28/2010,41,1.77
SHURGD PRETZEL RODS 12 OZ (7027312504),8/4/2010,43,1.84
SHURGD PRETZEL RODS 12 OZ (7027312504),8/11/2010,52,1.77
SHURGD PRETZEL RODS 12 OZ (7027312504),8/18/2010,57,1.79
SHURGD PRETZEL RODS 12 OZ (7027312504),8/25/2010,27,1.58
SHURGD PRETZEL RODS 12 OZ (7027312504),9/1/2010,31,1.7
SHURGD PRETZEL RODS 12 OZ (7027312504),9/8/2010,35,1.69
SHURGD PRETZEL RODS 12 OZ (7027312504),9/15/2010,32,1.44
SHURGD PRETZEL RODS 12 OZ (7027312504),9/22/2010,34,1.84
SHURGD PRETZEL RODS 12 OZ (7027312504),9/29/2010,40,1.97
SHURGD PRETZEL RODS 12 OZ (7027312504),10/6/2010,52,1.71
SHURGD PRETZEL RODS 12 OZ (7027312504),10/13/2010,30,1.75
SHURGD PRETZEL RODS 12 OZ (7027312504),10/20/2010,26,1.77
SHURGD PRETZEL RODS 12 OZ (7027312504),10/27/2010,37,1.87
SHURGD PRETZEL RODS 12 OZ (7027312504),11/3/2010,40,1.81
SHURGD PRETZEL RODS 12 OZ (7027312504),11/10/2010,46,1.72
SHURGD PRETZEL RODS 12 OZ (7027312504),11/17/2010,41,1.77
SHURGD PRETZEL RODS 12 OZ (7027312504),11/24/2010,34,1.94
SHURGD PRETZEL RODS 12 OZ (7027312504),12/1/2010,25,1.71
SHURGD PRETZEL RODS 12 OZ (7027312504),12/8/2010,43,1.61
SHURGD PRETZEL RODS 12 OZ (7027312504),12/15/2010,62,1.76
SHURGD PRETZEL RODS 12 OZ (7027312504),12/22/2010,57,1.67
SHURGD PRETZEL RODS 12 OZ (7027312504),12/29/2010,45,1.68
SHURGD PRETZEL RODS 12 OZ (7027312504),1/5/2011,45,1.61
SHURGD PRETZEL RODS 12 OZ (7027312504),1/12/2011,31,1.59
SHURGD PRETZEL RODS 12 OZ (7027312504),1/19/2011,32,1.65
SHURGD PRETZEL RODS 12 OZ (7027312504),1/26/2011,51,1.55
SHURGD PRETZEL RODS 12 OZ (7027312504),2/2/2011,38,1.73
SHURGD PRETZEL RODS 12 OZ (7027312504),2/9/2011,71,1.67
SHURGD PRETZEL RODS 12 OZ (7027312504),2/16/2011,24,1.65
SHURGD PRETZEL RODS 12 OZ (7027312504),2/23/2011,18,1.75
SHURGD PRETZEL RODS 12 OZ (7027312504),3/2/2011,15,1.41
SHURGD PRETZEL RODS 12 OZ (7027312504),3/9/2011,21,1.57
SHURGD PRETZEL RODS 12 OZ (7027312504),3/16/2011,39,1.6
SHURGD PRETZEL RODS 12 OZ (7027312504),3/23/2011,55,1.73
SHURGD PRETZEL RODS 12 OZ (7027312504),3/30/2011,42,1.49
SHURGD PRETZEL RODS 12 OZ (7027312504),4/6/2011,34,1.45
SHURGD PRETZEL RODS 12 OZ (7027312504),4/13/2011,53,2.04
SHURGD PRETZEL RODS 12 OZ (7027312504),4/20/2011,53,2.04
SHURGD PRETZEL RODS 12 OZ (7027312504),4/27/2011,42,1.66
SHURGD PRETZEL RODS 12 OZ (7027312504),5/4/2011,45,2.02
SHURGD PRETZEL RODS 12 OZ (7027312504),5/11/2011,35,1.89
SHURGD PRETZEL RODS 12 OZ (7027312504),5/18/2011,45,1.63
SHURGD PRETZEL RODS 12 OZ (7027312504),5/25/2011,45,1.86
SHURGD PRETZEL RODS 12 OZ (7027312504),6/1/2011,43,1.7
SHURGD PRETZEL RODS 12 OZ (7027312504),6/8/2011,44,1.75
SHURGD PRETZEL RODS 12 OZ (7027312504),6/15/2011,32,1.96
SHURGD PRETZEL RODS 12 OZ (7027312504),6/22/2011,35,1.89
SHURGD PRETZEL RODS 12 OZ (7027312504),6/29/2011,45,1.7
SHURGD PRETZEL RODS 12 OZ (7027312504),7/6/2011,37,2.06
SHURGD PRETZEL RODS 12 OZ (7027312504),7/13/2011,39,1.88
SHURGD PRETZEL RODS 12 OZ (7027312504),7/20/2011,46,1.67
SHURGD PRETZEL RODS 12 OZ (7027312504),7/27/2011,45,1.86
SHURGD PRETZEL RODS 12 OZ (7027312504),8/3/2011,34,1.85
SHURGD PRETZEL RODS 12 OZ (7027312504),8/10/2011,53,1.91
SHURGD PRETZEL RODS 12 OZ (7027312504),8/17/2011,34,1.95
SHURGD PRETZEL RODS 12 OZ (7027312504),8/24/2011,34,1.95
SHURGD PRETZEL RODS 12 OZ (7027312504),8/31/2011,41,1.87
SHURGD PRETZEL RODS 12 OZ (7027312504),9/7/2011,38,1.84
SHURGD PRETZEL RODS 12 OZ (7027312504),9/14/2011,40,2.01
SHURGD PRETZEL RODS 12 OZ (7027312504),9/21/2011,28,1.62
SHURGD PRETZEL RODS 12 OZ (7027312504),9/28/2011,52,1.81
SHURGD PRETZEL RODS 12 OZ (7027312504),10/5/2011,22,1.9
SHURGD PRETZEL RODS 12 OZ (7027312504),10/12/2011,31,1.8
SHURGD PRETZEL RODS 12 OZ (7027312504),10/19/2011,33,1.8
SHURGD PRETZEL RODS 12 OZ (7027312504),10/26/2011,39,1.61
SHURGD PRETZEL RODS 12 OZ (7027312504),11/2/2011,37,1.78
SHURGD PRETZEL RODS 12 OZ (7027312504),11/9/2011,27,1.94
SHURGD PRETZEL RODS 12 OZ (7027312504),11/16/2011,44,1.75
SHURGD PRETZEL RODS 12 OZ (7027312504),11/23/2011,20,1.92
SHURGD PRETZEL RODS 12 OZ (7027312504),11/30/2011,36,1.94
SHURGD PRETZEL RODS 12 OZ (7027312504),12/7/2011,42,1.66
SHURGD PRETZEL RODS 12 OZ (7027312504),12/14/2011,49,1.78
SHURGD PRETZEL RODS 12 OZ (7027312504),12/21/2011,66,1.96
SHURGD PRETZEL RODS 12 OZ (7027312504),12/28/2011,66,1.9
SHURGD PRETZEL RODS 12 OZ (7027312504),1/4/2012,46,1.9
SHURGD MINI PRETZELS 16 OZ (7027316204),1/14/2009,67,1.82
SHURGD MINI PRETZELS 16 OZ (7027316204),1/21/2009,94,1.78
SHURGD MINI PRETZELS 16 OZ (7027316204),1/28/2009,86,1.8
SHURGD MINI PRETZELS 16 OZ (7027316204),2/4/2009,82,1.56
SHURGD MINI PRETZELS 16 OZ (7027316204),2/11/2009,84,1.61
SHURGD MINI PRETZELS 16 OZ (7027316204),2/18/2009,58,1.87
SHURGD MINI PRETZELS 16 OZ (7027316204),2/25/2009,75,1.62
SHURGD MINI PRETZELS 16 OZ (7027316204),3/4/2009,72,1.69
SHURGD MINI PRETZELS 16 OZ (7027316204),3/11/2009,75,1.62
SHURGD MINI PRETZELS 16 OZ (7027316204),3/18/2009,60,1.65
SHURGD MINI PRETZELS 16 OZ (7027316204),3/25/2009,70,1.55
SHURGD MINI PRETZELS 16 OZ (7027316204),4/1/2009,63,1.62
SHURGD MINI PRETZELS 16 OZ (7027316204),4/8/2009,76,1.56
SHURGD MINI PRETZELS 16 OZ (7027316204),4/15/2009,70,1.74
SHURGD MINI PRETZELS 16 OZ (7027316204),4/22/2009,76,1.6
SHURGD MINI PRETZELS 16 OZ (7027316204),4/29/2009,89,1.81
SHURGD MINI PRETZELS 16 OZ (7027316204),5/6/2009,73,1.67
SHURGD MINI PRETZELS 16 OZ (7027316204),5/13/2009,96,1.68
SHURGD MINI PRETZELS 16 OZ (7027316204),5/20/2009,86,1.65
SHURGD MINI PRETZELS 16 OZ (7027316204),5/27/2009,96,1.64
SHURGD MINI PRETZELS 16 OZ (7027316204),6/3/2009,67,1.52
SHURGD MINI PRETZELS 16 OZ (7027316204),6/10/2009,99,1.76
SHURGD MINI PRETZELS 16 OZ (7027316204),6/17/2009,105,1.79
SHURGD MINI PRETZELS 16 OZ (7027316204),6/24/2009,102,1.71
SHURGD MINI PRETZELS 16 OZ (7027316204),7/1/2009,90,1.79
SHURGD MINI PRETZELS 16 OZ (7027316204),7/8/2009,80,1.6
SHURGD MINI PRETZELS 16 OZ (7027316204),7/15/2009,66,1.99
SHURGD MINI PRETZELS 16 OZ (7027316204),7/22/2009,82,1.6
SHURGD MINI PRETZELS 16 OZ (7027316204),7/29/2009,67,1.92
SHURGD MINI PRETZELS 16 OZ (7027316204),8/5/2009,72,1.6
SHURGD MINI PRETZELS 16 OZ (7027316204),8/12/2009,68,1.6
SHURGD MINI PRETZELS 16 OZ (7027316204),8/19/2009,61,1.62
SHURGD MINI PRETZELS 16 OZ (7027316204),8/26/2009,61,1.67
SHURGD MINI PRETZELS 16 OZ (7027316204),9/2/2009,65,1.67
SHURGD MINI PRETZELS 16 OZ (7027316204),9/9/2009,48,1.65
SHURGD MINI PRETZELS 16 OZ (7027316204),9/16/2009,67,2.01
SHURGD MINI PRETZELS 16 OZ (7027316204),9/23/2009,54,1.46
SHURGD MINI PRETZELS 16 OZ (7027316204),9/30/2009,51,1.74
SHURGD MINI PRETZELS 16 OZ (7027316204),10/7/2009,69,1.67
SHURGD MINI PRETZELS 16 OZ (7027316204),10/14/2009,66,1.56
SHURGD MINI PRETZELS 16 OZ (7027316204),10/21/2009,62,1.77
SHURGD MINI PRETZELS 16 OZ (7027316204),10/28/2009,66,1.5
SHURGD MINI PRETZELS 16 OZ (7027316204),11/4/2009,56,1.65
SHURGD MINI PRETZELS 16 OZ (7027316204),11/11/2009,67,1.92
SHURGD MINI PRETZELS 16 OZ (7027316204),11/18/2009,88,1.79
SHURGD MINI PRETZELS 16 OZ (7027316204),11/25/2009,84,1.76
SHURGD MINI PRETZELS 16 OZ (7027316204),12/2/2009,84,1.88
SHURGD MINI PRETZELS 16 OZ (7027316204),12/9/2009,86,1.61
SHURGD MINI PRETZELS 16 OZ (7027316204),12/16/2009,120,1.67
SHURGD MINI PRETZELS 16 OZ (7027316204),12/23/2009,90,1.83
SHURGD MINI PRETZELS 16 OZ (7027316204),12/30/2009,74,1.69
SHURGD MINI PRETZELS 16 OZ (7027316204),1/6/2010,82,1.85
SHURGD MINI PRETZELS 16 OZ (7027316204),1/13/2010,67,1.92
SHURGD MINI PRETZELS 16 OZ (7027316204),1/20/2010,62,1.91
SHURGD MINI PRETZELS 16 OZ (7027316204),1/27/2010,80,1.85
SHURGD MINI PRETZELS 16 OZ (7027316204),2/3/2010,61,1.78
SHURGD MINI PRETZELS 16 OZ (7027316204),2/10/2010,68,1.55
SHURGD MINI PRETZELS 16 OZ (7027316204),2/17/2010,69,1.62
SHURGD MINI PRETZELS 16 OZ (7027316204),2/24/2010,76,1.65
SHURGD MINI PRETZELS 16 OZ (7027316204),3/3/2010,71,1.76
SHURGD MINI PRETZELS 16 OZ (7027316204),3/10/2010,69,1.76
SHURGD MINI PRETZELS 16 OZ (7027316204),3/17/2010,75,1.89
SHURGD MINI PRETZELS 16 OZ (7027316204),3/24/2010,53,1.68
SHURGD MINI PRETZELS 16 OZ (7027316204),3/31/2010,58,1.47
SHURGD MINI PRETZELS 16 OZ (7027316204),4/7/2010,38,1.73
SHURGD MINI PRETZELS 16 OZ (7027316204),4/14/2010,53,1.61
SHURGD MINI PRETZELS 16 OZ (7027316204),4/21/2010,76,1.6
SHURGD MINI PRETZELS 16 OZ (7027316204),4/28/2010,82,1.64
SHURGD MINI PRETZELS 16 OZ (7027316204),5/5/2010,61,1.67
SHURGD MINI PRETZELS 16 OZ (7027316204),5/12/2010,72,1.74
SHURGD MINI PRETZELS 16 OZ (7027316204),5/19/2010,63,1.78
SHURGD MINI PRETZELS 16 OZ (7027316204),5/26/2010,59,1.45
SHURGD MINI PRETZELS 16 OZ (7027316204),6/2/2010,66,1.75
SHURGD MINI PRETZELS 16 OZ (7027316204),6/9/2010,71,1.89
SHURGD MINI PRETZELS 16 OZ (7027316204),6/16/2010,47,1.72
SHURGD MINI PRETZELS 16 OZ (7027316204),6/23/2010,56,1.5
SHURGD MINI PRETZELS 16 OZ (7027316204),6/30/2010,51,1.94
SHURGD MINI PRETZELS 16 OZ (7027316204),7/7/2010,52,1.83
SHURGD MINI PRETZELS 16 OZ (7027316204),7/14/2010,71,1.74
SHURGD MINI PRETZELS 16 OZ (7027316204),7/21/2010,49,1.65
SHURGD MINI PRETZELS 16 OZ (7027316204),7/28/2010,49,1.68
SHURGD MINI PRETZELS 16 OZ (7027316204),8/4/2010,32,1.65
SHURGD MINI PRETZELS 16 OZ (7027316204),8/11/2010,56,1.7
SHURGD MINI PRETZELS 16 OZ (7027316204),8/18/2010,60,1.65
SHURGD MINI PRETZELS 16 OZ (7027316204),8/25/2010,31,1.69
SHURGD MINI PRETZELS 16 OZ (7027316204),9/1/2010,57,1.5
SHURGD MINI PRETZELS 16 OZ (7027316204),9/8/2010,55,1.73
SHURGD MINI PRETZELS 16 OZ (7027316204),9/15/2010,59,1.78
SHURGD MINI PRETZELS 16 OZ (7027316204),9/22/2010,17,1.35
SHURGD MINI PRETZELS 16 OZ (7027316204),9/29/2010,55,1.67
SHURGD MINI PRETZELS 16 OZ (7027316204),10/6/2010,49,1.81
SHURGD MINI PRETZELS 16 OZ (7027316204),10/13/2010,57,1.56
SHURGD MINI PRETZELS 16 OZ (7027316204),10/20/2010,32,1.85
SHURGD MINI PRETZELS 16 OZ (7027316204),10/27/2010,63,1.57
SHURGD MINI PRETZELS 16 OZ (7027316204),11/3/2010,81,1.58
SHURGD MINI PRETZELS 16 OZ (7027316204),11/10/2010,42,1.96
SHURGD MINI PRETZELS 16 OZ (7027316204),11/17/2010,27,1.83
SHURGD MINI PRETZELS 16 OZ (7027316204),11/24/2010,50,1.78
SHURGD MINI PRETZELS 16 OZ (7027316204),12/1/2010,32,1.85
SHURGD MINI PRETZELS 16 OZ (7027316204),12/8/2010,36,1.74
SHURGD MINI PRETZELS 16 OZ (7027316204),12/15/2010,61,1.75
SHURGD MINI PRETZELS 16 OZ (7027316204),12/22/2010,55,1.76
SHURGD MINI PRETZELS 16 OZ (7027316204),12/29/2010,50,1.58
SHURGD MINI PRETZELS 16 OZ (7027316204),1/5/2011,20,1.48
SHURGD MINI PRETZELS 16 OZ (7027316204),1/12/2011,45,1.97
SHURGD MINI PRETZELS 16 OZ (7027316204),1/19/2011,39,1.52
SHURGD MINI PRETZELS 16 OZ (7027316204),1/26/2011,44,1.57
SHURGD MINI PRETZELS 16 OZ (7027316204),2/2/2011,39,1.86
SHURGD MINI PRETZELS 16 OZ (7027316204),2/9/2011,38,1.73
SHURGD MINI PRETZELS 16 OZ (7027316204),2/16/2011,24,1.65
SHURGD MINI PRETZELS 16 OZ (7027316204),2/23/2011,17,1.55
SHURGD MINI PRETZELS 16 OZ (7027316204),3/2/2011,15,1.65
SHURGD MINI PRETZELS 16 OZ (7027316204),3/9/2011,37,1.51
SHURGD MINI PRETZELS 16 OZ (7027316204),3/16/2011,48,1.65
SHURGD MINI PRETZELS 16 OZ (7027316204),3/23/2011,50,1.65
SHURGD MINI PRETZELS 16 OZ (7027316204),3/30/2011,36,1.74
SHURGD MINI PRETZELS 16 OZ (7027316204),4/6/2011,40,1.81
SHURGD MINI PRETZELS 16 OZ (7027316204),4/13/2011,61,1.72
SHURGD MINI PRETZELS 16 OZ (7027316204),4/20/2011,42,1.83
SHURGD MINI PRETZELS 16 OZ (7027316204),4/27/2011,30,1.51
SHURGD MINI PRETZELS 16 OZ (7027316204),5/4/2011,54,1.87
SHURGD MINI PRETZELS 16 OZ (7027316204),5/11/2011,31,2.03
SHURGD MINI PRETZELS 16 OZ (7027316204),5/18/2011,56,1.81
SHURGD MINI PRETZELS 16 OZ (7027316204),5/25/2011,50,1.68
SHURGD MINI PRETZELS 16 OZ (7027316204),6/1/2011,57,1.78
SHURGD MINI PRETZELS 16 OZ (7027316204),6/8/2011,46,1.59
SHURGD MINI PRETZELS 16 OZ (7027316204),6/15/2011,36,1.94
SHURGD MINI PRETZELS 16 OZ (7027316204),6/22/2011,39,1.61
SHURGD MINI PRETZELS 16 OZ (7027316204),6/29/2011,29,1.62
SHURGD MINI PRETZELS 16 OZ (7027316204),7/6/2011,25,1.75
SHURGD MINI PRETZELS 16 OZ (7027316204),7/13/2011,35,1.6
SHURGD MINI PRETZELS 16 OZ (7027316204),7/20/2011,41,1.36
SHURGD MINI PRETZELS 16 OZ (7027316204),7/27/2011,40,1.75
SHURGD MINI PRETZELS 16 OZ (7027316204),8/3/2011,29,2.05
SHURGD MINI PRETZELS 16 OZ (7027316204),8/10/2011,42,1.83
SHURGD MINI PRETZELS 16 OZ (7027316204),8/17/2011,39,1.61
SHURGD MINI PRETZELS 16 OZ (7027316204),8/24/2011,39,1.88
SHURGD MINI PRETZELS 16 OZ (7027316204),8/31/2011,36,1.84
SHURGD MINI PRETZELS 16 OZ (7027316204),9/7/2011,46,1.82
SHURGD MINI PRETZELS 16 OZ (7027316204),9/14/2011,41,1.7
SHURGD MINI PRETZELS 16 OZ (7027316204),9/21/2011,32,2.07
SHURGD MINI PRETZELS 16 OZ (7027316204),9/28/2011,60,1.86
SHURGD MINI PRETZELS 16 OZ (7027316204),10/5/2011,33,1.59
SHURGD MINI PRETZELS 16 OZ (7027316204),10/12/2011,36,1.65
SHURGD MINI PRETZELS 16 OZ (7027316204),10/19/2011,34,1.54
SHURGD MINI PRETZELS 16 OZ (7027316204),10/26/2011,45,2.02
SHURGD MINI PRETZELS 16 OZ (7027316204),11/2/2011,27,1.68
SHURGD MINI PRETZELS 16 OZ (7027316204),11/9/2011,38,1.75
SHURGD MINI PRETZELS 16 OZ (7027316204),11/16/2011,28,1.87
SHURGD MINI PRETZELS 16 OZ (7027316204),11/23/2011,43,1.7
SHURGD MINI PRETZELS 16 OZ (7027316204),11/30/2011,18,1.75
SHURGD MINI PRETZELS 16 OZ (7027316204),12/7/2011,38,1.93
SHURGD MINI PRETZELS 16 OZ (7027316204),12/14/2011,56,1.87
SHURGD MINI PRETZELS 16 OZ (7027316204),12/21/2011,61,1.83
SHURGD MINI PRETZELS 16 OZ (7027316204),12/28/2011,44,2.06
SHURGD MINI PRETZELS 16 OZ (7027316204),1/4/2012,36,1.75
