sample_data_full.csv
ITEM,DATE,UNITS,PRICE
SHURGD PRETZEL STICKS 16 OZ (7027316404),1/14/2009,70,1.6
SHURGD PRETZEL STICKS 16 OZ (7027316404),1/21/2009,56,1.65
SHURGD PRETZEL STICKS 16 OZ (7027316404),1/28/2009,76,1.56
SHURGD PRETZEL STICKS 16 OZ (7027316404),2/4/2009,90,1.9
SHURGD PRETZEL STICKS 16 OZ (7027316404),2/11/2009,50,1.65
SHURGD PRETZEL STICKS 16 OZ (7027316404),2/18/2009,57,1.67
SHURGD PRETZEL STICKS 16 OZ (7027316404),2/25/2009,68,1.69
SHURGD PRETZEL STICKS 16 OZ (7027316404),3/4/2009,65,1.82
SHURGD PRETZEL STICKS 16 OZ (7027316404),3/11/2009,69,1.86
SHURGD PRETZEL STICKS 16 OZ (7027316404),3/18/2009,44,1.65
SHURGD PRETZEL STICKS 16 OZ (7027316404),3/25/2009,54,1.71
SHURGD PRETZEL STICKS 16 OZ (7027316404),4/1/2009,35,1.79
SHURGD PRETZEL STICKS 16 OZ (7027316404),4/8/2009,55,1.56
SHURGD PRETZEL STICKS 16 OZ (7027316404),4/15/2009,47,1.61
SHURGD PRETZEL STICKS 16 OZ (7027316404),4/22/2009,65,1.77
SHURGD PRETZEL STICKS 16 OZ (7027316404),4/29/2009,60,1.7
SHURGD PRETZEL STICKS 16 OZ (7027316404),5/6/2009,70,1.88
SHURGD PRETZEL STICKS 16 OZ (7027316404),5/13/2009,70,1.51
SHURGD PRETZEL STICKS 16 OZ (7027316404),5/20/2009,63,1.67
SHURGD PRETZEL STICKS 16 OZ (7027316404),5/27/2009,69,1.67
SHURGD PRETZEL STICKS 16 OZ (7027316404),6/3/2009,78,1.65
SHURGD PRETZEL STICKS 16 OZ (7027316404),6/10/2009,60,1.43
SHURGD PRETZEL STICKS 16 OZ (7027316404),6/17/2009,95,1.49
SHURGD PRETZEL STICKS 16 OZ (7027316404),6/24/2009,70,1.79
SHURGD PRETZEL STICKS 16 OZ (7027316404),7/1/2009,75,1.58
SHURGD PRETZEL STICKS 16 OZ (7027316404),7/8/2009,66,1.79
SHURGD PRETZEL STICKS 16 OZ (7027316404),7/15/2009,67,1.55
SHURGD PRETZEL STICKS 16 OZ (7027316404),7/22/2009,56,1.67
SHURGD PRETZEL STICKS 16 OZ (7027316404),7/29/2009,68,1.6
SHURGD PRETZEL STICKS 16 OZ (7027316404),8/5/2009,70,1.69
SHURGD PRETZEL STICKS 16 OZ (7027316404),8/12/2009,53,1.8
SHURGD PRETZEL STICKS 16 OZ (7027316404),8/19/2009,64,1.95
SHURGD PRETZEL STICKS 16 OZ (7027316404),8/26/2009,62,1.75
SHURGD PRETZEL STICKS 16 OZ (7027316404),9/2/2009,73,1.49
SHURGD PRETZEL STICKS 16 OZ (7027316404),9/9/2009,41,1.77
SHURGD PRETZEL STICKS 16 OZ (7027316404),9/16/2009,59,1.62
SHURGD PRETZEL STICKS 16 OZ (7027316404),9/23/2009,51,1.81
SHURGD PRETZEL STICKS 16 OZ (7027316404),9/30/2009,66,1.6
SHURGD PRETZEL STICKS 16 OZ (7027316404),10/7/2009,72,1.74
SHURGD PRETZEL STICKS 16 OZ (7027316404),10/14/2009,61,1.97
SHURGD PRETZEL STICKS 16 OZ (7027316404),10/21/2009,67,1.69
SHURGD PRETZEL STICKS 16 OZ (7027316404),10/28/2009,64,1.95
SHURGD PRETZEL STICKS 16 OZ (7027316404),11/4/2009,52,1.71
SHURGD PRETZEL STICKS 16 OZ (7027316404),11/11/2009,70,1.65
SHURGD PRETZEL STICKS 16 OZ (7027316404),11/18/2009,106,1.61
SHURGD PRETZEL STICKS 16 OZ (7027316404),11/25/2009,88,1.79
SHURGD PRETZEL STICKS 16 OZ (7027316404),12/2/2009,94,1.58
SHURGD PRETZEL STICKS 16 OZ (7027316404),12/9/2009,118,1.73
SHURGD PRETZEL STICKS 16 OZ (7027316404),12/16/2009,84,1.8
SHURGD PRETZEL STICKS 16 OZ (7027316404),12/23/2009,114,1.79
SHURGD PRETZEL STICKS 16 OZ (7027316404),12/30/2009,86,1.84
SHURGD PRETZEL STICKS 16 OZ (7027316404),1/6/2010,73,1.76
SHURGD PRETZEL STICKS 16 OZ (7027316404),1/13/2010,69,1.53
SHURGD PRETZEL STICKS 16 OZ (7027316404),1/20/2010,66,1.79
SHURGD PRETZEL STICKS 16 OZ (7027316404),1/27/2010,72,1.46
SHURGD PRETZEL STICKS 16 OZ (7027316404),2/3/2010,60,1.56
SHURGD PRETZEL STICKS 16 OZ (7027316404),2/10/2010,75,1.89
SHURGD PRETZEL STICKS 16 OZ (7027316404),2/17/2010,51,1.94
SHURGD PRETZEL STICKS 16 OZ (7027316404),2/24/2010,60,1.54
SHURGD PRETZEL STICKS 16 OZ (7027316404),3/3/2010,93,1.56
SHURGD PRETZEL STICKS 16 OZ (7027316404),3/10/2010,64,1.8
SHURGD PRETZEL STICKS 16 OZ (7027316404),3/17/2010,83,1.7
SHURGD PRETZEL STICKS 16 OZ (7027316404),3/24/2010,54,1.58
SHURGD PRETZEL STICKS 16 OZ (7027316404),3/31/2010,72,1.74
SHURGD PRETZEL STICKS 16 OZ (7027316404),4/7/2010,49,1.68
SHURGD PRETZEL STICKS 16 OZ (7027316404),4/14/2010,72,1.83
SHURGD PRETZEL STICKS 16 OZ (7027316404),4/21/2010,71,1.76
SHURGD PRETZEL STICKS 16 OZ (7027316404),4/28/2010,82,1.85
SHURGD PRETZEL STICKS 16 OZ (7027316404),5/5/2010,73,1.67
SHURGD PRETZEL STICKS 16 OZ (7027316404),5/12/2010,64,1.75
SHURGD PRETZEL STICKS 16 OZ (7027316404),5/19/2010,79,1.87
SHURGD PRETZEL STICKS 16 OZ (7027316404),5/26/2010,76,1.86
SHURGD PRETZEL STICKS 16 OZ (7027316404),6/2/2010,48,1.65
SHURGD PRETZEL STICKS 16 OZ (7027316404),6/9/2010,69,1.57
SHURGD PRETZEL STICKS 16 OZ (7027316404),6/16/2010,58,1.9
SHURGD PRETZEL STICKS 16 OZ (7027316404),6/23/2010,62,1.43
SHURGD PRETZEL STICKS 16 OZ (7027316404),6/30/2010,64,1.72
SHURGD PRETZEL STICKS 16 OZ (7027316404),7/7/2010,66,1.65
SHURGD PRETZEL STICKS 16 OZ (7027316404),7/14/2010,53,1.52
SHURGD PRETZEL STICKS 16 OZ (7027316404),7/21/2010,48,1.88
SHURGD PRETZEL STICKS 16 OZ (7027316404),7/28/2010,55,1.67
SHURGD PRETZEL STICKS 16 OZ (7027316404),8/4/2010,46,1.65
SHURGD PRETZEL STICKS 16 OZ (7027316404),8/11/2010,49,1.75
SHURGD PRETZEL STICKS 16 OZ (7027316404),8/18/2010,75,1.97
SHURGD PRETZEL STICKS 16 OZ (7027316404),8/25/2010,49,1.75
SHURGD PRETZEL STICKS 16 OZ (7027316404),9/1/2010,49,2.15
SHURGD PRETZEL STICKS 16 OZ (7027316404),9/8/2010,56,1.47
SHURGD PRETZEL STICKS 16 OZ (7027316404),9/15/2010,49,1.75
SHURGD PRETZEL STICKS 16 OZ (7027316404),9/22/2010,68,1.65
SHURGD PRETZEL STICKS 16 OZ (7027316404),9/29/2010,59,1.62
SHURGD PRETZEL STICKS 16 OZ (7027316404),10/6/2010,53,1.74
SHURGD PRETZEL STICKS 16 OZ (7027316404),10/13/2010,57,1.85
SHURGD PRETZEL STICKS 16 OZ (7027316404),10/20/2010,49,1.54
SHURGD PRETZEL STICKS 16 OZ (7027316404),10/27/2010,41,1.77
SHURGD PRETZEL STICKS 16 OZ (7027316404),11/3/2010,76,1.69
SHURGD PRETZEL STICKS 16 OZ (7027316404),11/10/2010,57,1.56
SHURGD PRETZEL STICKS 16 OZ (7027316404),11/17/2010,36,1.74
SHURGD PRETZEL STICKS 16 OZ (7027316404),11/24/2010,44,1.5
SHURGD PRETZEL STICKS 16 OZ (7027316404),12/1/2010,47,1.89
SHURGD PRETZEL STICKS 16 OZ (7027316404),12/8/2010,42,1.8
SHURGD PRETZEL STICKS 16 OZ (7027316404),12/15/2010,63,1.73
SHURGD PRETZEL STICKS 16 OZ (7027316404),12/22/2010,50,1.9
SHURGD PRETZEL STICKS 16 OZ (7027316404),12/29/2010,47,1.96
SHURGD PRETZEL STICKS 16 OZ (7027316404),1/5/2011,22,2.09
SHURGD PRETZEL STICKS 16 OZ (7027316404),1/12/2011,23,1.57
SHURGD PRETZEL STICKS 16 OZ (7027316404),1/19/2011,40,1.81
SHURGD PRETZEL STICKS 16 OZ (7027316404),1/26/2011,49,1.81
SHURGD PRETZEL STICKS 16 OZ (7027316404),2/2/2011,40,1.69
SHURGD PRETZEL STICKS 16 OZ (7027316404),2/9/2011,48,1.81
SHURGD PRETZEL STICKS 16 OZ (7027316404),2/16/2011,39,1.52
SHURGD PRETZEL STICKS 16 OZ (7027316404),2/23/2011,18,2.03
SHURGD PRETZEL STICKS 16 OZ (7027316404),3/2/2011,8,2.03
SHURGD PRETZEL STICKS 16 OZ (7027316404),3/9/2011,50,1.78
SHURGD PRETZEL STICKS 16 OZ (7027316404),3/16/2011,42,1.8
SHURGD PRETZEL STICKS 16 OZ (7027316404),3/23/2011,57,1.73
SHURGD PRETZEL STICKS 16 OZ (7027316404),3/30/2011,52,1.71
SHURGD PRETZEL STICKS 16 OZ (7027316404),4/6/2011,48,1.71
SHURGD PRETZEL STICKS 16 OZ (7027316404),4/13/2011,44,1.75
SHURGD PRETZEL STICKS 16 OZ (7027316404),4/20/2011,40,2.01
SHURGD PRETZEL STICKS 16 OZ (7027316404),4/27/2011,36,1.84
SHURGD PRETZEL STICKS 16 OZ (7027316404),5/4/2011,36,1.75
SHURGD PRETZEL STICKS 16 OZ (7027316404),5/11/2011,46,1.67
SHURGD PRETZEL STICKS 16 OZ (7027316404),5/18/2011,48,1.96
SHURGD PRETZEL STICKS 16 OZ (7027316404),5/25/2011,50,1.75
SHURGD PRETZEL STICKS 16 OZ (7027316404),6/1/2011,44,1.75
SHURGD PRETZEL STICKS 16 OZ (7027316404),6/8/2011,48,1.96
SHURGD PRETZEL STICKS 16 OZ (7027316404),6/15/2011,33,1.59
SHURGD PRETZEL STICKS 16 OZ (7027316404),6/22/2011,41,1.7
SHURGD PRETZEL STICKS 16 OZ (7027316404),6/29/2011,47,2.08
SHURGD PRETZEL STICKS 16 OZ (7027316404),7/6/2011,27,1.55
SHURGD PRETZEL STICKS 16 OZ (7027316404),7/13/2011,37,2.17
SHURGD PRETZEL STICKS 16 OZ (7027316404),7/20/2011,43,2.19
SHURGD PRETZEL STICKS 16 OZ (7027316404),7/27/2011,44,1.82
SHURGD PRETZEL STICKS 16 OZ (7027316404),8/3/2011,52,1.88
SHURGD PRETZEL STICKS 16 OZ (7027316404),8/10/2011,44,1.67
SHURGD PRETZEL STICKS 16 OZ (7027316404),8/17/2011,34,1.95
SHURGD PRETZEL STICKS 16 OZ (7027316404),8/24/2011,45,1.71
SHURGD PRETZEL STICKS 16 OZ (7027316404),8/31/2011,34,2.05
SHURGD PRETZEL STICKS 16 OZ (7027316404),9/7/2011,54,1.75
SHURGD PRETZEL STICKS 16 OZ (7027316404),9/14/2011,32,1.64
SHURGD PRETZEL STICKS 16 OZ (7027316404),9/21/2011,56,1.75
SHURGD PRETZEL STICKS 16 OZ (7027316404),9/28/2011,42,1.66
SHURGD PRETZEL STICKS 16 OZ (7027316404),10/5/2011,35,2.09
SHURGD PRETZEL STICKS 16 OZ (7027316404),10/12/2011,43,1.79
SHURGD PRETZEL STICKS 16 OZ (7027316404),10/19/2011,41,1.97
SHURGD PRETZEL STICKS 16 OZ (7027316404),10/26/2011,41,1.7
SHURGD PRETZEL STICKS 16 OZ (7027316404),11/2/2011,53,1.84
SHURGD PRETZEL STICKS 16 OZ (7027316404),11/9/2011,39,1.88
SHURGD PRETZEL STICKS 16 OZ (7027316404),11/16/2011,46,1.75
SHURGD PRETZEL STICKS 16 OZ (7027316404),11/23/2011,44,2.06
SHURGD PRETZEL STICKS 16 OZ (7027316404),11/30/2011,32,1.85
SHURGD PRETZEL STICKS 16 OZ (7027316404),12/7/2011,56,1.93
SHURGD PRETZEL STICKS 16 OZ (7027316404),12/14/2011,44,1.67
SHURGD PRETZEL STICKS 16 OZ (7027316404),12/21/2011,62,1.69
SHURGD PRETZEL STICKS 16 OZ (7027316404),12/28/2011,51,1.71
SHURGD PRETZEL STICKS 16 OZ (7027316404),1/4/2012,27,1.42
