sample_data_full.csv
ITEM,DATE,UNITS,PRICE
MKSL MINI TWIST PRETZELS 16 OZ (7110410455),1/14/2009,8,2.5
MKSL MINI TWIST PRETZELS 16 OZ (7110410455),1/21/2009,9,2.5
MKSL MINI TWIST PRETZELS 16 OZ (7110410455),1/28/2009,10,2.5
MKSL MINI TWIST PRETZELS 16 OZ (7110410455),2/4/2009,9,2.53
MKSL MINI TWIST PRETZELS 16 OZ (7110410455),2/11/2009,4,2.5
MKSL MINI TWIST PRETZELS 16 OZ (7110410455),2/18/2009,6,2.5
MKSL MINI TWIST PRETZELS 16 OZ (7110410455),2/25/2009,10,2.5
MKSL MINI TWIST PRETZELS 16 OZ (7110410455),3/4/2009,10,2.5
MKSL MINI TWIST PRETZELS 16 OZ (7110410455),3/11/2009,2,2.79
MKSL MINI TWIST PRETZELS 16 OZ (7110410455),3/18/2009,5,2.79
MKSL MINI TWIST PRETZELS 16 OZ (7110410455),3/25/2009,2,2.79
MKSL MINI TWIST PRETZELS 16 OZ (7110410455),4/1/2009,2,2.79
MKSL MINI TWIST PRETZELS 16 OZ (7110410455),4/8/2009,3,2.5
MKSL MINI TWIST PRETZELS 16 OZ (7110410455),4/15/2009,6,2.5
MKSL MINI TWIST PRETZELS 16 OZ (7110410455),4/22/2009,5,2.5
MKSL MINI TWIST PRETZELS 16 OZ (7110410455),4/29/2009,8,2.5
MKSL MINI TWIST PRETZELS 16 OZ (7110410455),5/6/2009,6,2.5
MKSL MINI TWIST PRETZELS 16 OZ (7110410455),5/13/2009,6,2.5
MKSL MINI TWIST PRETZELS 16 OZ (7110410455),5/20/2009,9,2.53
MKSL MINI TWIST PRETZELS 16 OZ (7110410455),5/27/2009,16,2.5
MKSL MINI TWIST PRETZELS 16 OZ (7110410455),6/3/2009,12,2.5
MKSL MINI TWIST PRETZELS 16 OZ (7110410455),6/10/2009,10,2.5
MKSL MINI TWIST PRETZELS 16 OZ (7110410455),6/17/2009,8,2.5
MKSL MINI TWIST PRETZELS 16 OZ (7110410455),7/1/2009,10,2.5
MKSL MINI TWIST PRETZELS 16 OZ (7110410455),7/8/2009,11,2.5
MKSL MINI TWIST PRETZELS 16 OZ (7110410455),7/15/2009,9,2.5
MKSL MINI TWIST PRETZELS 16 OZ (7110410455),7/22/2009,9,2.5
MKSL MINI TWIST PRETZELS 16 OZ (7110410455),7/29/2009,9,2
MKSL MINI TWIST PRETZELS 16 OZ (7110410455),8/5/2009,9,2
MKSL MINI TWIST PRETZELS 16 OZ (7110410455),8/12/2009,6,2
MKSL MINI TWIST PRETZELS 16 OZ (7110410455),8/19/2009,10,2
MKSL MINI TWIST PRETZELS 16 OZ (7110410455),8/26/2009,6,2.64
MKSL MINI TWIST PRETZELS 16 OZ (7110410455),9/2/2009,9,2.64
MKSL MINI TWIST PRETZELS 16 OZ (7110410455),9/9/2009,4,2.64
MKSL MINI TWIST PRETZELS 16 OZ (7110410455),9/16/2009,7,2.64
MKSL MINI TWIST PRETZELS 16 OZ (7110410455),9/23/2009,10,2
MKSL MINI TWIST PRETZELS 16 OZ (7110410455),9/30/2009,14,2
MKSL MINI TWIST PRETZELS 16 OZ (7110410455),10/7/2009,9,2
MKSL MINI TWIST PRETZELS 16 OZ (7110410455),10/14/2009,16,2
MKSL MINI TWIST PRETZELS 16 OZ (7110410455),10/21/2009,13,2.28
MKSL MINI TWIST PRETZELS 16 OZ (7110410455),10/28/2009,20,2.24
MKSL MINI TWIST PRETZELS 16 OZ (7110410455),11/4/2009,9,2.3
MKSL MINI TWIST PRETZELS 16 OZ (7110410455),11/11/2009,24,2.24
MKSL MINI TWIST PRETZELS 16 OZ (7110410455),11/18/2009,36,2.4
MKSL MINI TWIST PRETZELS 16 OZ (7110410455),11/25/2009,24,2.4
MKSL MINI TWIST PRETZELS 16 OZ (7110410455),12/2/2009,21,2.4
MKSL MINI TWIST PRETZELS 16 OZ (7110410455),12/9/2009,27,2.4
MKSL MINI TWIST PRETZELS 16 OZ (7110410455),12/16/2009,35,2.48
MKSL MINI TWIST PRETZELS 16 OZ (7110410455),12/23/2009,30,2.48
MKSL MINI TWIST PRETZELS 16 OZ (7110410455),12/30/2009,34,2.48
MKSL MINI TWIST PRETZELS 16 OZ (7110410455),1/6/2010,22,2.48
MKSL MINI TWIST PRETZELS 16 OZ (7110410455),1/13/2010,23,2.48
MKSL MINI TWIST PRETZELS 16 OZ (7110410455),1/20/2010,20,2.48
MKSL MINI TWIST PRETZELS 16 OZ (7110410455),1/27/2010,20,2.48
MKSL MINI TWIST PRETZELS 16 OZ (7110410455),2/3/2010,11,2.48
MKSL MINI TWIST PRETZELS 16 OZ (7110410455),2/10/2010,20,2.51
MKSL MINI TWIST PRETZELS 16 OZ (7110410455),2/17/2010,15,2.51
MKSL MINI TWIST PRETZELS 16 OZ (7110410455),2/24/2010,19,2.49
MKSL MINI TWIST PRETZELS 16 OZ (7110410455),3/3/2010,22,2.5
MKSL MINI TWIST PRETZELS 16 OZ (7110410455),3/10/2010,19,2.49
MKSL MINI TWIST PRETZELS 16 OZ (7110410455),3/17/2010,31,2.49
MKSL MINI TWIST PRETZELS 16 OZ (7110410455),3/24/2010,19,2.49
MKSL MINI TWIST PRETZELS 16 OZ (7110410455),3/31/2010,21,2.49
MKSL MINI TWIST PRETZELS 16 OZ (7110410455),4/7/2010,25,2.49
MKSL MINI TWIST PRETZELS 16 OZ (7110410455),4/14/2010,21,2.49
MKSL MINI TWIST PRETZELS 16 OZ (7110410455),4/21/2010,20,2.51
MKSL MINI TWIST PRETZELS 16 OZ (7110410455),4/28/2010,13,2.49
MKSL MINI TWIST PRETZELS 16 OZ (7110410455),5/5/2010,25,2.39
MKSL MINI TWIST PRETZELS 16 OZ (7110410455),5/12/2010,24,2.4
MKSL MINI TWIST PRETZELS 16 OZ (7110410455),5/19/2010,26,2.39
MKSL MINI TWIST PRETZELS 16 OZ (7110410455),5/26/2010,14,2.39
MKSL MINI TWIST PRETZELS 16 OZ (7110410455),6/2/2010,24,2.39
MKSL MINI TWIST PRETZELS 16 OZ (7110410455),6/9/2010,19,2.39
MKSL MINI TWIST PRETZELS 16 OZ (7110410455),6/16/2010,20,2.41
MKSL MINI TWIST PRETZELS 16 OZ (7110410455),6/23/2010,18,2.43
MKSL MINI TWIST PRETZELS 16 OZ (7110410455),6/30/2010,7,2.5
MKSL MINI TWIST PRETZELS 16 OZ (7110410455),7/7/2010,15,2.42
MKSL MINI TWIST PRETZELS 16 OZ (7110410455),7/14/2010,20,2.39
MKSL MINI TWIST PRETZELS 16 OZ (7110410455),7/21/2010,16,2.39
MKSL MINI TWIST PRETZELS 16 OZ (7110410455),7/28/2010,16,2.19
MKSL MINI TWIST PRETZELS 16 OZ (7110410455),8/4/2010,21,2.19
MKSL MINI TWIST PRETZELS 16 OZ (7110410455),8/11/2010,20,2.19
MKSL MINI TWIST PRETZELS 16 OZ (7110410455),8/18/2010,13,2.19
MKSL MINI TWIST PRETZELS 16 OZ (7110410455),8/25/2010,11,2.19
MKSL MINI TWIST PRETZELS 16 OZ (7110410455),9/1/2010,8,2.19
MKSL MINI TWIST PRETZELS 16 OZ (7110410455),9/8/2010,12,2.19
MKSL MINI TWIST PRETZELS 16 OZ (7110410455),9/15/2010,12,2.19
MKSL MINI TWIST PRETZELS 16 OZ (7110410455),9/22/2010,21,2.19
MKSL MINI TWIST PRETZELS 16 OZ (7110410455),9/29/2010,13,2.24
MKSL MINI TWIST PRETZELS 16 OZ (7110410455),10/6/2010,16,2.19
MKSL MINI TWIST PRETZELS 16 OZ (7110410455),10/13/2010,23,2.22
MKSL MINI TWIST PRETZELS 16 OZ (7110410455),10/20/2010,32,2
MKSL MINI TWIST PRETZELS 16 OZ (7110410455),10/27/2010,30,2
MKSL MINI TWIST PRETZELS 16 OZ (7110410455),11/3/2010,38,2.06
MKSL MINI TWIST PRETZELS 16 OZ (7110410455),11/10/2010,28,2
MKSL MINI TWIST PRETZELS 16 OZ (7110410455),11/17/2010,12,2
MKSL MINI TWIST PRETZELS 16 OZ (7110410455),11/24/2010,17,2
MKSL MINI TWIST PRETZELS 16 OZ (7110410455),12/1/2010,35,2
MKSL MINI TWIST PRETZELS 16 OZ (7110410455),12/8/2010,31,2
MKSL MINI TWIST PRETZELS 16 OZ (7110410455),12/15/2010,51,2
MKSL MINI TWIST PRETZELS 16 OZ (7110410455),12/22/2010,48,2
MKSL MINI TWIST PRETZELS 16 OZ (7110410455),12/29/2010,43,2
MKSL MINI TWIST PRETZELS 16 OZ (7110410455),1/5/2011,28,2
MKSL MINI TWIST PRETZELS 16 OZ (7110410455),1/12/2011,34,2.5
MKSL MINI TWIST PRETZELS 16 OZ (7110410455),1/19/2011,15,2.5
MKSL MINI TWIST PRETZELS 16 OZ (7110410455),1/26/2011,12,2.5
MKSL MINI TWIST PRETZELS 16 OZ (7110410455),2/2/2011,7,2.5
MKSL MINI TWIST PRETZELS 16 OZ (7110410455),2/9/2011,19,2.5
MKSL MINI TWIST PRETZELS 16 OZ (7110410455),2/16/2011,9,2.5
MKSL MINI TWIST PRETZELS 16 OZ (7110410455),2/23/2011,2,2.5
MKSL MINI TWIST PRETZELS 16 OZ (7110410455),3/2/2011,4,2.5
MKSL MINI TWIST PRETZELS 16 OZ (7110410455),3/9/2011,12,2.5
MKSL MINI TWIST PRETZELS 16 OZ (7110410455),3/16/2011,12,2.5
MKSL MINI TWIST PRETZELS 16 OZ (7110410455),3/23/2011,9,2.5
MKSL MINI TWIST PRETZELS 16 OZ (7110410455),3/30/2011,8,2.5
MKSL MINI TWIST PRETZELS 16 OZ (7110410455),4/6/2011,12,2
MKSL MINI TWIST PRETZELS 16 OZ (7110410455),4/13/2011,7,2
MKSL MINI TWIST PRETZELS 16 OZ (7110410455),4/20/2011,15,2
MKSL MINI TWIST PRETZELS 16 OZ (7110410455),4/27/2011,22,2
MKSL MINI TWIST PRETZELS 16 OZ (7110410455),5/4/2011,15,2
MKSL MINI TWIST PRETZELS 16 OZ (7110410455),5/11/2011,20,2
MKSL MINI TWIST PRETZELS 16 OZ (7110410455),5/18/2011,16,2
MKSL MINI TWIST PRETZELS 16 OZ (7110410455),5/25/2011,17,2
MKSL MINI TWIST PRETZELS 16 OZ (7110410455),6/1/2011,19,2
MKSL MINI TWIST PRETZELS 16 OZ (7110410455),6/8/2011,18,2
MKSL MINI TWIST PRETZELS 16 OZ (7110410455),6/15/2011,20,2
MKSL MINI TWIST PRETZELS 16 OZ (7110410455),6/22/2011,26,2
MKSL MINI TWIST PRETZELS 16 OZ (7110410455),6/29/2011,15,2
MKSL MINI TWIST PRETZELS 16 OZ (7110410455),7/6/2011,13,2
MKSL MINI TWIST PRETZELS 16 OZ (7110410455),7/13/2011,15,2
MKSL MINI TWIST PRETZELS 16 OZ (7110410455),7/20/2011,16,2
MKSL MINI TWIST PRETZELS 16 OZ (7110410455),7/27/2011,11,2
MKSL MINI TWIST PRETZELS 16 OZ (7110410455),8/3/2011,19,2
MKSL MINI TWIST PRETZELS 16 OZ (7110410455),8/10/2011,14,2
MKSL MINI TWIST PRETZELS 16 OZ (7110410455),8/17/2011,11,2
MKSL MINI TWIST PRETZELS 16 OZ (7110410455),8/24/2011,18,2
MKSL MINI TWIST PRETZELS 16 OZ (7110410455),8/31/2011,12,2
MKSL MINI TWIST PRETZELS 16 OZ (7110410455),9/7/2011,18,2
MKSL MINI TWIST PRETZELS 16 OZ (7110410455),9/14/2011,10,2
MKSL MINI TWIST PRETZELS 16 OZ (7110410455),9/21/2011,15,2
MKSL MINI TWIST PRETZELS 16 OZ (7110410455),9/28/2011,15,2
MKSL MINI TWIST PRETZELS 16 OZ (7110410455),10/5/2011,15,2
MKSL MINI TWIST PRETZELS 16 OZ (7110410455),10/12/2011,13,2
MKSL MINI TWIST PRETZELS 16 OZ (7110410455),10/19/2011,17,2
MKSL MINI TWIST PRETZELS 16 OZ (7110410455),10/26/2011,9,2
MKSL MINI TWIST PRETZELS 16 OZ (7110410455),11/2/2011,20,2
MKSL MINI TWIST PRETZELS 16 OZ (7110410455),11/9/2011,12,2
MKSL MINI TWIST PRETZELS 16 OZ (7110410455),11/16/2011,23,2
MKSL MINI TWIST PRETZELS 16 OZ (7110410455),11/23/2011,19,2
MKSL MINI TWIST PRETZELS 16 OZ (7110410455),11/30/2011,22,2
MKSL MINI TWIST PRETZELS 16 OZ (7110410455),12/7/2011,19,2
MKSL MINI TWIST PRETZELS 16 OZ (7110410455),12/14/2011,25,2
MKSL MINI TWIST PRETZELS 16 OZ (7110410455),12/21/2011,21,2
MKSL MINI TWIST PRETZELS 16 OZ (7110410455),12/28/2011,24,2
MKSL MINI TWIST PRETZELS 16 OZ (7110410455),1/4/2012,22,2
MKSL DUTCH PRETZELS 16 OZ (7110410470),1/14/2009,3,2.5
MKSL DUTCH PRETZELS 16 OZ (7110410470),1/21/2009,7,2.5
MKSL DUTCH PRETZELS 16 OZ (7110410470),1/28/2009,5,2.5
MKSL DUTCH PRETZELS 16 OZ (7110410470),2/4/2009,9,2.5
MKSL DUTCH PRETZELS 16 OZ (7110410470),2/11/2009,8,2.5
MKSL DUTCH PRETZELS 16 OZ (7110410470),2/18/2009,7,2.5
MKSL DUTCH PRETZELS 16 OZ (7110410470),2/25/2009,6,2.5
MKSL DUTCH PRETZELS 16 OZ (7110410470),3/4/2009,9,2.5
MKSL DUTCH PRETZELS 16 OZ (7110410470),3/11/2009,2,2.79
MKSL DUTCH PRETZELS 16 OZ (7110410470),3/18/2009,7,2.79
MKSL DUTCH PRETZELS 16 OZ (7110410470),3/25/2009,5,2.79
MKSL DUTCH PRETZELS 16 OZ (7110410470),4/1/2009,7,2.79
MKSL DUTCH PRETZELS 16 OZ (7110410470),4/8/2009,9,2.5
MKSL DUTCH PRETZELS 16 OZ (7110410470),4/15/2009,6,2.5
MKSL DUTCH PRETZELS 16 OZ (7110410470),4/22/2009,5,2.5
MKSL DUTCH PRETZELS 16 OZ (7110410470),4/29/2009,7,2.5
MKSL DUTCH PRETZELS 16 OZ (7110410470),5/6/2009,10,2.5
MKSL DUTCH PRETZELS 16 OZ (7110410470),5/13/2009,5,2.5
MKSL DUTCH PRETZELS 16 OZ (7110410470),5/20/2009,8,2.5
MKSL DUTCH PRETZELS 16 OZ (7110410470),5/27/2009,8,2.5
MKSL DUTCH PRETZELS 16 OZ (7110410470),6/3/2009,10,2.5
MKSL DUTCH PRETZELS 16 OZ (7110410470),6/10/2009,7,2.5
MKSL DUTCH PRETZELS 16 OZ (7110410470),6/17/2009,7,2.5
MKSL DUTCH PRETZELS 16 OZ (7110410470),7/1/2009,10,2.5
MKSL DUTCH PRETZELS 16 OZ (7110410470),7/8/2009,6,2.55
MKSL DUTCH PRETZELS 16 OZ (7110410470),7/15/2009,3,2.5
MKSL DUTCH PRETZELS 16 OZ (7110410470),7/22/2009,12,2.5
MKSL DUTCH PRETZELS 16 OZ (7110410470),7/29/2009,7,2
MKSL DUTCH PRETZELS 16 OZ (7110410470),8/5/2009,5,2
MKSL DUTCH PRETZELS 16 OZ (7110410470),8/12/2009,10,2
MKSL DUTCH PRETZELS 16 OZ (7110410470),8/19/2009,4,2
MKSL DUTCH PRETZELS 16 OZ (7110410470),8/26/2009,6,2.64
MKSL DUTCH PRETZELS 16 OZ (7110410470),9/2/2009,6,2.64
MKSL DUTCH PRETZELS 16 OZ (7110410470),9/9/2009,5,2.64
MKSL DUTCH PRETZELS 16 OZ (7110410470),9/16/2009,6,2.64
MKSL DUTCH PRETZELS 16 OZ (7110410470),9/23/2009,7,2
MKSL DUTCH PRETZELS 16 OZ (7110410470),9/30/2009,5,2
MKSL DUTCH PRETZELS 16 OZ (7110410470),10/7/2009,9,2
MKSL DUTCH PRETZELS 16 OZ (7110410470),10/14/2009,18,2
MKSL DUTCH PRETZELS 16 OZ (7110410470),10/21/2009,11,2.24
MKSL DUTCH PRETZELS 16 OZ (7110410470),10/28/2009,15,2.28
MKSL DUTCH PRETZELS 16 OZ (7110410470),11/4/2009,16,2.24
MKSL DUTCH PRETZELS 16 OZ (7110410470),11/11/2009,21,2.24
MKSL DUTCH PRETZELS 16 OZ (7110410470),11/18/2009,13,2.4
MKSL DUTCH PRETZELS 16 OZ (7110410470),11/25/2009,15,2.43
MKSL DUTCH PRETZELS 16 OZ (7110410470),12/2/2009,18,2.4
MKSL DUTCH PRETZELS 16 OZ (7110410470),12/9/2009,21,2.42
MKSL DUTCH PRETZELS 16 OZ (7110410470),12/16/2009,16,2.48
MKSL DUTCH PRETZELS 16 OZ (7110410470),12/23/2009,15,2.48
MKSL DUTCH PRETZELS 16 OZ (7110410470),12/30/2009,15,2.5
MKSL DUTCH PRETZELS 16 OZ (7110410470),1/6/2010,21,2.49
MKSL DUTCH PRETZELS 16 OZ (7110410470),1/13/2010,15,2.48
MKSL DUTCH PRETZELS 16 OZ (7110410470),1/20/2010,13,2.48
MKSL DUTCH PRETZELS 16 OZ (7110410470),1/27/2010,18,2.48
MKSL DUTCH PRETZELS 16 OZ (7110410470),2/3/2010,17,2.48
MKSL DUTCH PRETZELS 16 OZ (7110410470),2/10/2010,13,2.49
MKSL DUTCH PRETZELS 16 OZ (7110410470),2/17/2010,18,2.51
MKSL DUTCH PRETZELS 16 OZ (7110410470),2/24/2010,20,2.51
MKSL DUTCH PRETZELS 16 OZ (7110410470),3/3/2010,17,2.49
MKSL DUTCH PRETZELS 16 OZ (7110410470),3/10/2010,19,2.49
MKSL DUTCH PRETZELS 16 OZ (7110410470),3/17/2010,17,2.49
MKSL DUTCH PRETZELS 16 OZ (7110410470),3/24/2010,13,2.49
MKSL DUTCH PRETZELS 16 OZ (7110410470),3/31/2010,16,2.49
MKSL DUTCH PRETZELS 16 OZ (7110410470),4/7/2010,15,2.49
MKSL DUTCH PRETZELS 16 OZ (7110410470),4/14/2010,18,2.49
MKSL DUTCH PRETZELS 16 OZ (7110410470),4/21/2010,10,2.49
MKSL DUTCH PRETZELS 16 OZ (7110410470),4/28/2010,22,2.49
MKSL DUTCH PRETZELS 16 OZ (7110410470),5/5/2010,26,2.39
MKSL DUTCH PRETZELS 16 OZ (7110410470),5/12/2010,21,2.39
MKSL DUTCH PRETZELS 16 OZ (7110410470),5/19/2010,20,2.39
MKSL DUTCH PRETZELS 16 OZ (7110410470),5/26/2010,19,2.39
MKSL DUTCH PRETZELS 16 OZ (7110410470),6/2/2010,11,2.39
MKSL DUTCH PRETZELS 16 OZ (7110410470),6/9/2010,24,2.39
MKSL DUTCH PRETZELS 16 OZ (7110410470),6/16/2010,16,2.39
MKSL DUTCH PRETZELS 16 OZ (7110410470),6/23/2010,13,2.39
MKSL DUTCH PRETZELS 16 OZ (7110410470),6/30/2010,12,2.39
MKSL DUTCH PRETZELS 16 OZ (7110410470),7/7/2010,18,2.38
MKSL DUTCH PRETZELS 16 OZ (7110410470),7/14/2010,22,2.39
MKSL DUTCH PRETZELS 16 OZ (7110410470),7/21/2010,8,2.39
MKSL DUTCH PRETZELS 16 OZ (7110410470),7/28/2010,13,2.19
MKSL DUTCH PRETZELS 16 OZ (7110410470),8/4/2010,16,2.19
MKSL DUTCH PRETZELS 16 OZ (7110410470),8/11/2010,15,2.19
MKSL DUTCH PRETZELS 16 OZ (7110410470),8/18/2010,11,2.19
MKSL DUTCH PRETZELS 16 OZ (7110410470),8/25/2010,15,2.19
MKSL DUTCH PRETZELS 16 OZ (7110410470),9/1/2010,19,2.19
MKSL DUTCH PRETZELS 16 OZ (7110410470),9/8/2010,13,2.19
MKSL DUTCH PRETZELS 16 OZ (7110410470),9/15/2010,14,2.19
MKSL DUTCH PRETZELS 16 OZ (7110410470),9/22/2010,25,2.19
MKSL DUTCH PRETZELS 16 OZ (7110410470),9/29/2010,11,2.19
MKSL DUTCH PRETZELS 16 OZ (7110410470),10/6/2010,17,2.19
MKSL DUTCH PRETZELS 16 OZ (7110410470),10/13/2010,15,2.19
MKSL DUTCH PRETZELS 16 OZ (7110410470),10/20/2010,26,2
MKSL DUTCH PRETZELS 16 OZ (7110410470),10/27/2010,26,2
MKSL DUTCH PRETZELS 16 OZ (7110410470),11/3/2010,18,2
MKSL DUTCH PRETZELS 16 OZ (7110410470),11/10/2010,15,2
MKSL DUTCH PRETZELS 16 OZ (7110410470),11/17/2010,17,2
MKSL DUTCH PRETZELS 16 OZ (7110410470),11/24/2010,14,2
MKSL DUTCH PRETZELS 16 OZ (7110410470),12/1/2010,18,2
MKSL DUTCH PRETZELS 16 OZ (7110410470),12/8/2010,24,2
MKSL DUTCH PRETZELS 16 OZ (7110410470),12/15/2010,25,2
MKSL DUTCH PRETZELS 16 OZ (7110410470),12/22/2010,18,2
MKSL DUTCH PRETZELS 16 OZ (7110410470),12/29/2010,9,2
MKSL DUTCH PRETZELS 16 OZ (7110410470),1/5/2011,18,2
MKSL DUTCH PRETZELS 16 OZ (7110410470),1/12/2011,13,2.5
MKSL DUTCH PRETZELS 16 OZ (7110410470),1/19/2011,11,2.5
MKSL DUTCH PRETZELS 16 OZ (7110410470),1/26/2011,6,2.5
MKSL DUTCH PRETZELS 16 OZ (7110410470),2/2/2011,9,2.5
MKSL DUTCH PRETZELS 16 OZ (7110410470),2/9/2011,12,2.5
MKSL DUTCH PRETZELS 16 OZ (7110410470),2/16/2011,7,2.5
MKSL DUTCH PRETZELS 16 OZ (7110410470),2/23/2011,4,2.5
MKSL DUTCH PRETZELS 16 OZ (7110410470),3/2/2011,5,2.5
MKSL DUTCH PRETZELS 16 OZ (7110410470),3/9/2011,9,2.5
MKSL DUTCH PRETZELS 16 OZ (7110410470),3/16/2011,7,2.5
MKSL DUTCH PRETZELS 16 OZ (7110410470),3/23/2011,12,2.5
MKSL DUTCH PRETZELS 16 OZ (7110410470),3/30/2011,9,2.5
MKSL DUTCH PRETZELS 16 OZ (7110410470),4/6/2011,5,2
MKSL DUTCH PRETZELS 16 OZ (7110410470),4/13/2011,7,2
MKSL DUTCH PRETZELS 16 OZ (7110410470),4/20/2011,10,2
MKSL DUTCH PRETZELS 16 OZ (7110410470),4/27/2011,9,2
MKSL DUTCH PRETZELS 16 OZ (7110410470),5/4/2011,9,2
MKSL DUTCH PRETZELS 16 OZ (7110410470),5/11/2011,9,2
MKSL DUTCH PRETZELS 16 OZ (7110410470),5/18/2011,11,2
MKSL DUTCH PRETZELS 16 OZ (7110410470),5/25/2011,11,2
MKSL DUTCH PRETZELS 16 OZ (7110410470),6/1/2011,9,2
MKSL DUTCH PRETZELS 16 OZ (7110410470),6/8/2011,13,2
MKSL DUTCH PRETZELS 16 OZ (7110410470),6/15/2011,7,2
MKSL DUTCH PRETZELS 16 OZ (7110410470),6/22/2011,9,2
MKSL DUTCH PRETZELS 16 OZ (7110410470),6/29/2011,13,2
MKSL DUTCH PRETZELS 16 OZ (7110410470),7/6/2011,16,2
MKSL DUTCH PRETZELS 16 OZ (7110410470),7/13/2011,12,2
MKSL DUTCH PRETZELS 16 OZ (7110410470),7/20/2011,15,2
MKSL DUTCH PRETZELS 16 OZ (7110410470),7/27/2011,9,2
MKSL DUTCH PRETZELS 16 OZ (7110410470),8/3/2011,14,2
MKSL DUTCH PRETZELS 16 OZ (7110410470),8/10/2011,11,2
MKSL DUTCH PRETZELS 16 OZ (7110410470),8/17/2011,11,2
MKSL DUTCH PRETZELS 16 OZ (7110410470),8/24/2011,20,2
MKSL DUTCH PRETZELS 16 OZ (7110410470),8/31/2011,15,2
MKSL DUTCH PRETZELS 16 OZ (7110410470),9/7/2011,19,2
MKSL DUTCH PRETZELS 16 OZ (7110410470),9/14/2011,13,2
MKSL DUTCH PRETZELS 16 OZ (7110410470),9/21/2011,18,2
MKSL DUTCH PRETZELS 16 OZ (7110410470),9/28/2011,16,2
MKSL DUTCH PRETZELS 16 OZ (7110410470),10/5/2011,16,2
MKSL DUTCH PRETZELS 16 OZ (7110410470),10/12/2011,13,2
MKSL DUTCH PRETZELS 16 OZ (7110410470),10/19/2011,17,2
MKSL DUTCH PRETZELS 16 OZ (7110410470),10/26/2011,10,2
MKSL DUTCH PRETZELS 16 OZ (7110410470),11/2/2011,23,1.98
MKSL DUTCH PRETZELS 16 OZ (7110410470),11/9/2011,10,2
MKSL DUTCH PRETZELS 16 OZ (7110410470),11/16/2011,12,2
MKSL DUTCH PRETZELS 16 OZ (7110410470),11/23/2011,10,2
MKSL DUTCH PRETZELS 16 OZ (7110410470),11/30/2011,4,2
MKSL DUTCH PRETZELS 16 OZ (7110410470),12/7/2011,10,2
MKSL DUTCH PRETZELS 16 OZ (7110410470),12/14/2011,17,2
MKSL DUTCH PRETZELS 16 OZ (7110410470),12/21/2011,15,2
MKSL DUTCH PRETZELS 16 OZ (7110410470),12/28/2011,8,2
MKSL DUTCH PRETZELS 16 OZ (7110410470),1/4/2012,9,1.98
