sample_data_full.csv
ITEM,DATE,UNITS,PRICE
MKSL PRETZEL STICKS 16 OZ (7110410471),1/14/2009,4,2.5
MKSL PRETZEL STICKS 16 OZ (7110410471),1/21/2009,2,2.5
MKSL PRETZEL STICKS 16 OZ (7110410471),1/28/2009,3,2.5
MKSL PRETZEL STICKS 16 OZ (7110410471),2/4/2009,6,2.5
MKSL PRETZEL STICKS 16 OZ (7110410471),2/11/2009,3,2.5
MKSL PRETZEL STICKS 16 OZ (7110410471),2/18/2009,3,2.5
MKSL PRETZEL STICKS 16 OZ (7110410471),3/4/2009,3,2.5
MKSL PRETZEL STICKS 16 OZ (7110410471),3/11/2009,9,2.79
MKSL PRETZEL STICKS 16 OZ (7110410471),3/18/2009,2,2.79
MKSL PRETZEL STICKS 16 OZ (7110410471),4/1/2009,1,2.79
MKSL PRETZEL STICKS 16 OZ (7110410471),4/8/2009,2,2.5
MKSL PRETZEL STICKS 16 OZ (7110410471),4/15/2009,1,2.5
MKSL PRETZEL STICKS 16 OZ (7110410471),4/22/2009,5,2.5
MKSL PRETZEL STICKS 16 OZ (7110410471),4/29/2009,6,2.5
MKSL PRETZEL STICKS 16 OZ (7110410471),5/6/2009,5,2.5
MKSL PRETZEL STICKS 16 OZ (7110410471),5/13/2009,6,2.5
MKSL PRETZEL STICKS 16 OZ (7110410471),5/20/2009,11,2.5
MKSL PRETZEL STICKS 16 OZ (7110410471),5/27/2009,7,2.5
MKSL PRETZEL STICKS 16 OZ (7110410471),6/3/2009,6,2.5
MKSL PRETZEL STICKS 16 OZ (7110410471),6/10/2009,2,2.5
MKSL PRETZEL STICKS 16 OZ (7110410471),6/17/2009,3,2.5
MKSL PRETZEL STICKS 16 OZ (7110410471),6/24/2009,3,2.5
MKSL PRETZEL STICKS 16 OZ (7110410471),7/1/2009,9,2.5
MKSL PRETZEL STICKS 16 OZ (7110410471),7/8/2009,13,2.5
MKSL PRETZEL STICKS 16 OZ (7110410471),7/15/2009,5,2.5
MKSL PRETZEL STICKS 16 OZ (7110410471),7/22/2009,5,2.5
MKSL PRETZEL STICKS 16 OZ (7110410471),7/29/2009,4,2
MKSL PRETZEL STICKS 16 OZ (7110410471),8/5/2009,4,2
MKSL PRETZEL STICKS 16 OZ (7110410471),8/12/2009,5,2
MKSL PRETZEL STICKS 16 OZ (7110410471),8/19/2009,6,2
MKSL PRETZEL STICKS 16 OZ (7110410471),8/26/2009,5,2.64
MKSL PRETZEL STICKS 16 OZ (7110410471),9/2/2009,4,2.64
MKSL PRETZEL STICKS 16 OZ (7110410471),9/9/2009,7,2.64
MKSL PRETZEL STICKS 16 OZ (7110410471),9/16/2009,3,2.64
MKSL PRETZEL STICKS 16 OZ (7110410471),9/23/2009,6,2
MKSL PRETZEL STICKS 16 OZ (7110410471),9/30/2009,12,2
MKSL PRETZEL STICKS 16 OZ (7110410471),10/7/2009,13,2
MKSL PRETZEL STICKS 16 OZ (7110410471),10/14/2009,12,2.07
MKSL PRETZEL STICKS 16 OZ (7110410471),10/21/2009,10,2.24
MKSL PRETZEL STICKS 16 OZ (7110410471),10/28/2009,16,2.24
MKSL PRETZEL STICKS 16 OZ (7110410471),11/4/2009,10,2.24
MKSL PRETZEL STICKS 16 OZ (7110410471),11/11/2009,17,2.24
MKSL PRETZEL STICKS 16 OZ (7110410471),11/18/2009,19,2.42
MKSL PRETZEL STICKS 16 OZ (7110410471),11/25/2009,28,2.43
MKSL PRETZEL STICKS 16 OZ (7110410471),12/2/2009,23,2.4
MKSL PRETZEL STICKS 16 OZ (7110410471),12/9/2009,26,2.4
MKSL PRETZEL STICKS 16 OZ (7110410471),12/16/2009,28,2.48
MKSL PRETZEL STICKS 16 OZ (7110410471),12/23/2009,31,2.48
MKSL PRETZEL STICKS 16 OZ (7110410471),12/30/2009,24,2.48
MKSL PRETZEL STICKS 16 OZ (7110410471),1/6/2010,23,2.48
MKSL PRETZEL STICKS 16 OZ (7110410471),1/13/2010,20,2.48
MKSL PRETZEL STICKS 16 OZ (7110410471),1/20/2010,20,2.48
MKSL PRETZEL STICKS 16 OZ (7110410471),1/27/2010,16,2.48
MKSL PRETZEL STICKS 16 OZ (7110410471),2/3/2010,13,2.5
MKSL PRETZEL STICKS 16 OZ (7110410471),2/10/2010,21,2.49
MKSL PRETZEL STICKS 16 OZ (7110410471),2/17/2010,20,2.49
MKSL PRETZEL STICKS 16 OZ (7110410471),2/24/2010,13,2.49
MKSL PRETZEL STICKS 16 OZ (7110410471),3/3/2010,18,2.49
MKSL PRETZEL STICKS 16 OZ (7110410471),3/10/2010,17,2.49
MKSL PRETZEL STICKS 16 OZ (7110410471),3/17/2010,23,2.49
MKSL PRETZEL STICKS 16 OZ (7110410471),3/24/2010,17,2.51
MKSL PRETZEL STICKS 16 OZ (7110410471),3/31/2010,17,2.49
MKSL PRETZEL STICKS 16 OZ (7110410471),4/7/2010,14,2.49
MKSL PRETZEL STICKS 16 OZ (7110410471),4/14/2010,15,2.49
MKSL PRETZEL STICKS 16 OZ (7110410471),4/21/2010,14,2.49
MKSL PRETZEL STICKS 16 OZ (7110410471),4/28/2010,28,2.49
MKSL PRETZEL STICKS 16 OZ (7110410471),5/5/2010,21,2.39
MKSL PRETZEL STICKS 16 OZ (7110410471),5/12/2010,13,2.39
MKSL PRETZEL STICKS 16 OZ (7110410471),5/19/2010,21,2.39
MKSL PRETZEL STICKS 16 OZ (7110410471),5/26/2010,26,2.39
MKSL PRETZEL STICKS 16 OZ (7110410471),6/2/2010,19,2.39
MKSL PRETZEL STICKS 16 OZ (7110410471),6/9/2010,15,2.39
MKSL PRETZEL STICKS 16 OZ (7110410471),6/16/2010,19,2.39
MKSL PRETZEL STICKS 16 OZ (7110410471),6/23/2010,4,2.39
MKSL PRETZEL STICKS 16 OZ (7110410471),6/30/2010,11,2.39
MKSL PRETZEL STICKS 16 OZ (7110410471),7/7/2010,16,2.38
MKSL PRETZEL STICKS 16 OZ (7110410471),7/14/2010,16,2.39
MKSL PRETZEL STICKS 16 OZ (7110410471),7/21/2010,8,2.39
MKSL PRETZEL STICKS 16 OZ (7110410471),7/28/2010,15,2.19
MKSL PRETZEL STICKS 16 OZ (7110410471),8/4/2010,10,2.19
MKSL PRETZEL STICKS 16 OZ (7110410471),8/11/2010,16,2.19
MKSL PRETZEL STICKS 16 OZ (7110410471),8/18/2010,10,2.19
MKSL PRETZEL STICKS 16 OZ (7110410471),8/25/2010,5,2.19
MKSL PRETZEL STICKS 16 OZ (7110410471),9/1/2010,8,2.19
MKSL PRETZEL STICKS 16 OZ (7110410471),9/8/2010,7,2.19
MKSL PRETZEL STICKS 16 OZ (7110410471),9/15/2010,12,2.19
MKSL PRETZEL STICKS 16 OZ (7110410471),9/22/2010,7,2.19
MKSL PRETZEL STICKS 16 OZ (7110410471),9/29/2010,16,2.19
MKSL PRETZEL STICKS 16 OZ (7110410471),10/6/2010,11,2.19
MKSL PRETZEL STICKS 16 OZ (7110410471),10/13/2010,14,2.23
MKSL PRETZEL STICKS 16 OZ (7110410471),10/20/2010,16,2
MKSL PRETZEL STICKS 16 OZ (7110410471),10/27/2010,28,2
MKSL PRETZEL STICKS 16 OZ (7110410471),11/3/2010,21,2
MKSL PRETZEL STICKS 16 OZ (7110410471),11/10/2010,18,2
MKSL PRETZEL STICKS 16 OZ (7110410471),11/17/2010,12,2
MKSL PRETZEL STICKS 16 OZ (7110410471),11/24/2010,14,2
MKSL PRETZEL STICKS 16 OZ (7110410471),12/1/2010,19,2
MKSL PRETZEL STICKS 16 OZ (7110410471),12/8/2010,15,2.05
MKSL PRETZEL STICKS 16 OZ (7110410471),12/15/2010,33,2
MKSL PRETZEL STICKS 16 OZ (7110410471),12/22/2010,15,2
MKSL PRETZEL STICKS 16 OZ (7110410471),12/29/2010,19,2
MKSL PRETZEL STICKS 16 OZ (7110410471),1/5/2011,16,2
MKSL PRETZEL STICKS 16 OZ (7110410471),1/12/2011,14,2.5
MKSL PRETZEL STICKS 16 OZ (7110410471),1/19/2011,18,2.5
MKSL PRETZEL STICKS 16 OZ (7110410471),1/26/2011,5,2.5
MKSL PRETZEL STICKS 16 OZ (7110410471),2/2/2011,7,2.5
MKSL PRETZEL STICKS 16 OZ (7110410471),2/9/2011,10,2.5
MKSL PRETZEL STICKS 16 OZ (7110410471),2/16/2011,4,2.5
MKSL PRETZEL STICKS 16 OZ (7110410471),2/23/2011,2,2.5
MKSL PRETZEL STICKS 16 OZ (7110410471),3/2/2011,1,2.5
MKSL PRETZEL STICKS 16 OZ (7110410471),3/9/2011,8,2.54
MKSL PRETZEL STICKS 16 OZ (7110410471),3/16/2011,9,2.5
MKSL PRETZEL STICKS 16 OZ (7110410471),3/23/2011,14,2.5
MKSL PRETZEL STICKS 16 OZ (7110410471),3/30/2011,9,2.5
MKSL PRETZEL STICKS 16 OZ (7110410471),4/6/2011,7,2
MKSL PRETZEL STICKS 16 OZ (7110410471),4/13/2011,13,2
MKSL PRETZEL STICKS 16 OZ (7110410471),4/20/2011,9,2
MKSL PRETZEL STICKS 16 OZ (7110410471),4/27/2011,13,2
MKSL PRETZEL STICKS 16 OZ (7110410471),5/4/2011,11,2
MKSL PRETZEL STICKS 16 OZ (7110410471),5/11/2011,15,2
MKSL PRETZEL STICKS 16 OZ (7110410471),5/18/2011,9,2
MKSL PRETZEL STICKS 16 OZ (7110410471),5/25/2011,10,2
MKSL PRETZEL STICKS 16 OZ (7110410471),6/1/2011,18,2
MKSL PRETZEL STICKS 16 OZ (7110410471),6/8/2011,11,2
MKSL PRETZEL STICKS 16 OZ (7110410471),6/15/2011,15,2
MKSL PRETZEL STICKS 16 OZ (7110410471),6/22/2011,13,2
MKSL PRETZEL STICKS 16 OZ (7110410471),6/29/2011,11,2
MKSL PRETZEL STICKS 16 OZ (7110410471),7/6/2011,10,2
MKSL PRETZEL STICKS 16 OZ (7110410471),7/13/2011,14,2
MKSL PRETZEL STICKS 16 OZ (7110410471),7/20/2011,6,2
MKSL PRETZEL STICKS 16 OZ (7110410471),7/27/2011,18,2
MKSL PRETZEL STICKS 16 OZ (7110410471),8/3/2011,12,2
MKSL PRETZEL STICKS 16 OZ (7110410471),8/10/2011,11,2
MKSL PRETZEL STICKS 16 OZ (7110410471),8/17/2011,8,2
MKSL PRETZEL STICKS 16 OZ (7110410471),8/24/2011,8,2
MKSL PRETZEL STICKS 16 OZ (7110410471),8/31/2011,13,2
MKSL PRETZEL STICKS 16 OZ (7110410471),9/7/2011,15,2
MKSL PRETZEL STICKS 16 OZ (7110410471),9/14/2011,18,2
MKSL PRETZEL STICKS 16 OZ (7110410471),9/21/2011,17,2
MKSL PRETZEL STICKS 16 OZ (7110410471),9/28/2011,13,2
MKSL PRETZEL STICKS 16 OZ (7110410471),10/5/2011,14,2
MKSL PRETZEL STICKS 16 OZ (7110410471),10/12/2011,16,2
MKSL PRETZEL STICKS 16 OZ (7110410471),10/19/2011,11,2
MKSL PRETZEL STICKS 16 OZ (7110410471),10/26/2011,13,2
MKSL PRETZEL STICKS 16 OZ (7110410471),11/2/2011,13,2
MKSL PRETZEL STICKS 16 OZ (7110410471),11/9/2011,10,2
MKSL PRETZEL STICKS 16 OZ (7110410471),11/16/2011,9,2
MKSL PRETZEL STICKS 16 OZ (7110410471),11/23/2011,9,2
MKSL PRETZEL STICKS 16 OZ (7110410471),11/30/2011,17,2
MKSL PRETZEL STICKS 16 OZ (7110410471),12/7/2011,20,2
MKSL PRETZEL STICKS 16 OZ (7110410471),12/14/2011,22,2
MKSL PRETZEL STICKS 16 OZ (7110410471),12/21/2011,28,2
MKSL PRETZEL STICKS 16 OZ (7110410471),12/28/2011,18,2
MKSL PRETZEL STICKS 16 OZ (7110410471),1/4/2012,18,2
DIGIORNO THREE MEAT 29.8 OZ (7192100336),1/14/2009,21,6.06
DIGIORNO THREE MEAT 29.8 OZ (7192100336),1/21/2009,14,5.99
DIGIORNO THREE MEAT 29.8 OZ (7192100336),1/28/2009,9,6.22
DIGIORNO THREE MEAT 29.8 OZ (7192100336),2/4/2009,23,6.24
DIGIORNO THREE MEAT 29.8 OZ (7192100336),2/11/2009,4,6.29
DIGIORNO THREE MEAT 29.8 OZ (7192100336),2/18/2009,11,6.29
DIGIORNO THREE MEAT 29.8 OZ (7192100336),2/25/2009,11,6.4
DIGIORNO THREE MEAT 29.8 OZ (7192100336),3/4/2009,3,6.29
DIGIORNO THREE MEAT 29.8 OZ (7192100336),3/11/2009,11,5.99
DIGIORNO THREE MEAT 29.8 OZ (7192100336),3/18/2009,10,5.99
DIGIORNO THREE MEAT 29.8 OZ (7192100336),3/25/2009,5,5.99
DIGIORNO THREE MEAT 29.8 OZ (7192100336),4/1/2009,5,5.49
DIGIORNO THREE MEAT 29.8 OZ (7192100336),4/8/2009,16,5.74
DIGIORNO THREE MEAT 29.8 OZ (7192100336),4/15/2009,6,6.29
DIGIORNO THREE MEAT 29.8 OZ (7192100336),4/22/2009,10,6.29
DIGIORNO THREE MEAT 29.8 OZ (7192100336),4/29/2009,11,6.29
DIGIORNO THREE MEAT 29.8 OZ (7192100336),5/6/2009,9,6.29
DIGIORNO THREE MEAT 29.8 OZ (7192100336),5/13/2009,7,6.29
DIGIORNO THREE MEAT 29.8 OZ (7192100336),5/20/2009,7,6.29
DIGIORNO THREE MEAT 29.8 OZ (7192100336),5/27/2009,7,5.29
DIGIORNO THREE MEAT 29.8 OZ (7192100336),6/3/2009,16,5.43
DIGIORNO THREE MEAT 29.8 OZ (7192100336),6/10/2009,9,6.29
DIGIORNO THREE MEAT 29.8 OZ (7192100336),6/17/2009,6,6.29
DIGIORNO THREE MEAT 29.8 OZ (7192100336),6/24/2009,9,6.29
DIGIORNO THREE MEAT 29.8 OZ (7192100336),7/1/2009,6,6.29
DIGIORNO THREE MEAT 29.8 OZ (7192100336),7/8/2009,26,4.99
DIGIORNO THREE MEAT 29.8 OZ (7192100336),7/15/2009,14,4.99
DIGIORNO THREE MEAT 29.8 OZ (7192100336),7/22/2009,7,7.13
DIGIORNO THREE MEAT 29.8 OZ (7192100336),7/29/2009,5,7.49
DIGIORNO THREE MEAT 29.8 OZ (7192100336),8/5/2009,3,7.49
DIGIORNO THREE MEAT 29.8 OZ (7192100336),8/12/2009,11,7.49
DIGIORNO THREE MEAT 29.8 OZ (7192100336),8/19/2009,5,7.49
DIGIORNO THREE MEAT 29.8 OZ (7192100336),8/26/2009,7,7.38
DIGIORNO THREE MEAT 29.8 OZ (7192100336),9/2/2009,9,7.49
DIGIORNO THREE MEAT 29.8 OZ (7192100336),9/9/2009,5,6.99
DIGIORNO THREE MEAT 29.8 OZ (7192100336),9/16/2009,15,6.99
DIGIORNO THREE MEAT 29.8 OZ (7192100336),9/23/2009,75,4.47
DIGIORNO THREE MEAT 29.8 OZ (7192100336),9/30/2009,41,4.47
DIGIORNO THREE MEAT 29.8 OZ (7192100336),10/7/2009,49,4.47
DIGIORNO THREE MEAT 29.8 OZ (7192100336),10/14/2009,34,4.47
DIGIORNO THREE MEAT 29.8 OZ (7192100336),10/21/2009,8,6.99
DIGIORNO THREE MEAT 29.8 OZ (7192100336),10/28/2009,15,6.99
DIGIORNO THREE MEAT 29.8 OZ (7192100336),11/4/2009,14,6.99
DIGIORNO THREE MEAT 29.8 OZ (7192100336),11/11/2009,6,6.99
DIGIORNO THREE MEAT 29.8 OZ (7192100336),11/18/2009,47,4.99
DIGIORNO THREE MEAT 29.8 OZ (7192100336),11/25/2009,33,4.99
DIGIORNO THREE MEAT 29.8 OZ (7192100336),12/2/2009,32,4.68
DIGIORNO THREE MEAT 29.8 OZ (7192100336),12/9/2009,16,6.99
DIGIORNO THREE MEAT 29.8 OZ (7192100336),12/16/2009,17,6.99
DIGIORNO THREE MEAT 29.8 OZ (7192100336),12/23/2009,11,6.99
DIGIORNO THREE MEAT 29.8 OZ (7192100336),12/30/2009,5,6.99
DIGIORNO THREE MEAT 29.8 OZ (7192100336),1/6/2010,17,6.99
DIGIORNO THREE MEAT 29.8 OZ (7192100336),1/13/2010,17,6.99
DIGIORNO THREE MEAT 29.8 OZ (7192100336),1/20/2010,14,6.99
DIGIORNO THREE MEAT 29.8 OZ (7192100336),1/27/2010,31,4.99
DIGIORNO THREE MEAT 29.8 OZ (7192100336),2/3/2010,4,6.99
DIGIORNO THREE MEAT 29.8 OZ (7192100336),2/10/2010,19,6.99
DIGIORNO THREE MEAT 29.8 OZ (7192100336),2/17/2010,10,6.99
DIGIORNO THREE MEAT 29.8 OZ (7192100336),2/24/2010,8,6.99
DIGIORNO THREE MEAT 29.8 OZ (7192100336),3/3/2010,9,6.99
DIGIORNO THREE MEAT 29.8 OZ (7192100336),3/10/2010,46,4.47
DIGIORNO THREE MEAT 29.8 OZ (7192100336),3/17/2010,16,4.47
DIGIORNO THREE MEAT 29.8 OZ (7192100336),3/24/2010,81,4.47
DIGIORNO THREE MEAT 29.8 OZ (7192100336),3/31/2010,70,4.51
DIGIORNO THREE MEAT 29.8 OZ (7192100336),4/7/2010,10,6.99
DIGIORNO THREE MEAT 29.8 OZ (7192100336),4/14/2010,8,6.99
DIGIORNO THREE MEAT 29.8 OZ (7192100336),4/21/2010,7,6.99
DIGIORNO THREE MEAT 29.8 OZ (7192100336),4/28/2010,9,6.99
DIGIORNO THREE MEAT 29.8 OZ (7192100336),5/5/2010,2,6.99
DIGIORNO THREE MEAT 29.8 OZ (7192100336),5/12/2010,10,6.99
DIGIORNO THREE MEAT 29.8 OZ (7192100336),5/19/2010,5,6.99
DIGIORNO THREE MEAT 29.8 OZ (7192100336),5/26/2010,5,6.99
DIGIORNO THREE MEAT 29.8 OZ (7192100336),6/2/2010,10,6.99
DIGIORNO THREE MEAT 29.8 OZ (7192100336),6/9/2010,10,6.99
DIGIORNO THREE MEAT 29.8 OZ (7192100336),6/16/2010,31,4.99
DIGIORNO THREE MEAT 29.8 OZ (7192100336),6/23/2010,34,5.05
DIGIORNO THREE MEAT 29.8 OZ (7192100336),6/30/2010,9,6.99
DIGIORNO THREE MEAT 29.8 OZ (7192100336),7/7/2010,10,6.99
DIGIORNO THREE MEAT 29.8 OZ (7192100336),7/14/2010,25,4.95
DIGIORNO THREE MEAT 29.8 OZ (7192100336),7/21/2010,8,6.99
DIGIORNO THREE MEAT 29.8 OZ (7192100336),7/28/2010,7,6.99
DIGIORNO THREE MEAT 29.8 OZ (7192100336),8/4/2010,8,6.99
DIGIORNO THREE MEAT 29.8 OZ (7192100336),8/11/2010,9,6.99
DIGIORNO THREE MEAT 29.8 OZ (7192100336),8/18/2010,53,5.03
DIGIORNO THREE MEAT 29.8 OZ (7192100336),8/25/2010,30,4.99
DIGIORNO THREE MEAT 29.8 OZ (7192100336),9/1/2010,12,4.99
DIGIORNO THREE MEAT 29.8 OZ (7192100336),9/8/2010,27,4.99
DIGIORNO THREE MEAT 29.8 OZ (7192100336),9/15/2010,15,4.99
DIGIORNO THREE MEAT 29.8 OZ (7192100336),9/22/2010,27,4.77
DIGIORNO THREE MEAT 29.8 OZ (7192100336),9/29/2010,9,5.13
DIGIORNO THREE MEAT 29.8 OZ (7192100336),10/6/2010,15,4.99
DIGIORNO THREE MEAT 29.8 OZ (7192100336),10/13/2010,55,4.54
DIGIORNO THREE MEAT 29.8 OZ (7192100336),10/20/2010,37,4.49
DIGIORNO THREE MEAT 29.8 OZ (7192100336),10/27/2010,8,6.99
DIGIORNO THREE MEAT 29.8 OZ (7192100336),11/3/2010,5,6.99
DIGIORNO THREE MEAT 29.8 OZ (7192100336),11/10/2010,2,6.99
DIGIORNO THREE MEAT 29.8 OZ (7192100336),11/17/2010,12,6.99
DIGIORNO THREE MEAT 29.8 OZ (7192100336),11/24/2010,10,5.5
DIGIORNO THREE MEAT 29.8 OZ (7192100336),12/1/2010,10,5.5
DIGIORNO THREE MEAT 29.8 OZ (7192100336),12/8/2010,10,6.99
DIGIORNO THREE MEAT 29.8 OZ (7192100336),12/15/2010,12,6.99
DIGIORNO THREE MEAT 29.8 OZ (7192100336),12/22/2010,9,6.99
DIGIORNO THREE MEAT 29.8 OZ (7192100336),12/29/2010,1,6.99
DIGIORNO THREE MEAT 29.8 OZ (7192100336),1/5/2011,12,6.99
DIGIORNO THREE MEAT 29.8 OZ (7192100336),1/12/2011,6,6.99
DIGIORNO THREE MEAT 29.8 OZ (7192100336),1/19/2011,4,6.99
DIGIORNO THREE MEAT 29.8 OZ (7192100336),1/26/2011,5,6.99
DIGIORNO THREE MEAT 29.8 OZ (7192100336),2/2/2011,48,4.99
DIGIORNO THREE MEAT 29.8 OZ (7192100336),2/9/2011,65,4.99
DIGIORNO THREE MEAT 29.8 OZ (7192100336),2/16/2011,10,6.99
DIGIORNO THREE MEAT 29.8 OZ (7192100336),2/23/2011,8,7.17
DIGIORNO THREE MEAT 29.8 OZ (7192100336),3/2/2011,13,7.19
DIGIORNO THREE MEAT 29.8 OZ (7192100336),3/9/2011,36,4.77
DIGIORNO THREE MEAT 29.8 OZ (7192100336),3/16/2011,52,4.86
DIGIORNO THREE MEAT 29.8 OZ (7192100336),3/23/2011,24,4.77
DIGIORNO THREE MEAT 29.8 OZ (7192100336),3/30/2011,26,4.77
DIGIORNO THREE MEAT 29.8 OZ (7192100336),4/6/2011,6,7.19
DIGIORNO THREE MEAT 29.8 OZ (7192100336),4/13/2011,2,7.19
DIGIORNO THREE MEAT 29.8 OZ (7192100336),4/20/2011,4,7.19
DIGIORNO THREE MEAT 29.8 OZ (7192100336),4/27/2011,3,7.19
DIGIORNO THREE MEAT 29.8 OZ (7192100336),5/4/2011,39,5
DIGIORNO THREE MEAT 29.8 OZ (7192100336),5/11/2011,8,6.65
DIGIORNO THREE MEAT 29.8 OZ (7192100336),5/18/2011,6,6.89
DIGIORNO THREE MEAT 29.8 OZ (7192100336),5/25/2011,8,6.59
DIGIORNO THREE MEAT 29.8 OZ (7192100336),6/1/2011,2,6.59
DIGIORNO THREE MEAT 29.8 OZ (7192100336),6/8/2011,14,5.89
DIGIORNO THREE MEAT 29.8 OZ (7192100336),6/15/2011,14,5.77
DIGIORNO THREE MEAT 29.8 OZ (7192100336),6/22/2011,9,6.5
DIGIORNO THREE MEAT 29.8 OZ (7192100336),6/29/2011,6,6.59
DIGIORNO THREE MEAT 29.8 OZ (7192100336),7/6/2011,34,4.99
DIGIORNO THREE MEAT 29.8 OZ (7192100336),7/13/2011,41,5.07
DIGIORNO THREE MEAT 29.8 OZ (7192100336),7/20/2011,9,6.59
DIGIORNO THREE MEAT 29.8 OZ (7192100336),7/27/2011,3,6.59
DIGIORNO THREE MEAT 29.8 OZ (7192100336),8/3/2011,11,5.64
DIGIORNO THREE MEAT 29.8 OZ (7192100336),8/10/2011,22,5.64
DIGIORNO THREE MEAT 29.8 OZ (7192100336),8/17/2011,14,5.64
DIGIORNO THREE MEAT 29.8 OZ (7192100336),8/24/2011,10,5.64
DIGIORNO THREE MEAT 29.8 OZ (7192100336),8/31/2011,11,5.64
DIGIORNO THREE MEAT 29.8 OZ (7192100336),9/7/2011,10,5.64
DIGIORNO THREE MEAT 29.8 OZ (7192100336),9/14/2011,13,5.64
DIGIORNO THREE MEAT 29.8 OZ (7192100336),9/21/2011,57,4.73
DIGIORNO THREE MEAT 29.8 OZ (7192100336),9/28/2011,41,4.7
DIGIORNO THREE MEAT 29.8 OZ (7192100336),10/5/2011,20,5.64
DIGIORNO THREE MEAT 29.8 OZ (7192100336),10/12/2011,17,5.64
DIGIORNO THREE MEAT 29.8 OZ (7192100336),10/19/2011,15,5.8
DIGIORNO THREE MEAT 29.8 OZ (7192100336),10/26/2011,7,5.8
DIGIORNO THREE MEAT 29.8 OZ (7192100336),11/2/2011,12,5.8
DIGIORNO THREE MEAT 29.8 OZ (7192100336),11/9/2011,8,5.8
DIGIORNO THREE MEAT 29.8 OZ (7192100336),11/16/2011,19,5.8
DIGIORNO THREE MEAT 29.8 OZ (7192100336),11/23/2011,37,5.5
DIGIORNO THREE MEAT 29.8 OZ (7192100336),11/30/2011,33,5.51
DIGIORNO THREE MEAT 29.8 OZ (7192100336),12/7/2011,12,5.8
DIGIORNO THREE MEAT 29.8 OZ (7192100336),12/14/2011,16,5.8
DIGIORNO THREE MEAT 29.8 OZ (7192100336),12/21/2011,16,5.8
DIGIORNO THREE MEAT 29.8 OZ (7192100336),12/28/2011,8,5.8
DIGIORNO THREE MEAT 29.8 OZ (7192100336),1/4/2012,23,5.07
