sample_data_full.csv
ITEM,DATE,UNITS,PRICE
DIGRN SUPREME PIZZA 32.7 OZ (7192100337),1/14/2009,36,5.99
DIGRN SUPREME PIZZA 32.7 OZ (7192100337),1/21/2009,21,5.99
DIGRN SUPREME PIZZA 32.7 OZ (7192100337),1/28/2009,26,6.27
DIGRN SUPREME PIZZA 32.7 OZ (7192100337),2/4/2009,30,6.33
DIGRN SUPREME PIZZA 32.7 OZ (7192100337),2/11/2009,27,6.29
DIGRN SUPREME PIZZA 32.7 OZ (7192100337),2/18/2009,23,6.29
DIGRN SUPREME PIZZA 32.7 OZ (7192100337),2/25/2009,19,6.29
DIGRN SUPREME PIZZA 32.7 OZ (7192100337),3/4/2009,10,6.29
DIGRN SUPREME PIZZA 32.7 OZ (7192100337),3/11/2009,16,5.99
DIGRN SUPREME PIZZA 32.7 OZ (7192100337),3/18/2009,20,5.99
DIGRN SUPREME PIZZA 32.7 OZ (7192100337),3/25/2009,18,5.99
DIGRN SUPREME PIZZA 32.7 OZ (7192100337),4/1/2009,22,5.49
DIGRN SUPREME PIZZA 32.7 OZ (7192100337),4/8/2009,35,5.49
DIGRN SUPREME PIZZA 32.7 OZ (7192100337),4/15/2009,25,6.29
DIGRN SUPREME PIZZA 32.7 OZ (7192100337),4/22/2009,28,6.29
DIGRN SUPREME PIZZA 32.7 OZ (7192100337),4/29/2009,17,6.29
DIGRN SUPREME PIZZA 32.7 OZ (7192100337),5/6/2009,10,6.29
DIGRN SUPREME PIZZA 32.7 OZ (7192100337),5/13/2009,16,6.29
DIGRN SUPREME PIZZA 32.7 OZ (7192100337),5/20/2009,19,6.29
DIGRN SUPREME PIZZA 32.7 OZ (7192100337),5/27/2009,30,5.29
DIGRN SUPREME PIZZA 32.7 OZ (7192100337),6/3/2009,20,5.29
DIGRN SUPREME PIZZA 32.7 OZ (7192100337),6/10/2009,14,6.29
DIGRN SUPREME PIZZA 32.7 OZ (7192100337),6/17/2009,23,6.29
DIGRN SUPREME PIZZA 32.7 OZ (7192100337),6/24/2009,25,6.34
DIGRN SUPREME PIZZA 32.7 OZ (7192100337),7/1/2009,21,6.35
DIGRN SUPREME PIZZA 32.7 OZ (7192100337),7/8/2009,40,5.12
DIGRN SUPREME PIZZA 32.7 OZ (7192100337),7/15/2009,57,4.99
DIGRN SUPREME PIZZA 32.7 OZ (7192100337),7/22/2009,10,7.26
DIGRN SUPREME PIZZA 32.7 OZ (7192100337),7/29/2009,10,7.49
DIGRN SUPREME PIZZA 32.7 OZ (7192100337),8/5/2009,11,7.49
DIGRN SUPREME PIZZA 32.7 OZ (7192100337),8/12/2009,19,7.49
DIGRN SUPREME PIZZA 32.7 OZ (7192100337),8/19/2009,7,7.49
DIGRN SUPREME PIZZA 32.7 OZ (7192100337),8/26/2009,8,7.4
DIGRN SUPREME PIZZA 32.7 OZ (7192100337),9/2/2009,8,7.49
DIGRN SUPREME PIZZA 32.7 OZ (7192100337),9/9/2009,13,6.99
DIGRN SUPREME PIZZA 32.7 OZ (7192100337),9/16/2009,21,6.99
DIGRN SUPREME PIZZA 32.7 OZ (7192100337),9/23/2009,103,4.47
DIGRN SUPREME PIZZA 32.7 OZ (7192100337),9/30/2009,104,4.47
DIGRN SUPREME PIZZA 32.7 OZ (7192100337),10/7/2009,43,4.47
DIGRN SUPREME PIZZA 32.7 OZ (7192100337),10/14/2009,44,4.47
DIGRN SUPREME PIZZA 32.7 OZ (7192100337),10/21/2009,16,6.99
DIGRN SUPREME PIZZA 32.7 OZ (7192100337),10/28/2009,11,6.99
DIGRN SUPREME PIZZA 32.7 OZ (7192100337),11/4/2009,22,6.99
DIGRN SUPREME PIZZA 32.7 OZ (7192100337),11/11/2009,23,6.99
DIGRN SUPREME PIZZA 32.7 OZ (7192100337),11/18/2009,76,4.99
DIGRN SUPREME PIZZA 32.7 OZ (7192100337),11/25/2009,70,4.99
DIGRN SUPREME PIZZA 32.7 OZ (7192100337),12/2/2009,76,4.75
DIGRN SUPREME PIZZA 32.7 OZ (7192100337),12/9/2009,26,6.99
DIGRN SUPREME PIZZA 32.7 OZ (7192100337),12/16/2009,25,6.99
DIGRN SUPREME PIZZA 32.7 OZ (7192100337),12/23/2009,20,6.99
DIGRN SUPREME PIZZA 32.7 OZ (7192100337),12/30/2009,19,6.99
DIGRN SUPREME PIZZA 32.7 OZ (7192100337),1/6/2010,26,6.99
DIGRN SUPREME PIZZA 32.7 OZ (7192100337),1/13/2010,22,6.99
DIGRN SUPREME PIZZA 32.7 OZ (7192100337),1/20/2010,24,6.99
DIGRN SUPREME PIZZA 32.7 OZ (7192100337),1/27/2010,76,4.99
DIGRN SUPREME PIZZA 32.7 OZ (7192100337),2/3/2010,21,6.99
DIGRN SUPREME PIZZA 32.7 OZ (7192100337),2/10/2010,14,6.99
DIGRN SUPREME PIZZA 32.7 OZ (7192100337),2/17/2010,17,6.99
DIGRN SUPREME PIZZA 32.7 OZ (7192100337),2/24/2010,21,6.99
DIGRN SUPREME PIZZA 32.7 OZ (7192100337),3/3/2010,22,6.99
DIGRN SUPREME PIZZA 32.7 OZ (7192100337),3/10/2010,98,4.52
DIGRN SUPREME PIZZA 32.7 OZ (7192100337),3/17/2010,31,4.5
DIGRN SUPREME PIZZA 32.7 OZ (7192100337),3/24/2010,100,4.47
DIGRN SUPREME PIZZA 32.7 OZ (7192100337),3/31/2010,83,4.47
DIGRN SUPREME PIZZA 32.7 OZ (7192100337),4/7/2010,12,6.99
DIGRN SUPREME PIZZA 32.7 OZ (7192100337),4/14/2010,15,6.99
DIGRN SUPREME PIZZA 32.7 OZ (7192100337),4/21/2010,24,6.99
DIGRN SUPREME PIZZA 32.7 OZ (7192100337),4/28/2010,21,6.99
DIGRN SUPREME PIZZA 32.7 OZ (7192100337),5/5/2010,16,6.99
DIGRN SUPREME PIZZA 32.7 OZ (7192100337),5/12/2010,12,6.99
DIGRN SUPREME PIZZA 32.7 OZ (7192100337),5/19/2010,13,6.99
DIGRN SUPREME PIZZA 32.7 OZ (7192100337),5/26/2010,14,6.99
DIGRN SUPREME PIZZA 32.7 OZ (7192100337),6/2/2010,11,6.99
DIGRN SUPREME PIZZA 32.7 OZ (7192100337),6/9/2010,10,6.99
DIGRN SUPREME PIZZA 32.7 OZ (7192100337),6/16/2010,58,4.99
DIGRN SUPREME PIZZA 32.7 OZ (7192100337),6/23/2010,45,4.99
DIGRN SUPREME PIZZA 32.7 OZ (7192100337),6/30/2010,15,6.99
DIGRN SUPREME PIZZA 32.7 OZ (7192100337),7/7/2010,14,6.99
DIGRN SUPREME PIZZA 32.7 OZ (7192100337),7/14/2010,51,4.99
DIGRN SUPREME PIZZA 32.7 OZ (7192100337),7/21/2010,17,6.99
DIGRN SUPREME PIZZA 32.7 OZ (7192100337),7/28/2010,13,6.99
DIGRN SUPREME PIZZA 32.7 OZ (7192100337),8/4/2010,21,6.99
DIGRN SUPREME PIZZA 32.7 OZ (7192100337),8/11/2010,22,6.99
DIGRN SUPREME PIZZA 32.7 OZ (7192100337),8/18/2010,55,5.06
DIGRN SUPREME PIZZA 32.7 OZ (7192100337),8/25/2010,48,4.99
DIGRN SUPREME PIZZA 32.7 OZ (7192100337),9/1/2010,24,4.99
DIGRN SUPREME PIZZA 32.7 OZ (7192100337),9/8/2010,37,4.99
DIGRN SUPREME PIZZA 32.7 OZ (7192100337),9/15/2010,31,4.99
DIGRN SUPREME PIZZA 32.7 OZ (7192100337),9/22/2010,51,4.77
DIGRN SUPREME PIZZA 32.7 OZ (7192100337),9/29/2010,33,4.98
DIGRN SUPREME PIZZA 32.7 OZ (7192100337),10/6/2010,34,4.99
DIGRN SUPREME PIZZA 32.7 OZ (7192100337),10/13/2010,64,4.49
DIGRN SUPREME PIZZA 32.7 OZ (7192100337),10/20/2010,68,4.53
DIGRN SUPREME PIZZA 32.7 OZ (7192100337),10/27/2010,19,6.99
DIGRN SUPREME PIZZA 32.7 OZ (7192100337),11/3/2010,15,6.99
DIGRN SUPREME PIZZA 32.7 OZ (7192100337),11/10/2010,12,6.99
DIGRN SUPREME PIZZA 32.7 OZ (7192100337),11/17/2010,21,6.99
DIGRN SUPREME PIZZA 32.7 OZ (7192100337),11/24/2010,30,5.5
DIGRN SUPREME PIZZA 32.7 OZ (7192100337),12/1/2010,23,5.5
DIGRN SUPREME PIZZA 32.7 OZ (7192100337),12/8/2010,22,6.99
DIGRN SUPREME PIZZA 32.7 OZ (7192100337),12/15/2010,19,6.99
DIGRN SUPREME PIZZA 32.7 OZ (7192100337),12/22/2010,27,6.99
DIGRN SUPREME PIZZA 32.7 OZ (7192100337),12/29/2010,26,6.96
DIGRN SUPREME PIZZA 32.7 OZ (7192100337),1/5/2011,28,6.99
DIGRN SUPREME PIZZA 32.7 OZ (7192100337),1/12/2011,18,6.99
DIGRN SUPREME PIZZA 32.7 OZ (7192100337),1/19/2011,17,6.99
DIGRN SUPREME PIZZA 32.7 OZ (7192100337),1/26/2011,9,6.99
DIGRN SUPREME PIZZA 32.7 OZ (7192100337),2/2/2011,51,4.99
DIGRN SUPREME PIZZA 32.7 OZ (7192100337),2/9/2011,69,4.99
DIGRN SUPREME PIZZA 32.7 OZ (7192100337),2/16/2011,4,6.99
DIGRN SUPREME PIZZA 32.7 OZ (7192100337),2/23/2011,9,7.19
DIGRN SUPREME PIZZA 32.7 OZ (7192100337),3/2/2011,9,7.19
DIGRN SUPREME PIZZA 32.7 OZ (7192100337),3/9/2011,64,4.77
DIGRN SUPREME PIZZA 32.7 OZ (7192100337),3/16/2011,63,4.77
DIGRN SUPREME PIZZA 32.7 OZ (7192100337),3/23/2011,46,4.77
DIGRN SUPREME PIZZA 32.7 OZ (7192100337),3/30/2011,57,4.77
DIGRN SUPREME PIZZA 32.7 OZ (7192100337),4/6/2011,11,7.19
DIGRN SUPREME PIZZA 32.7 OZ (7192100337),4/13/2011,15,7.19
DIGRN SUPREME PIZZA 32.7 OZ (7192100337),4/20/2011,9,7.19
DIGRN SUPREME PIZZA 32.7 OZ (7192100337),4/27/2011,18,7.19
DIGRN SUPREME PIZZA 32.7 OZ (7192100337),5/4/2011,54,5
DIGRN SUPREME PIZZA 32.7 OZ (7192100337),5/11/2011,8,6.89
DIGRN SUPREME PIZZA 32.7 OZ (7192100337),5/18/2011,13,6.89
DIGRN SUPREME PIZZA 32.7 OZ (7192100337),5/25/2011,13,6.59
DIGRN SUPREME PIZZA 32.7 OZ (7192100337),6/1/2011,12,6.59
DIGRN SUPREME PIZZA 32.7 OZ (7192100337),6/8/2011,26,5.86
DIGRN SUPREME PIZZA 32.7 OZ (7192100337),6/15/2011,27,5.8
DIGRN SUPREME PIZZA 32.7 OZ (7192100337),6/22/2011,18,6.54
DIGRN SUPREME PIZZA 32.7 OZ (7192100337),6/29/2011,8,6.59
DIGRN SUPREME PIZZA 32.7 OZ (7192100337),7/6/2011,54,4.99
DIGRN SUPREME PIZZA 32.7 OZ (7192100337),7/13/2011,30,4.99
DIGRN SUPREME PIZZA 32.7 OZ (7192100337),7/20/2011,9,6.41
DIGRN SUPREME PIZZA 32.7 OZ (7192100337),7/27/2011,7,6.59
DIGRN SUPREME PIZZA 32.7 OZ (7192100337),8/3/2011,11,5.64
DIGRN SUPREME PIZZA 32.7 OZ (7192100337),8/10/2011,27,5.64
DIGRN SUPREME PIZZA 32.7 OZ (7192100337),8/17/2011,28,5.64
DIGRN SUPREME PIZZA 32.7 OZ (7192100337),8/24/2011,14,5.64
DIGRN SUPREME PIZZA 32.7 OZ (7192100337),8/31/2011,15,5.64
DIGRN SUPREME PIZZA 32.7 OZ (7192100337),9/7/2011,13,5.64
DIGRN SUPREME PIZZA 32.7 OZ (7192100337),9/14/2011,12,5.64
DIGRN SUPREME PIZZA 32.7 OZ (7192100337),9/21/2011,88,4.74
DIGRN SUPREME PIZZA 32.7 OZ (7192100337),9/28/2011,47,4.74
DIGRN SUPREME PIZZA 32.7 OZ (7192100337),10/5/2011,21,5.64
DIGRN SUPREME PIZZA 32.7 OZ (7192100337),10/12/2011,18,5.64
DIGRN SUPREME PIZZA 32.7 OZ (7192100337),10/19/2011,17,5.8
DIGRN SUPREME PIZZA 32.7 OZ (7192100337),10/26/2011,13,5.8
DIGRN SUPREME PIZZA 32.7 OZ (7192100337),11/2/2011,18,5.8
DIGRN SUPREME PIZZA 32.7 OZ (7192100337),11/9/2011,18,5.8
DIGRN SUPREME PIZZA 32.7 OZ (7192100337),11/16/2011,11,5.8
DIGRN SUPREME PIZZA 32.7 OZ (7192100337),11/23/2011,56,5.5
DIGRN SUPREME PIZZA 32.7 OZ (7192100337),11/30/2011,43,5.5
DIGRN SUPREME PIZZA 32.7 OZ (7192100337),12/7/2011,27,5.8
DIGRN SUPREME PIZZA 32.7 OZ (7192100337),12/14/2011,20,5.8
DIGRN SUPREME PIZZA 32.7 OZ (7192100337),12/21/2011,23,5.8
DIGRN SUPREME PIZZA 32.7 OZ (7192100337),12/28/2011,21,5.8
DIGRN SUPREME PIZZA 32.7 OZ (7192100337),1/4/2012,63,5.08
