sample_data_full.csv
ITEM,DATE,UNITS,PRICE
FRSC BRCK OVN ITL PEP PZ 22.7 OZ (7218063052),1/14/2009,21,6.46
FRSC BRCK OVN ITL PEP PZ 22.7 OZ (7218063052),1/21/2009,16,6.46
FRSC BRCK OVN ITL PEP PZ 22.7 OZ (7218063052),1/28/2009,8,6.46
FRSC BRCK OVN ITL PEP PZ 22.7 OZ (7218063052),2/4/2009,21,6.46
FRSC BRCK OVN ITL PEP PZ 22.7 OZ (7218063052),2/11/2009,60,5.05
FRSC BRCK OVN ITL PEP PZ 22.7 OZ (7218063052),2/18/2009,64,4.99
FRSC BRCK OVN ITL PEP PZ 22.7 OZ (7218063052),2/25/2009,20,6.89
FRSC BRCK OVN ITL PEP PZ 22.7 OZ (7218063052),3/4/2009,6,6.89
FRSC BRCK OVN ITL PEP PZ 22.7 OZ (7218063052),3/11/2009,87,4.54
FRSC BRCK OVN ITL PEP PZ 22.7 OZ (7218063052),3/18/2009,66,4.49
FRSC BRCK OVN ITL PEP PZ 22.7 OZ (7218063052),3/25/2009,53,4.54
FRSC BRCK OVN ITL PEP PZ 22.7 OZ (7218063052),4/1/2009,10,6.43
FRSC BRCK OVN ITL PEP PZ 22.7 OZ (7218063052),4/8/2009,15,6.38
FRSC BRCK OVN ITL PEP PZ 22.7 OZ (7218063052),4/15/2009,12,6.38
FRSC BRCK OVN ITL PEP PZ 22.7 OZ (7218063052),4/22/2009,12,6.38
FRSC BRCK OVN ITL PEP PZ 22.7 OZ (7218063052),4/29/2009,18,6.38
FRSC BRCK OVN ITL PEP PZ 22.7 OZ (7218063052),5/6/2009,15,6.41
FRSC BRCK OVN ITL PEP PZ 22.7 OZ (7218063052),5/13/2009,16,6.38
FRSC BRCK OVN ITL PEP PZ 22.7 OZ (7218063052),5/20/2009,17,6.41
FRSC BRCK OVN ITL PEP PZ 22.7 OZ (7218063052),5/27/2009,15,6.38
FRSC BRCK OVN ITL PEP PZ 22.7 OZ (7218063052),6/3/2009,15,6.38
FRSC BRCK OVN ITL PEP PZ 22.7 OZ (7218063052),6/10/2009,18,6.41
FRSC BRCK OVN ITL PEP PZ 22.7 OZ (7218063052),6/17/2009,16,6.38
FRSC BRCK OVN ITL PEP PZ 22.7 OZ (7218063052),6/24/2009,12,6.38
FRSC BRCK OVN ITL PEP PZ 22.7 OZ (7218063052),7/1/2009,27,5.49
FRSC BRCK OVN ITL PEP PZ 22.7 OZ (7218063052),7/8/2009,17,5.49
FRSC BRCK OVN ITL PEP PZ 22.7 OZ (7218063052),7/15/2009,17,5.49
FRSC BRCK OVN ITL PEP PZ 22.7 OZ (7218063052),7/22/2009,37,5.49
FRSC BRCK OVN ITL PEP PZ 22.7 OZ (7218063052),7/29/2009,13,6.35
FRSC BRCK OVN ITL PEP PZ 22.7 OZ (7218063052),8/5/2009,21,6.38
FRSC BRCK OVN ITL PEP PZ 22.7 OZ (7218063052),8/12/2009,20,6.41
FRSC BRCK OVN ITL PEP PZ 22.7 OZ (7218063052),8/19/2009,17,6.38
FRSC BRCK OVN ITL PEP PZ 22.7 OZ (7218063052),8/26/2009,42,5.08
FRSC BRCK OVN ITL PEP PZ 22.7 OZ (7218063052),9/2/2009,38,4.99
FRSC BRCK OVN ITL PEP PZ 22.7 OZ (7218063052),9/9/2009,9,6.89
FRSC BRCK OVN ITL PEP PZ 22.7 OZ (7218063052),9/16/2009,8,6.89
FRSC BRCK OVN ITL PEP PZ 22.7 OZ (7218063052),9/23/2009,8,6.89
FRSC BRCK OVN ITL PEP PZ 22.7 OZ (7218063052),9/30/2009,10,6.89
FRSC BRCK OVN ITL PEP PZ 22.7 OZ (7218063052),10/7/2009,15,6.38
FRSC BRCK OVN ITL PEP PZ 22.7 OZ (7218063052),10/14/2009,37,4.99
FRSC BRCK OVN ITL PEP PZ 22.7 OZ (7218063052),10/21/2009,57,4.99
FRSC BRCK OVN ITL PEP PZ 22.7 OZ (7218063052),10/28/2009,24,6.4
FRSC BRCK OVN ITL PEP PZ 22.7 OZ (7218063052),11/4/2009,15,6.38
FRSC BRCK OVN ITL PEP PZ 22.7 OZ (7218063052),11/11/2009,17,6.38
FRSC BRCK OVN ITL PEP PZ 22.7 OZ (7218063052),11/18/2009,13,6.38
FRSC BRCK OVN ITL PEP PZ 22.7 OZ (7218063052),11/25/2009,21,6.38
FRSC BRCK OVN ITL PEP PZ 22.7 OZ (7218063052),12/2/2009,9,6.44
FRSC BRCK OVN ITL PEP PZ 22.7 OZ (7218063052),12/9/2009,15,6.38
FRSC BRCK OVN ITL PEP PZ 22.7 OZ (7218063052),12/16/2009,10,6.38
FRSC BRCK OVN ITL PEP PZ 22.7 OZ (7218063052),12/23/2009,10,6.38
FRSC BRCK OVN ITL PEP PZ 22.7 OZ (7218063052),12/30/2009,14,6.38
FRSC BRCK OVN ITL PEP PZ 22.7 OZ (7218063052),1/6/2010,86,3.99
FRSC BRCK OVN ITL PEP PZ 22.7 OZ (7218063052),1/13/2010,104,3.99
FRSC BRCK OVN ITL PEP PZ 22.7 OZ (7218063052),1/20/2010,21,6.38
FRSC BRCK OVN ITL PEP PZ 22.7 OZ (7218063052),1/27/2010,10,6.38
FRSC BRCK OVN ITL PEP PZ 22.7 OZ (7218063052),2/3/2010,15,6.38
FRSC BRCK OVN ITL PEP PZ 22.7 OZ (7218063052),2/10/2010,15,6.27
FRSC BRCK OVN ITL PEP PZ 22.7 OZ (7218063052),2/17/2010,10,6.27
FRSC BRCK OVN ITL PEP PZ 22.7 OZ (7218063052),2/24/2010,17,6.2
FRSC BRCK OVN ITL PEP PZ 22.7 OZ (7218063052),3/3/2010,46,4.99
FRSC BRCK OVN ITL PEP PZ 22.7 OZ (7218063052),3/10/2010,9,6.27
FRSC BRCK OVN ITL PEP PZ 22.7 OZ (7218063052),3/17/2010,6,6.27
FRSC BRCK OVN ITL PEP PZ 22.7 OZ (7218063052),3/24/2010,7,6.27
FRSC BRCK OVN ITL PEP PZ 22.7 OZ (7218063052),3/31/2010,7,6.27
FRSC BRCK OVN ITL PEP PZ 22.7 OZ (7218063052),4/7/2010,31,5.05
FRSC BRCK OVN ITL PEP PZ 22.7 OZ (7218063052),4/14/2010,17,6.19
FRSC BRCK OVN ITL PEP PZ 22.7 OZ (7218063052),4/21/2010,15,6.27
FRSC BRCK OVN ITL PEP PZ 22.7 OZ (7218063052),4/28/2010,19,6.27
FRSC BRCK OVN ITL PEP PZ 22.7 OZ (7218063052),5/5/2010,49,5.13
FRSC BRCK OVN ITL PEP PZ 22.7 OZ (7218063052),5/12/2010,34,5.05
FRSC BRCK OVN ITL PEP PZ 22.7 OZ (7218063052),5/19/2010,13,6.19
FRSC BRCK OVN ITL PEP PZ 22.7 OZ (7218063052),5/26/2010,15,6.29
FRSC BRCK OVN ITL PEP PZ 22.7 OZ (7218063052),6/2/2010,13,6.29
FRSC BRCK OVN ITL PEP PZ 22.7 OZ (7218063052),6/9/2010,16,6.29
FRSC BRCK OVN ITL PEP PZ 22.7 OZ (7218063052),6/16/2010,12,6.29
FRSC BRCK OVN ITL PEP PZ 22.7 OZ (7218063052),6/23/2010,10,6.29
FRSC BRCK OVN ITL PEP PZ 22.7 OZ (7218063052),6/30/2010,17,5.79
FRSC BRCK OVN ITL PEP PZ 22.7 OZ (7218063052),7/7/2010,14,5.79
FRSC BRCK OVN ITL PEP PZ 22.7 OZ (7218063052),7/14/2010,22,5.84
FRSC BRCK OVN ITL PEP PZ 22.7 OZ (7218063052),7/21/2010,23,5.79
FRSC BRCK OVN ITL PEP PZ 22.7 OZ (7218063052),7/28/2010,4,6.89
FRSC BRCK OVN ITL PEP PZ 22.7 OZ (7218063052),8/4/2010,6,6.89
FRSC BRCK OVN ITL PEP PZ 22.7 OZ (7218063052),8/11/2010,5,6.89
FRSC BRCK OVN ITL PEP PZ 22.7 OZ (7218063052),8/18/2010,7,6.89
FRSC BRCK OVN ITL PEP PZ 22.7 OZ (7218063052),8/25/2010,4,6.89
FRSC BRCK OVN ITL PEP PZ 22.7 OZ (7218063052),9/1/2010,6,6.89
FRSC BRCK OVN ITL PEP PZ 22.7 OZ (7218063052),9/8/2010,6,6.89
FRSC BRCK OVN ITL PEP PZ 22.7 OZ (7218063052),9/15/2010,8,6.89
FRSC BRCK OVN ITL PEP PZ 22.7 OZ (7218063052),9/22/2010,4,6.89
FRSC BRCK OVN ITL PEP PZ 22.7 OZ (7218063052),9/29/2010,51,4.49
FRSC BRCK OVN ITL PEP PZ 22.7 OZ (7218063052),10/6/2010,53,4.49
FRSC BRCK OVN ITL PEP PZ 22.7 OZ (7218063052),10/13/2010,14,6.89
FRSC BRCK OVN ITL PEP PZ 22.7 OZ (7218063052),10/20/2010,8,6.89
FRSC BRCK OVN ITL PEP PZ 22.7 OZ (7218063052),10/27/2010,60,4.48
FRSC BRCK OVN ITL PEP PZ 22.7 OZ (7218063052),11/3/2010,56,4.48
FRSC BRCK OVN ITL PEP PZ 22.7 OZ (7218063052),11/10/2010,11,6.89
FRSC BRCK OVN ITL PEP PZ 22.7 OZ (7218063052),11/17/2010,4,6.89
FRSC BRCK OVN ITL PEP PZ 22.7 OZ (7218063052),11/24/2010,7,6.89
FRSC BRCK OVN ITL PEP PZ 22.7 OZ (7218063052),12/1/2010,5,6.89
FRSC BRCK OVN ITL PEP PZ 22.7 OZ (7218063052),12/8/2010,78,4.52
FRSC BRCK OVN ITL PEP PZ 22.7 OZ (7218063052),12/15/2010,76,4.56
FRSC BRCK OVN ITL PEP PZ 22.7 OZ (7218063052),12/22/2010,17,6.03
FRSC BRCK OVN ITL PEP PZ 22.7 OZ (7218063052),12/29/2010,7,6.89
FRSC BRCK OVN ITL PEP PZ 22.7 OZ (7218063052),1/5/2011,14,6.89
FRSC BRCK OVN ITL PEP PZ 22.7 OZ (7218063052),1/12/2011,12,6.89
FRSC BRCK OVN ITL PEP PZ 22.7 OZ (7218063052),1/19/2011,63,4.69
FRSC BRCK OVN ITL PEP PZ 22.7 OZ (7218063052),1/26/2011,26,4.69
FRSC BRCK OVN ITL PEP PZ 22.7 OZ (7218063052),2/2/2011,8,6.89
FRSC BRCK OVN ITL PEP PZ 22.7 OZ (7218063052),2/9/2011,11,6.89
FRSC BRCK OVN ITL PEP PZ 22.7 OZ (7218063052),2/16/2011,7,6.89
FRSC BRCK OVN ITL PEP PZ 22.7 OZ (7218063052),2/23/2011,13,6.89
FRSC BRCK OVN ITL PEP PZ 22.7 OZ (7218063052),3/2/2011,7,6.89
FRSC BRCK OVN ITL PEP PZ 22.7 OZ (7218063052),3/9/2011,5,6.89
FRSC BRCK OVN ITL PEP PZ 22.7 OZ (7218063052),3/16/2011,5,7.09
FRSC BRCK OVN ITL PEP PZ 22.7 OZ (7218063052),3/23/2011,2,7.09
FRSC BRCK OVN ITL PEP PZ 22.7 OZ (7218063052),3/30/2011,8,7.09
FRSC BRCK OVN ITL PEP PZ 22.7 OZ (7218063052),4/6/2011,10,7.09
FRSC BRCK OVN ITL PEP PZ 22.7 OZ (7218063052),4/13/2011,3,7.09
FRSC BRCK OVN ITL PEP PZ 22.7 OZ (7218063052),4/20/2011,9,7.09
FRSC BRCK OVN ITL PEP PZ 22.7 OZ (7218063052),4/27/2011,10,7.09
FRSC BRCK OVN ITL PEP PZ 22.7 OZ (7218063052),5/4/2011,5,7.09
FRSC BRCK OVN ITL PEP PZ 22.7 OZ (7218063052),5/11/2011,94,4.73
FRSC BRCK OVN ITL PEP PZ 22.7 OZ (7218063052),5/18/2011,85,4.67
FRSC BRCK OVN ITL PEP PZ 22.7 OZ (7218063052),5/25/2011,4,7.09
FRSC BRCK OVN ITL PEP PZ 22.7 OZ (7218063052),6/1/2011,7,7.09
FRSC BRCK OVN ITL PEP PZ 22.7 OZ (7218063052),6/8/2011,7,7.09
FRSC BRCK OVN ITL PEP PZ 22.7 OZ (7218063052),6/15/2011,10,7.09
FRSC BRCK OVN ITL PEP PZ 22.7 OZ (7218063052),6/22/2011,12,7.09
FRSC BRCK OVN ITL PEP PZ 22.7 OZ (7218063052),6/29/2011,11,7.39
FRSC BRCK OVN ITL PEP PZ 22.7 OZ (7218063052),7/6/2011,10,7.49
FRSC BRCK OVN ITL PEP PZ 22.7 OZ (7218063052),7/13/2011,2,7.49
FRSC BRCK OVN ITL PEP PZ 22.7 OZ (7218063052),7/20/2011,6,7.49
FRSC BRCK OVN ITL PEP PZ 22.7 OZ (7218063052),7/27/2011,44,4.99
FRSC BRCK OVN ITL PEP PZ 22.7 OZ (7218063052),8/3/2011,35,4.99
FRSC BRCK OVN ITL PEP PZ 22.7 OZ (7218063052),8/10/2011,8,7.18
FRSC BRCK OVN ITL PEP PZ 22.7 OZ (7218063052),8/17/2011,6,7.49
FRSC BRCK OVN ITL PEP PZ 22.7 OZ (7218063052),8/24/2011,5,7.49
FRSC BRCK OVN ITL PEP PZ 22.7 OZ (7218063052),8/31/2011,8,7.49
FRSC BRCK OVN ITL PEP PZ 22.7 OZ (7218063052),9/7/2011,2,7.49
FRSC BRCK OVN ITL PEP PZ 22.7 OZ (7218063052),9/14/2011,4,7.49
FRSC BRCK OVN ITL PEP PZ 22.7 OZ (7218063052),9/21/2011,8,7.49
FRSC BRCK OVN ITL PEP PZ 22.7 OZ (7218063052),9/28/2011,6,7.49
FRSC BRCK OVN ITL PEP PZ 22.7 OZ (7218063052),10/5/2011,31,5.07
FRSC BRCK OVN ITL PEP PZ 22.7 OZ (7218063052),10/12/2011,27,4.99
FRSC BRCK OVN ITL PEP PZ 22.7 OZ (7218063052),10/19/2011,3,7.49
FRSC BRCK OVN ITL PEP PZ 22.7 OZ (7218063052),10/26/2011,1,7.49
FRSC BRCK OVN ITL PEP PZ 22.7 OZ (7218063052),11/2/2011,4,7.49
FRSC BRCK OVN ITL PEP PZ 22.7 OZ (7218063052),11/9/2011,38,5.04
FRSC BRCK OVN ITL PEP PZ 22.7 OZ (7218063052),11/16/2011,53,5
FRSC BRCK OVN ITL PEP PZ 22.7 OZ (7218063052),11/23/2011,2,7.49
FRSC BRCK OVN ITL PEP PZ 22.7 OZ (7218063052),11/30/2011,7,7.49
FRSC BRCK OVN ITL PEP PZ 22.7 OZ (7218063052),12/7/2011,5,7.49
FRSC BRCK OVN ITL PEP PZ 22.7 OZ (7218063052),12/14/2011,5,7.49
FRSC BRCK OVN ITL PEP PZ 22.7 OZ (7218063052),12/21/2011,10,7.49
FRSC BRCK OVN ITL PEP PZ 22.7 OZ (7218063052),12/28/2011,8,7.05
FRSC BRCK OVN ITL PEP PZ 22.7 OZ (7218063052),1/4/2012,31,5.06
