sample_data_full.csv
ITEM,DATE,UNITS,PRICE
FRSC 4 CHEESE PIZZA 26.11 OZ (7218063983),1/14/2009,12,6.46
FRSC 4 CHEESE PIZZA 26.11 OZ (7218063983),1/21/2009,13,6.46
FRSC 4 CHEESE PIZZA 26.11 OZ (7218063983),1/28/2009,4,6.46
FRSC 4 CHEESE PIZZA 26.11 OZ (7218063983),2/4/2009,9,6.39
FRSC 4 CHEESE PIZZA 26.11 OZ (7218063983),2/11/2009,28,4.99
FRSC 4 CHEESE PIZZA 26.11 OZ (7218063983),2/18/2009,30,4.99
FRSC 4 CHEESE PIZZA 26.11 OZ (7218063983),2/25/2009,8,6.89
FRSC 4 CHEESE PIZZA 26.11 OZ (7218063983),3/4/2009,2,6.89
FRSC 4 CHEESE PIZZA 26.11 OZ (7218063983),3/11/2009,55,4.49
FRSC 4 CHEESE PIZZA 26.11 OZ (7218063983),3/18/2009,55,4.49
FRSC 4 CHEESE PIZZA 26.11 OZ (7218063983),3/25/2009,37,4.49
FRSC 4 CHEESE PIZZA 26.11 OZ (7218063983),4/1/2009,12,6.22
FRSC 4 CHEESE PIZZA 26.11 OZ (7218063983),4/8/2009,5,6.38
FRSC 4 CHEESE PIZZA 26.11 OZ (7218063983),4/15/2009,7,6.38
FRSC 4 CHEESE PIZZA 26.11 OZ (7218063983),4/22/2009,13,6.38
FRSC 4 CHEESE PIZZA 26.11 OZ (7218063983),4/29/2009,6,6.38
FRSC 4 CHEESE PIZZA 26.11 OZ (7218063983),5/6/2009,9,6.38
FRSC 4 CHEESE PIZZA 26.11 OZ (7218063983),5/13/2009,11,6.38
FRSC 4 CHEESE PIZZA 26.11 OZ (7218063983),5/20/2009,8,6.44
FRSC 4 CHEESE PIZZA 26.11 OZ (7218063983),5/27/2009,5,6.38
FRSC 4 CHEESE PIZZA 26.11 OZ (7218063983),6/3/2009,8,6.38
FRSC 4 CHEESE PIZZA 26.11 OZ (7218063983),6/10/2009,7,6.38
FRSC 4 CHEESE PIZZA 26.11 OZ (7218063983),6/17/2009,11,6.38
FRSC 4 CHEESE PIZZA 26.11 OZ (7218063983),6/24/2009,8,6.38
FRSC 4 CHEESE PIZZA 26.11 OZ (7218063983),7/1/2009,12,5.49
FRSC 4 CHEESE PIZZA 26.11 OZ (7218063983),7/8/2009,12,5.49
FRSC 4 CHEESE PIZZA 26.11 OZ (7218063983),7/15/2009,17,5.57
FRSC 4 CHEESE PIZZA 26.11 OZ (7218063983),7/22/2009,23,5.49
FRSC 4 CHEESE PIZZA 26.11 OZ (7218063983),7/29/2009,15,6.38
FRSC 4 CHEESE PIZZA 26.11 OZ (7218063983),8/5/2009,6,6.38
FRSC 4 CHEESE PIZZA 26.11 OZ (7218063983),8/12/2009,9,6.38
FRSC 4 CHEESE PIZZA 26.11 OZ (7218063983),8/19/2009,7,6.38
FRSC 4 CHEESE PIZZA 26.11 OZ (7218063983),8/26/2009,22,4.99
FRSC 4 CHEESE PIZZA 26.11 OZ (7218063983),9/2/2009,31,4.99
FRSC 4 CHEESE PIZZA 26.11 OZ (7218063983),9/9/2009,5,6.89
FRSC 4 CHEESE PIZZA 26.11 OZ (7218063983),9/16/2009,3,6.89
FRSC 4 CHEESE PIZZA 26.11 OZ (7218063983),9/23/2009,7,6.89
FRSC 4 CHEESE PIZZA 26.11 OZ (7218063983),9/30/2009,10,6.89
FRSC 4 CHEESE PIZZA 26.11 OZ (7218063983),10/7/2009,13,6.38
FRSC 4 CHEESE PIZZA 26.11 OZ (7218063983),10/14/2009,53,5.03
FRSC 4 CHEESE PIZZA 26.11 OZ (7218063983),10/21/2009,50,4.99
FRSC 4 CHEESE PIZZA 26.11 OZ (7218063983),10/28/2009,7,6.21
FRSC 4 CHEESE PIZZA 26.11 OZ (7218063983),11/4/2009,15,6.38
FRSC 4 CHEESE PIZZA 26.11 OZ (7218063983),11/11/2009,17,6.38
FRSC 4 CHEESE PIZZA 26.11 OZ (7218063983),11/18/2009,12,6.42
FRSC 4 CHEESE PIZZA 26.11 OZ (7218063983),11/25/2009,12,6.38
FRSC 4 CHEESE PIZZA 26.11 OZ (7218063983),12/2/2009,7,6.38
FRSC 4 CHEESE PIZZA 26.11 OZ (7218063983),12/9/2009,15,6.38
FRSC 4 CHEESE PIZZA 26.11 OZ (7218063983),12/16/2009,19,6.38
FRSC 4 CHEESE PIZZA 26.11 OZ (7218063983),12/23/2009,20,6.38
FRSC 4 CHEESE PIZZA 26.11 OZ (7218063983),12/30/2009,11,6.38
FRSC 4 CHEESE PIZZA 26.11 OZ (7218063983),1/6/2010,90,3.99
FRSC 4 CHEESE PIZZA 26.11 OZ (7218063983),1/13/2010,73,3.99
FRSC 4 CHEESE PIZZA 26.11 OZ (7218063983),1/20/2010,22,6.4
FRSC 4 CHEESE PIZZA 26.11 OZ (7218063983),1/27/2010,11,6.38
FRSC 4 CHEESE PIZZA 26.11 OZ (7218063983),2/3/2010,20,6.38
FRSC 4 CHEESE PIZZA 26.11 OZ (7218063983),2/10/2010,9,6.34
FRSC 4 CHEESE PIZZA 26.11 OZ (7218063983),2/17/2010,21,6.16
FRSC 4 CHEESE PIZZA 26.11 OZ (7218063983),2/24/2010,30,6.27
FRSC 4 CHEESE PIZZA 26.11 OZ (7218063983),3/3/2010,69,4.99
FRSC 4 CHEESE PIZZA 26.11 OZ (7218063983),3/10/2010,21,6.27
FRSC 4 CHEESE PIZZA 26.11 OZ (7218063983),3/17/2010,4,6.27
FRSC 4 CHEESE PIZZA 26.11 OZ (7218063983),3/24/2010,13,6.27
FRSC 4 CHEESE PIZZA 26.11 OZ (7218063983),3/31/2010,19,6.27
FRSC 4 CHEESE PIZZA 26.11 OZ (7218063983),4/7/2010,23,5.07
FRSC 4 CHEESE PIZZA 26.11 OZ (7218063983),4/14/2010,11,6.27
FRSC 4 CHEESE PIZZA 26.11 OZ (7218063983),4/21/2010,19,6.27
FRSC 4 CHEESE PIZZA 26.11 OZ (7218063983),4/28/2010,15,6.27
FRSC 4 CHEESE PIZZA 26.11 OZ (7218063983),5/5/2010,56,4.99
FRSC 4 CHEESE PIZZA 26.11 OZ (7218063983),5/12/2010,36,4.99
FRSC 4 CHEESE PIZZA 26.11 OZ (7218063983),5/19/2010,18,6.29
FRSC 4 CHEESE PIZZA 26.11 OZ (7218063983),5/26/2010,17,6.29
FRSC 4 CHEESE PIZZA 26.11 OZ (7218063983),6/2/2010,21,6.24
FRSC 4 CHEESE PIZZA 26.11 OZ (7218063983),6/9/2010,16,6.29
FRSC 4 CHEESE PIZZA 26.11 OZ (7218063983),6/16/2010,11,6.29
FRSC 4 CHEESE PIZZA 26.11 OZ (7218063983),6/23/2010,13,6.29
FRSC 4 CHEESE PIZZA 26.11 OZ (7218063983),6/30/2010,25,5.83
FRSC 4 CHEESE PIZZA 26.11 OZ (7218063983),7/7/2010,18,5.79
FRSC 4 CHEESE PIZZA 26.11 OZ (7218063983),7/14/2010,31,5.79
FRSC 4 CHEESE PIZZA 26.11 OZ (7218063983),7/21/2010,17,5.79
FRSC 4 CHEESE PIZZA 26.11 OZ (7218063983),7/28/2010,13,6.89
FRSC 4 CHEESE PIZZA 26.11 OZ (7218063983),8/4/2010,13,6.89
FRSC 4 CHEESE PIZZA 26.11 OZ (7218063983),8/11/2010,8,6.89
FRSC 4 CHEESE PIZZA 26.11 OZ (7218063983),8/18/2010,11,6.89
FRSC 4 CHEESE PIZZA 26.11 OZ (7218063983),8/25/2010,9,6.89
FRSC 4 CHEESE PIZZA 26.11 OZ (7218063983),9/1/2010,5,6.89
FRSC 4 CHEESE PIZZA 26.11 OZ (7218063983),9/8/2010,7,6.89
FRSC 4 CHEESE PIZZA 26.11 OZ (7218063983),9/15/2010,10,6.89
FRSC 4 CHEESE PIZZA 26.11 OZ (7218063983),9/22/2010,9,6.89
FRSC 4 CHEESE PIZZA 26.11 OZ (7218063983),9/29/2010,35,4.46
FRSC 4 CHEESE PIZZA 26.11 OZ (7218063983),10/6/2010,37,4.49
FRSC 4 CHEESE PIZZA 26.11 OZ (7218063983),10/13/2010,11,6.71
FRSC 4 CHEESE PIZZA 26.11 OZ (7218063983),10/20/2010,11,6.89
FRSC 4 CHEESE PIZZA 26.11 OZ (7218063983),10/27/2010,66,4.48
FRSC 4 CHEESE PIZZA 26.11 OZ (7218063983),11/3/2010,71,4.48
FRSC 4 CHEESE PIZZA 26.11 OZ (7218063983),11/10/2010,15,6.89
FRSC 4 CHEESE PIZZA 26.11 OZ (7218063983),11/17/2010,12,6.89
FRSC 4 CHEESE PIZZA 26.11 OZ (7218063983),11/24/2010,13,6.89
FRSC 4 CHEESE PIZZA 26.11 OZ (7218063983),12/1/2010,10,6.89
FRSC 4 CHEESE PIZZA 26.11 OZ (7218063983),12/8/2010,71,4.49
FRSC 4 CHEESE PIZZA 26.11 OZ (7218063983),12/15/2010,57,4.49
FRSC 4 CHEESE PIZZA 26.11 OZ (7218063983),12/22/2010,19,6.55
FRSC 4 CHEESE PIZZA 26.11 OZ (7218063983),12/29/2010,14,6.89
FRSC 4 CHEESE PIZZA 26.11 OZ (7218063983),1/5/2011,20,6.89
FRSC 4 CHEESE PIZZA 26.11 OZ (7218063983),1/12/2011,14,6.89
FRSC 4 CHEESE PIZZA 26.11 OZ (7218063983),1/19/2011,73,4.69
FRSC 4 CHEESE PIZZA 26.11 OZ (7218063983),1/26/2011,28,4.69
FRSC 4 CHEESE PIZZA 26.11 OZ (7218063983),2/2/2011,10,6.23
FRSC 4 CHEESE PIZZA 26.11 OZ (7218063983),2/9/2011,7,6.89
FRSC 4 CHEESE PIZZA 26.11 OZ (7218063983),2/16/2011,13,6.89
FRSC 4 CHEESE PIZZA 26.11 OZ (7218063983),2/23/2011,15,6.89
FRSC 4 CHEESE PIZZA 26.11 OZ (7218063983),3/2/2011,17,6.89
FRSC 4 CHEESE PIZZA 26.11 OZ (7218063983),3/9/2011,11,6.89
FRSC 4 CHEESE PIZZA 26.11 OZ (7218063983),3/16/2011,16,7.09
FRSC 4 CHEESE PIZZA 26.11 OZ (7218063983),3/23/2011,10,7.09
FRSC 4 CHEESE PIZZA 26.11 OZ (7218063983),3/30/2011,10,7.09
FRSC 4 CHEESE PIZZA 26.11 OZ (7218063983),4/6/2011,9,7.09
FRSC 4 CHEESE PIZZA 26.11 OZ (7218063983),4/13/2011,12,7.09
FRSC 4 CHEESE PIZZA 26.11 OZ (7218063983),4/20/2011,13,7.09
FRSC 4 CHEESE PIZZA 26.11 OZ (7218063983),4/27/2011,10,7.09
FRSC 4 CHEESE PIZZA 26.11 OZ (7218063983),5/4/2011,10,7.09
FRSC 4 CHEESE PIZZA 26.11 OZ (7218063983),5/11/2011,60,4.74
FRSC 4 CHEESE PIZZA 26.11 OZ (7218063983),5/18/2011,64,4.79
FRSC 4 CHEESE PIZZA 26.11 OZ (7218063983),5/25/2011,4,7.09
FRSC 4 CHEESE PIZZA 26.11 OZ (7218063983),6/1/2011,9,7.09
FRSC 4 CHEESE PIZZA 26.11 OZ (7218063983),6/8/2011,4,7.09
FRSC 4 CHEESE PIZZA 26.11 OZ (7218063983),6/15/2011,8,7.09
FRSC 4 CHEESE PIZZA 26.11 OZ (7218063983),6/22/2011,8,7.09
FRSC 4 CHEESE PIZZA 26.11 OZ (7218063983),6/29/2011,6,7.39
FRSC 4 CHEESE PIZZA 26.11 OZ (7218063983),7/6/2011,5,7.49
FRSC 4 CHEESE PIZZA 26.11 OZ (7218063983),7/13/2011,7,7.49
FRSC 4 CHEESE PIZZA 26.11 OZ (7218063983),7/20/2011,7,7.49
FRSC 4 CHEESE PIZZA 26.11 OZ (7218063983),7/27/2011,48,5.04
FRSC 4 CHEESE PIZZA 26.11 OZ (7218063983),8/3/2011,35,4.99
FRSC 4 CHEESE PIZZA 26.11 OZ (7218063983),8/10/2011,8,7.49
FRSC 4 CHEESE PIZZA 26.11 OZ (7218063983),8/17/2011,4,7.49
FRSC 4 CHEESE PIZZA 26.11 OZ (7218063983),8/24/2011,6,7.49
FRSC 4 CHEESE PIZZA 26.11 OZ (7218063983),8/31/2011,7,7.49
FRSC 4 CHEESE PIZZA 26.11 OZ (7218063983),9/7/2011,3,7.49
FRSC 4 CHEESE PIZZA 26.11 OZ (7218063983),9/14/2011,5,7.49
FRSC 4 CHEESE PIZZA 26.11 OZ (7218063983),9/21/2011,9,7.49
FRSC 4 CHEESE PIZZA 26.11 OZ (7218063983),9/28/2011,7,7.49
FRSC 4 CHEESE PIZZA 26.11 OZ (7218063983),10/5/2011,33,4.99
FRSC 4 CHEESE PIZZA 26.11 OZ (7218063983),10/12/2011,34,4.99
FRSC 4 CHEESE PIZZA 26.11 OZ (7218063983),10/19/2011,2,7.49
FRSC 4 CHEESE PIZZA 26.11 OZ (7218063983),10/26/2011,7,7.49
FRSC 4 CHEESE PIZZA 26.11 OZ (7218063983),11/2/2011,8,7.49
FRSC 4 CHEESE PIZZA 26.11 OZ (7218063983),11/9/2011,37,5.11
FRSC 4 CHEESE PIZZA 26.11 OZ (7218063983),11/16/2011,39,5.05
FRSC 4 CHEESE PIZZA 26.11 OZ (7218063983),11/23/2011,11,7.49
FRSC 4 CHEESE PIZZA 26.11 OZ (7218063983),11/30/2011,6,7.49
FRSC 4 CHEESE PIZZA 26.11 OZ (7218063983),12/7/2011,3,7.49
FRSC 4 CHEESE PIZZA 26.11 OZ (7218063983),12/14/2011,6,7.49
FRSC 4 CHEESE PIZZA 26.11 OZ (7218063983),12/21/2011,6,7.49
